===== Stage A helical minibinder pipeline: Tue Sep 29 01:49:40 AM UTC 2026 =====
GPU: NVIDIA A100-SXM4-40GB
Designs: 200 | length windows: 60-85,40-55
Helical conditioning: is_non_loopy=1 step_scale=3.0 gamma_0=0.2

=== Step 1: RFdiffusion3 Stage A ===
Environment variable CCD_MIRROR_PATH not set. Will not be able to use function requiring this variable. To set it you may:
  (1) add the line 'export VAR_NAME=path/to/variable' to your .bashrc or .zshrc file
  (2) set it in your current shell with 'export VAR_NAME=path/to/variable'
  (3) write it to a .env file in the root of the atomworks.io repository
Environment variable PDB_MIRROR_PATH not set. Will not be able to use function requiring this variable. To set it you may:
  (1) add the line 'export VAR_NAME=path/to/variable' to your .bashrc or .zshrc file
  (2) set it in your current shell with 'export VAR_NAME=path/to/variable'
  (3) write it to a .env file in the root of the atomworks.io repository
01:49:47 DEBUG transforms: Debug mode is on
/workspace/run_rfd3_stage_a.py:21: ResourceWarning: unclosed file <_io.TextIOWrapper name='/workspace/inputs/stage_a_hidden_minibinder_config.json' mode='r' encoding='utf-8'>
  cfg = json.load(open(CONFIG))
01:49:49 WARNING atomworks.io: We can't fix formal charges without building from templates, as we need to know the true number of hydrogens bonded to a given atom, not the inferred number. This may lead to occasional inaccuracies after adding inter-residue bonds. To avoid this and fix formal charges, set `add_missing_atoms = True`.
Stage A RFd3: 200 designs across 2 length window(s)
  input:    /workspace/inputs/fab_hidden_minibinder_stage_a.pdb
  target:   full Fab A-D + T, all chains fixed; minibinder on its own chain
  hotspots: C26,C27,C29,C30,C46,C47,C48,C49,C50,C51,C52,C53,C60,B35,B37,B39,B43,B44,B45,B46,B47,B95,B9...
  ori_token: [-2.482, 8.903, 12.448]
  is_non_loopy: True
  sampler overrides applied: none (using RFd3 defaults)

  === length window 60-85 (10 x 10) ===
  contig: 60-85,/0,A1-113,/0,B1-107,/0,C1-107,/0,D1-107
  Batch 1/10 ...
Using bfloat16 Automatic Mixed Precision (AMP)
01:49:58 WARNING atomworks.io: The `extra_fields` argument will be ignored if there is no CIF file input.
01:49:58 WARNING atomworks.ml: Cached data not found for ALA at /net/tukwila/ncorley/datahub/MACE-OFF23_medium/A/ALA/ALA.pt
01:49:58 WARNING atomworks.ml: Cached data not found for ARG at /net/tukwila/ncorley/datahub/MACE-OFF23_medium/A/ARG/ARG.pt
01:49:58 WARNING atomworks.ml: Cached data not found for ASN at /net/tukwila/ncorley/datahub/MACE-OFF23_medium/A/ASN/ASN.pt
01:49:58 WARNING atomworks.ml: Cached data not found for ASP at /net/tukwila/ncorley/datahub/MACE-OFF23_medium/A/ASP/ASP.pt
01:49:58 WARNING atomworks.ml: Cached data not found for CYS at /net/tukwila/ncorley/datahub/MACE-OFF23_medium/C/CYS/CYS.pt
01:49:58 WARNING atomworks.ml: Cached data not found for GLN at /net/tukwila/ncorley/datahub/MACE-OFF23_medium/G/GLN/GLN.pt
01:49:58 WARNING atomworks.ml: Cached data not found for GLU at /net/tukwila/ncorley/datahub/MACE-OFF23_medium/G/GLU/GLU.pt
01:49:58 WARNING atomworks.ml: Cached data not found for GLY at /net/tukwila/ncorley/datahub/MACE-OFF23_medium/G/GLY/GLY.pt
01:49:58 WARNING atomworks.ml: Cached data not found for HIS at /net/tukwila/ncorley/datahub/MACE-OFF23_medium/H/HIS/HIS.pt
01:49:58 WARNING atomworks.ml: Cached data not found for ILE at /net/tukwila/ncorley/datahub/MACE-OFF23_medium/I/ILE/ILE.pt
01:49:58 WARNING atomworks.ml: Cached data not found for LEU at /net/tukwila/ncorley/datahub/MACE-OFF23_medium/L/LEU/LEU.pt
01:49:58 WARNING atomworks.ml: Cached data not found for LYS at /net/tukwila/ncorley/datahub/MACE-OFF23_medium/L/LYS/LYS.pt
01:49:58 WARNING atomworks.ml: Cached data not found for MET at /net/tukwila/ncorley/datahub/MACE-OFF23_medium/M/MET/MET.pt
01:49:58 WARNING atomworks.ml: Cached data not found for PHE at /net/tukwila/ncorley/datahub/MACE-OFF23_medium/P/PHE/PHE.pt
01:49:58 WARNING atomworks.ml: Cached data not found for PRO at /net/tukwila/ncorley/datahub/MACE-OFF23_medium/P/PRO/PRO.pt
01:49:58 WARNING atomworks.ml: Cached data not found for SER at /net/tukwila/ncorley/datahub/MACE-OFF23_medium/S/SER/SER.pt
01:49:58 WARNING atomworks.ml: Cached data not found for THR at /net/tukwila/ncorley/datahub/MACE-OFF23_medium/T/THR/THR.pt
01:49:58 WARNING atomworks.ml: Cached data not found for TRP at /net/tukwila/ncorley/datahub/MACE-OFF23_medium/T/TRP/TRP.pt
01:49:58 WARNING atomworks.ml: Cached data not found for TYR at /net/tukwila/ncorley/datahub/MACE-OFF23_medium/T/TYR/TYR.pt
01:49:58 WARNING atomworks.ml: Cached data not found for VAL at /net/tukwila/ncorley/datahub/MACE-OFF23_medium/V/VAL/VAL.pt
01:51:31 INFO rfd3.engine: [rank: 0] Finished inference batch in 92.25 seconds.
  Batch 2/10 ...
01:51:32 WARNING atomworks.io: The `extra_fields` argument will be ignored if there is no CIF file input.
01:51:32 WARNING atomworks.ml: Cached data not found for ALA at /net/tukwila/ncorley/datahub/MACE-OFF23_medium/A/ALA/ALA.pt
01:51:32 WARNING atomworks.ml: Cached data not found for ARG at /net/tukwila/ncorley/datahub/MACE-OFF23_medium/A/ARG/ARG.pt
01:51:32 WARNING atomworks.ml: Cached data not found for ASN at /net/tukwila/ncorley/datahub/MACE-OFF23_medium/A/ASN/ASN.pt
01:51:32 WARNING atomworks.ml: Cached data not found for ASP at /net/tukwila/ncorley/datahub/MACE-OFF23_medium/A/ASP/ASP.pt
01:51:32 WARNING atomworks.ml: Cached data not found for CYS at /net/tukwila/ncorley/datahub/MACE-OFF23_medium/C/CYS/CYS.pt
01:51:32 WARNING atomworks.ml: Cached data not found for GLN at /net/tukwila/ncorley/datahub/MACE-OFF23_medium/G/GLN/GLN.pt
01:51:32 WARNING atomworks.ml: Cached data not found for GLU at /net/tukwila/ncorley/datahub/MACE-OFF23_medium/G/GLU/GLU.pt
01:51:32 WARNING atomworks.ml: Cached data not found for GLY at /net/tukwila/ncorley/datahub/MACE-OFF23_medium/G/GLY/GLY.pt
01:51:32 WARNING atomworks.ml: Cached data not found for HIS at /net/tukwila/ncorley/datahub/MACE-OFF23_medium/H/HIS/HIS.pt
01:51:32 WARNING atomworks.ml: Cached data not found for ILE at /net/tukwila/ncorley/datahub/MACE-OFF23_medium/I/ILE/ILE.pt
01:51:32 WARNING atomworks.ml: Cached data not found for LEU at /net/tukwila/ncorley/datahub/MACE-OFF23_medium/L/LEU/LEU.pt
01:51:32 WARNING atomworks.ml: Cached data not found for LYS at /net/tukwila/ncorley/datahub/MACE-OFF23_medium/L/LYS/LYS.pt
01:51:32 WARNING atomworks.ml: Cached data not found for MET at /net/tukwila/ncorley/datahub/MACE-OFF23_medium/M/MET/MET.pt
01:51:32 WARNING atomworks.ml: Cached data not found for PHE at /net/tukwila/ncorley/datahub/MACE-OFF23_medium/P/PHE/PHE.pt
01:51:32 WARNING atomworks.ml: Cached data not found for PRO at /net/tukwila/ncorley/datahub/MACE-OFF23_medium/P/PRO/PRO.pt
01:51:32 WARNING atomworks.ml: Cached data not found for SER at /net/tukwila/ncorley/datahub/MACE-OFF23_medium/S/SER/SER.pt
01:51:32 WARNING atomworks.ml: Cached data not found for THR at /net/tukwila/ncorley/datahub/MACE-OFF23_medium/T/THR/THR.pt
01:51:32 WARNING atomworks.ml: Cached data not found for TRP at /net/tukwila/ncorley/datahub/MACE-OFF23_medium/T/TRP/TRP.pt
01:51:32 WARNING atomworks.ml: Cached data not found for TYR at /net/tukwila/ncorley/datahub/MACE-OFF23_medium/T/TYR/TYR.pt
01:51:32 WARNING atomworks.ml: Cached data not found for VAL at /net/tukwila/ncorley/datahub/MACE-OFF23_medium/V/VAL/VAL.pt
01:53:04 INFO rfd3.engine: [rank: 0] Finished inference batch in 91.43 seconds.
  Batch 3/10 ...
01:53:05 WARNING atomworks.io: The `extra_fields` argument will be ignored if there is no CIF file input.
01:53:05 WARNING atomworks.ml: Cached data not found for ALA at /net/tukwila/ncorley/datahub/MACE-OFF23_medium/A/ALA/ALA.pt
01:53:05 WARNING atomworks.ml: Cached data not found for ARG at /net/tukwila/ncorley/datahub/MACE-OFF23_medium/A/ARG/ARG.pt
01:53:05 WARNING atomworks.ml: Cached data not found for ASN at /net/tukwila/ncorley/datahub/MACE-OFF23_medium/A/ASN/ASN.pt
01:53:05 WARNING atomworks.ml: Cached data not found for ASP at /net/tukwila/ncorley/datahub/MACE-OFF23_medium/A/ASP/ASP.pt
01:53:05 WARNING atomworks.ml: Cached data not found for CYS at /net/tukwila/ncorley/datahub/MACE-OFF23_medium/C/CYS/CYS.pt
01:53:05 WARNING atomworks.ml: Cached data not found for GLN at /net/tukwila/ncorley/datahub/MACE-OFF23_medium/G/GLN/GLN.pt
01:53:05 WARNING atomworks.ml: Cached data not found for GLU at /net/tukwila/ncorley/datahub/MACE-OFF23_medium/G/GLU/GLU.pt
01:53:05 WARNING atomworks.ml: Cached data not found for GLY at /net/tukwila/ncorley/datahub/MACE-OFF23_medium/G/GLY/GLY.pt
01:53:05 WARNING atomworks.ml: Cached data not found for HIS at /net/tukwila/ncorley/datahub/MACE-OFF23_medium/H/HIS/HIS.pt
01:53:05 WARNING atomworks.ml: Cached data not found for ILE at /net/tukwila/ncorley/datahub/MACE-OFF23_medium/I/ILE/ILE.pt
01:53:05 WARNING atomworks.ml: Cached data not found for LEU at /net/tukwila/ncorley/datahub/MACE-OFF23_medium/L/LEU/LEU.pt
01:53:05 WARNING atomworks.ml: Cached data not found for LYS at /net/tukwila/ncorley/datahub/MACE-OFF23_medium/L/LYS/LYS.pt
01:53:05 WARNING atomworks.ml: Cached data not found for MET at /net/tukwila/ncorley/datahub/MACE-OFF23_medium/M/MET/MET.pt
01:53:05 WARNING atomworks.ml: Cached data not found for PHE at /net/tukwila/ncorley/datahub/MACE-OFF23_medium/P/PHE/PHE.pt
01:53:05 WARNING atomworks.ml: Cached data not found for PRO at /net/tukwila/ncorley/datahub/MACE-OFF23_medium/P/PRO/PRO.pt
01:53:05 WARNING atomworks.ml: Cached data not found for SER at /net/tukwila/ncorley/datahub/MACE-OFF23_medium/S/SER/SER.pt
01:53:05 WARNING atomworks.ml: Cached data not found for THR at /net/tukwila/ncorley/datahub/MACE-OFF23_medium/T/THR/THR.pt
01:53:05 WARNING atomworks.ml: Cached data not found for TRP at /net/tukwila/ncorley/datahub/MACE-OFF23_medium/T/TRP/TRP.pt
01:53:05 WARNING atomworks.ml: Cached data not found for TYR at /net/tukwila/ncorley/datahub/MACE-OFF23_medium/T/TYR/TYR.pt
01:53:05 WARNING atomworks.ml: Cached data not found for VAL at /net/tukwila/ncorley/datahub/MACE-OFF23_medium/V/VAL/VAL.pt
01:54:38 INFO rfd3.engine: [rank: 0] Finished inference batch in 93.07 seconds.
  Batch 4/10 ...
01:54:40 WARNING atomworks.io: The `extra_fields` argument will be ignored if there is no CIF file input.
01:54:40 WARNING atomworks.ml: Cached data not found for ALA at /net/tukwila/ncorley/datahub/MACE-OFF23_medium/A/ALA/ALA.pt
01:54:40 WARNING atomworks.ml: Cached data not found for ARG at /net/tukwila/ncorley/datahub/MACE-OFF23_medium/A/ARG/ARG.pt
01:54:40 WARNING atomworks.ml: Cached data not found for ASN at /net/tukwila/ncorley/datahub/MACE-OFF23_medium/A/ASN/ASN.pt
01:54:40 WARNING atomworks.ml: Cached data not found for ASP at /net/tukwila/ncorley/datahub/MACE-OFF23_medium/A/ASP/ASP.pt
01:54:40 WARNING atomworks.ml: Cached data not found for CYS at /net/tukwila/ncorley/datahub/MACE-OFF23_medium/C/CYS/CYS.pt
01:54:40 WARNING atomworks.ml: Cached data not found for GLN at /net/tukwila/ncorley/datahub/MACE-OFF23_medium/G/GLN/GLN.pt
01:54:40 WARNING atomworks.ml: Cached data not found for GLU at /net/tukwila/ncorley/datahub/MACE-OFF23_medium/G/GLU/GLU.pt
01:54:40 WARNING atomworks.ml: Cached data not found for GLY at /net/tukwila/ncorley/datahub/MACE-OFF23_medium/G/GLY/GLY.pt
01:54:40 WARNING atomworks.ml: Cached data not found for HIS at /net/tukwila/ncorley/datahub/MACE-OFF23_medium/H/HIS/HIS.pt
01:54:40 WARNING atomworks.ml: Cached data not found for ILE at /net/tukwila/ncorley/datahub/MACE-OFF23_medium/I/ILE/ILE.pt
01:54:40 WARNING atomworks.ml: Cached data not found for LEU at /net/tukwila/ncorley/datahub/MACE-OFF23_medium/L/LEU/LEU.pt
01:54:40 WARNING atomworks.ml: Cached data not found for LYS at /net/tukwila/ncorley/datahub/MACE-OFF23_medium/L/LYS/LYS.pt
01:54:40 WARNING atomworks.ml: Cached data not found for MET at /net/tukwila/ncorley/datahub/MACE-OFF23_medium/M/MET/MET.pt
01:54:40 WARNING atomworks.ml: Cached data not found for PHE at /net/tukwila/ncorley/datahub/MACE-OFF23_medium/P/PHE/PHE.pt
01:54:40 WARNING atomworks.ml: Cached data not found for PRO at /net/tukwila/ncorley/datahub/MACE-OFF23_medium/P/PRO/PRO.pt
01:54:40 WARNING atomworks.ml: Cached data not found for SER at /net/tukwila/ncorley/datahub/MACE-OFF23_medium/S/SER/SER.pt
01:54:40 WARNING atomworks.ml: Cached data not found for THR at /net/tukwila/ncorley/datahub/MACE-OFF23_medium/T/THR/THR.pt
01:54:40 WARNING atomworks.ml: Cached data not found for TRP at /net/tukwila/ncorley/datahub/MACE-OFF23_medium/T/TRP/TRP.pt
01:54:40 WARNING atomworks.ml: Cached data not found for TYR at /net/tukwila/ncorley/datahub/MACE-OFF23_medium/T/TYR/TYR.pt
01:54:40 WARNING atomworks.ml: Cached data not found for VAL at /net/tukwila/ncorley/datahub/MACE-OFF23_medium/V/VAL/VAL.pt
01:56:16 INFO rfd3.engine: [rank: 0] Finished inference batch in 95.84 seconds.
  Batch 5/10 ...
01:56:17 WARNING atomworks.io: The `extra_fields` argument will be ignored if there is no CIF file input.
01:56:17 WARNING atomworks.ml: Cached data not found for ALA at /net/tukwila/ncorley/datahub/MACE-OFF23_medium/A/ALA/ALA.pt
01:56:17 WARNING atomworks.ml: Cached data not found for ARG at /net/tukwila/ncorley/datahub/MACE-OFF23_medium/A/ARG/ARG.pt
01:56:17 WARNING atomworks.ml: Cached data not found for ASN at /net/tukwila/ncorley/datahub/MACE-OFF23_medium/A/ASN/ASN.pt
01:56:17 WARNING atomworks.ml: Cached data not found for ASP at /net/tukwila/ncorley/datahub/MACE-OFF23_medium/A/ASP/ASP.pt
01:56:17 WARNING atomworks.ml: Cached data not found for CYS at /net/tukwila/ncorley/datahub/MACE-OFF23_medium/C/CYS/CYS.pt
01:56:17 WARNING atomworks.ml: Cached data not found for GLN at /net/tukwila/ncorley/datahub/MACE-OFF23_medium/G/GLN/GLN.pt
01:56:17 WARNING atomworks.ml: Cached data not found for GLU at /net/tukwila/ncorley/datahub/MACE-OFF23_medium/G/GLU/GLU.pt
01:56:17 WARNING atomworks.ml: Cached data not found for GLY at /net/tukwila/ncorley/datahub/MACE-OFF23_medium/G/GLY/GLY.pt
01:56:17 WARNING atomworks.ml: Cached data not found for HIS at /net/tukwila/ncorley/datahub/MACE-OFF23_medium/H/HIS/HIS.pt
01:56:17 WARNING atomworks.ml: Cached data not found for ILE at /net/tukwila/ncorley/datahub/MACE-OFF23_medium/I/ILE/ILE.pt
01:56:17 WARNING atomworks.ml: Cached data not found for LEU at /net/tukwila/ncorley/datahub/MACE-OFF23_medium/L/LEU/LEU.pt
01:56:17 WARNING atomworks.ml: Cached data not found for LYS at /net/tukwila/ncorley/datahub/MACE-OFF23_medium/L/LYS/LYS.pt
01:56:17 WARNING atomworks.ml: Cached data not found for MET at /net/tukwila/ncorley/datahub/MACE-OFF23_medium/M/MET/MET.pt
01:56:17 WARNING atomworks.ml: Cached data not found for PHE at /net/tukwila/ncorley/datahub/MACE-OFF23_medium/P/PHE/PHE.pt
01:56:17 WARNING atomworks.ml: Cached data not found for PRO at /net/tukwila/ncorley/datahub/MACE-OFF23_medium/P/PRO/PRO.pt
01:56:17 WARNING atomworks.ml: Cached data not found for SER at /net/tukwila/ncorley/datahub/MACE-OFF23_medium/S/SER/SER.pt
01:56:17 WARNING atomworks.ml: Cached data not found for THR at /net/tukwila/ncorley/datahub/MACE-OFF23_medium/T/THR/THR.pt
01:56:17 WARNING atomworks.ml: Cached data not found for TRP at /net/tukwila/ncorley/datahub/MACE-OFF23_medium/T/TRP/TRP.pt
01:56:17 WARNING atomworks.ml: Cached data not found for TYR at /net/tukwila/ncorley/datahub/MACE-OFF23_medium/T/TYR/TYR.pt
01:56:17 WARNING atomworks.ml: Cached data not found for VAL at /net/tukwila/ncorley/datahub/MACE-OFF23_medium/V/VAL/VAL.pt
01:57:50 INFO rfd3.engine: [rank: 0] Finished inference batch in 93.15 seconds.
  Batch 6/10 ...
01:57:52 WARNING atomworks.io: The `extra_fields` argument will be ignored if there is no CIF file input.
01:57:52 WARNING atomworks.ml: Cached data not found for ALA at /net/tukwila/ncorley/datahub/MACE-OFF23_medium/A/ALA/ALA.pt
01:57:52 WARNING atomworks.ml: Cached data not found for ARG at /net/tukwila/ncorley/datahub/MACE-OFF23_medium/A/ARG/ARG.pt
01:57:52 WARNING atomworks.ml: Cached data not found for ASN at /net/tukwila/ncorley/datahub/MACE-OFF23_medium/A/ASN/ASN.pt
01:57:52 WARNING atomworks.ml: Cached data not found for ASP at /net/tukwila/ncorley/datahub/MACE-OFF23_medium/A/ASP/ASP.pt
01:57:52 WARNING atomworks.ml: Cached data not found for CYS at /net/tukwila/ncorley/datahub/MACE-OFF23_medium/C/CYS/CYS.pt
01:57:52 WARNING atomworks.ml: Cached data not found for GLN at /net/tukwila/ncorley/datahub/MACE-OFF23_medium/G/GLN/GLN.pt
01:57:52 WARNING atomworks.ml: Cached data not found for GLU at /net/tukwila/ncorley/datahub/MACE-OFF23_medium/G/GLU/GLU.pt
01:57:52 WARNING atomworks.ml: Cached data not found for GLY at /net/tukwila/ncorley/datahub/MACE-OFF23_medium/G/GLY/GLY.pt
01:57:52 WARNING atomworks.ml: Cached data not found for HIS at /net/tukwila/ncorley/datahub/MACE-OFF23_medium/H/HIS/HIS.pt
01:57:52 WARNING atomworks.ml: Cached data not found for ILE at /net/tukwila/ncorley/datahub/MACE-OFF23_medium/I/ILE/ILE.pt
01:57:52 WARNING atomworks.ml: Cached data not found for LEU at /net/tukwila/ncorley/datahub/MACE-OFF23_medium/L/LEU/LEU.pt
01:57:52 WARNING atomworks.ml: Cached data not found for LYS at /net/tukwila/ncorley/datahub/MACE-OFF23_medium/L/LYS/LYS.pt
01:57:52 WARNING atomworks.ml: Cached data not found for MET at /net/tukwila/ncorley/datahub/MACE-OFF23_medium/M/MET/MET.pt
01:57:52 WARNING atomworks.ml: Cached data not found for PHE at /net/tukwila/ncorley/datahub/MACE-OFF23_medium/P/PHE/PHE.pt
01:57:52 WARNING atomworks.ml: Cached data not found for PRO at /net/tukwila/ncorley/datahub/MACE-OFF23_medium/P/PRO/PRO.pt
01:57:52 WARNING atomworks.ml: Cached data not found for SER at /net/tukwila/ncorley/datahub/MACE-OFF23_medium/S/SER/SER.pt
01:57:52 WARNING atomworks.ml: Cached data not found for THR at /net/tukwila/ncorley/datahub/MACE-OFF23_medium/T/THR/THR.pt
01:57:52 WARNING atomworks.ml: Cached data not found for TRP at /net/tukwila/ncorley/datahub/MACE-OFF23_medium/T/TRP/TRP.pt
01:57:52 WARNING atomworks.ml: Cached data not found for TYR at /net/tukwila/ncorley/datahub/MACE-OFF23_medium/T/TYR/TYR.pt
01:57:52 WARNING atomworks.ml: Cached data not found for VAL at /net/tukwila/ncorley/datahub/MACE-OFF23_medium/V/VAL/VAL.pt
01:59:23 INFO rfd3.engine: [rank: 0] Finished inference batch in 91.05 seconds.
  Batch 7/10 ...
01:59:24 WARNING atomworks.io: The `extra_fields` argument will be ignored if there is no CIF file input.
01:59:24 WARNING atomworks.ml: Cached data not found for ALA at /net/tukwila/ncorley/datahub/MACE-OFF23_medium/A/ALA/ALA.pt
01:59:24 WARNING atomworks.ml: Cached data not found for ARG at /net/tukwila/ncorley/datahub/MACE-OFF23_medium/A/ARG/ARG.pt
01:59:24 WARNING atomworks.ml: Cached data not found for ASN at /net/tukwila/ncorley/datahub/MACE-OFF23_medium/A/ASN/ASN.pt
01:59:24 WARNING atomworks.ml: Cached data not found for ASP at /net/tukwila/ncorley/datahub/MACE-OFF23_medium/A/ASP/ASP.pt
01:59:24 WARNING atomworks.ml: Cached data not found for CYS at /net/tukwila/ncorley/datahub/MACE-OFF23_medium/C/CYS/CYS.pt
01:59:24 WARNING atomworks.ml: Cached data not found for GLN at /net/tukwila/ncorley/datahub/MACE-OFF23_medium/G/GLN/GLN.pt
01:59:24 WARNING atomworks.ml: Cached data not found for GLU at /net/tukwila/ncorley/datahub/MACE-OFF23_medium/G/GLU/GLU.pt
01:59:24 WARNING atomworks.ml: Cached data not found for GLY at /net/tukwila/ncorley/datahub/MACE-OFF23_medium/G/GLY/GLY.pt
01:59:24 WARNING atomworks.ml: Cached data not found for HIS at /net/tukwila/ncorley/datahub/MACE-OFF23_medium/H/HIS/HIS.pt
01:59:24 WARNING atomworks.ml: Cached data not found for ILE at /net/tukwila/ncorley/datahub/MACE-OFF23_medium/I/ILE/ILE.pt
01:59:24 WARNING atomworks.ml: Cached data not found for LEU at /net/tukwila/ncorley/datahub/MACE-OFF23_medium/L/LEU/LEU.pt
01:59:24 WARNING atomworks.ml: Cached data not found for LYS at /net/tukwila/ncorley/datahub/MACE-OFF23_medium/L/LYS/LYS.pt
01:59:24 WARNING atomworks.ml: Cached data not found for MET at /net/tukwila/ncorley/datahub/MACE-OFF23_medium/M/MET/MET.pt
01:59:24 WARNING atomworks.ml: Cached data not found for PHE at /net/tukwila/ncorley/datahub/MACE-OFF23_medium/P/PHE/PHE.pt
01:59:24 WARNING atomworks.ml: Cached data not found for PRO at /net/tukwila/ncorley/datahub/MACE-OFF23_medium/P/PRO/PRO.pt
01:59:24 WARNING atomworks.ml: Cached data not found for SER at /net/tukwila/ncorley/datahub/MACE-OFF23_medium/S/SER/SER.pt
01:59:24 WARNING atomworks.ml: Cached data not found for THR at /net/tukwila/ncorley/datahub/MACE-OFF23_medium/T/THR/THR.pt
01:59:24 WARNING atomworks.ml: Cached data not found for TRP at /net/tukwila/ncorley/datahub/MACE-OFF23_medium/T/TRP/TRP.pt
01:59:24 WARNING atomworks.ml: Cached data not found for TYR at /net/tukwila/ncorley/datahub/MACE-OFF23_medium/T/TYR/TYR.pt
01:59:24 WARNING atomworks.ml: Cached data not found for VAL at /net/tukwila/ncorley/datahub/MACE-OFF23_medium/V/VAL/VAL.pt
02:00:58 INFO rfd3.engine: [rank: 0] Finished inference batch in 93.63 seconds.
  Batch 8/10 ...
02:00:59 WARNING atomworks.io: The `extra_fields` argument will be ignored if there is no CIF file input.
02:01:00 WARNING atomworks.ml: Cached data not found for ALA at /net/tukwila/ncorley/datahub/MACE-OFF23_medium/A/ALA/ALA.pt
02:01:00 WARNING atomworks.ml: Cached data not found for ARG at /net/tukwila/ncorley/datahub/MACE-OFF23_medium/A/ARG/ARG.pt
02:01:00 WARNING atomworks.ml: Cached data not found for ASN at /net/tukwila/ncorley/datahub/MACE-OFF23_medium/A/ASN/ASN.pt
02:01:00 WARNING atomworks.ml: Cached data not found for ASP at /net/tukwila/ncorley/datahub/MACE-OFF23_medium/A/ASP/ASP.pt
02:01:00 WARNING atomworks.ml: Cached data not found for CYS at /net/tukwila/ncorley/datahub/MACE-OFF23_medium/C/CYS/CYS.pt
02:01:00 WARNING atomworks.ml: Cached data not found for GLN at /net/tukwila/ncorley/datahub/MACE-OFF23_medium/G/GLN/GLN.pt
02:01:00 WARNING atomworks.ml: Cached data not found for GLU at /net/tukwila/ncorley/datahub/MACE-OFF23_medium/G/GLU/GLU.pt
02:01:00 WARNING atomworks.ml: Cached data not found for GLY at /net/tukwila/ncorley/datahub/MACE-OFF23_medium/G/GLY/GLY.pt
02:01:00 WARNING atomworks.ml: Cached data not found for HIS at /net/tukwila/ncorley/datahub/MACE-OFF23_medium/H/HIS/HIS.pt
02:01:00 WARNING atomworks.ml: Cached data not found for ILE at /net/tukwila/ncorley/datahub/MACE-OFF23_medium/I/ILE/ILE.pt
02:01:00 WARNING atomworks.ml: Cached data not found for LEU at /net/tukwila/ncorley/datahub/MACE-OFF23_medium/L/LEU/LEU.pt
02:01:00 WARNING atomworks.ml: Cached data not found for LYS at /net/tukwila/ncorley/datahub/MACE-OFF23_medium/L/LYS/LYS.pt
02:01:00 WARNING atomworks.ml: Cached data not found for MET at /net/tukwila/ncorley/datahub/MACE-OFF23_medium/M/MET/MET.pt
02:01:00 WARNING atomworks.ml: Cached data not found for PHE at /net/tukwila/ncorley/datahub/MACE-OFF23_medium/P/PHE/PHE.pt
02:01:00 WARNING atomworks.ml: Cached data not found for PRO at /net/tukwila/ncorley/datahub/MACE-OFF23_medium/P/PRO/PRO.pt
02:01:00 WARNING atomworks.ml: Cached data not found for SER at /net/tukwila/ncorley/datahub/MACE-OFF23_medium/S/SER/SER.pt
02:01:00 WARNING atomworks.ml: Cached data not found for THR at /net/tukwila/ncorley/datahub/MACE-OFF23_medium/T/THR/THR.pt
02:01:00 WARNING atomworks.ml: Cached data not found for TRP at /net/tukwila/ncorley/datahub/MACE-OFF23_medium/T/TRP/TRP.pt
02:01:00 WARNING atomworks.ml: Cached data not found for TYR at /net/tukwila/ncorley/datahub/MACE-OFF23_medium/T/TYR/TYR.pt
02:01:00 WARNING atomworks.ml: Cached data not found for VAL at /net/tukwila/ncorley/datahub/MACE-OFF23_medium/V/VAL/VAL.pt
02:02:37 INFO rfd3.engine: [rank: 0] Finished inference batch in 97.62 seconds.
  Batch 9/10 ...
02:02:39 WARNING atomworks.io: The `extra_fields` argument will be ignored if there is no CIF file input.
02:02:39 WARNING atomworks.ml: Cached data not found for ALA at /net/tukwila/ncorley/datahub/MACE-OFF23_medium/A/ALA/ALA.pt
02:02:39 WARNING atomworks.ml: Cached data not found for ARG at /net/tukwila/ncorley/datahub/MACE-OFF23_medium/A/ARG/ARG.pt
02:02:39 WARNING atomworks.ml: Cached data not found for ASN at /net/tukwila/ncorley/datahub/MACE-OFF23_medium/A/ASN/ASN.pt
02:02:39 WARNING atomworks.ml: Cached data not found for ASP at /net/tukwila/ncorley/datahub/MACE-OFF23_medium/A/ASP/ASP.pt
02:02:39 WARNING atomworks.ml: Cached data not found for CYS at /net/tukwila/ncorley/datahub/MACE-OFF23_medium/C/CYS/CYS.pt
02:02:39 WARNING atomworks.ml: Cached data not found for GLN at /net/tukwila/ncorley/datahub/MACE-OFF23_medium/G/GLN/GLN.pt
02:02:39 WARNING atomworks.ml: Cached data not found for GLU at /net/tukwila/ncorley/datahub/MACE-OFF23_medium/G/GLU/GLU.pt
02:02:39 WARNING atomworks.ml: Cached data not found for GLY at /net/tukwila/ncorley/datahub/MACE-OFF23_medium/G/GLY/GLY.pt
02:02:39 WARNING atomworks.ml: Cached data not found for HIS at /net/tukwila/ncorley/datahub/MACE-OFF23_medium/H/HIS/HIS.pt
02:02:39 WARNING atomworks.ml: Cached data not found for ILE at /net/tukwila/ncorley/datahub/MACE-OFF23_medium/I/ILE/ILE.pt
02:02:39 WARNING atomworks.ml: Cached data not found for LEU at /net/tukwila/ncorley/datahub/MACE-OFF23_medium/L/LEU/LEU.pt
02:02:39 WARNING atomworks.ml: Cached data not found for LYS at /net/tukwila/ncorley/datahub/MACE-OFF23_medium/L/LYS/LYS.pt
02:02:39 WARNING atomworks.ml: Cached data not found for MET at /net/tukwila/ncorley/datahub/MACE-OFF23_medium/M/MET/MET.pt
02:02:39 WARNING atomworks.ml: Cached data not found for PHE at /net/tukwila/ncorley/datahub/MACE-OFF23_medium/P/PHE/PHE.pt
02:02:39 WARNING atomworks.ml: Cached data not found for PRO at /net/tukwila/ncorley/datahub/MACE-OFF23_medium/P/PRO/PRO.pt
02:02:39 WARNING atomworks.ml: Cached data not found for SER at /net/tukwila/ncorley/datahub/MACE-OFF23_medium/S/SER/SER.pt
02:02:39 WARNING atomworks.ml: Cached data not found for THR at /net/tukwila/ncorley/datahub/MACE-OFF23_medium/T/THR/THR.pt
02:02:39 WARNING atomworks.ml: Cached data not found for TRP at /net/tukwila/ncorley/datahub/MACE-OFF23_medium/T/TRP/TRP.pt
02:02:39 WARNING atomworks.ml: Cached data not found for TYR at /net/tukwila/ncorley/datahub/MACE-OFF23_medium/T/TYR/TYR.pt
02:02:39 WARNING atomworks.ml: Cached data not found for VAL at /net/tukwila/ncorley/datahub/MACE-OFF23_medium/V/VAL/VAL.pt
02:04:11 INFO rfd3.engine: [rank: 0] Finished inference batch in 92.31 seconds.
  Batch 10/10 ...
02:04:13 WARNING atomworks.io: The `extra_fields` argument will be ignored if there is no CIF file input.
02:04:13 WARNING atomworks.ml: Cached data not found for ALA at /net/tukwila/ncorley/datahub/MACE-OFF23_medium/A/ALA/ALA.pt
02:04:13 WARNING atomworks.ml: Cached data not found for ARG at /net/tukwila/ncorley/datahub/MACE-OFF23_medium/A/ARG/ARG.pt
02:04:13 WARNING atomworks.ml: Cached data not found for ASN at /net/tukwila/ncorley/datahub/MACE-OFF23_medium/A/ASN/ASN.pt
02:04:13 WARNING atomworks.ml: Cached data not found for ASP at /net/tukwila/ncorley/datahub/MACE-OFF23_medium/A/ASP/ASP.pt
02:04:13 WARNING atomworks.ml: Cached data not found for CYS at /net/tukwila/ncorley/datahub/MACE-OFF23_medium/C/CYS/CYS.pt
02:04:13 WARNING atomworks.ml: Cached data not found for GLN at /net/tukwila/ncorley/datahub/MACE-OFF23_medium/G/GLN/GLN.pt
02:04:13 WARNING atomworks.ml: Cached data not found for GLU at /net/tukwila/ncorley/datahub/MACE-OFF23_medium/G/GLU/GLU.pt
02:04:13 WARNING atomworks.ml: Cached data not found for GLY at /net/tukwila/ncorley/datahub/MACE-OFF23_medium/G/GLY/GLY.pt
02:04:13 WARNING atomworks.ml: Cached data not found for HIS at /net/tukwila/ncorley/datahub/MACE-OFF23_medium/H/HIS/HIS.pt
02:04:13 WARNING atomworks.ml: Cached data not found for ILE at /net/tukwila/ncorley/datahub/MACE-OFF23_medium/I/ILE/ILE.pt
02:04:13 WARNING atomworks.ml: Cached data not found for LEU at /net/tukwila/ncorley/datahub/MACE-OFF23_medium/L/LEU/LEU.pt
02:04:13 WARNING atomworks.ml: Cached data not found for LYS at /net/tukwila/ncorley/datahub/MACE-OFF23_medium/L/LYS/LYS.pt
02:04:13 WARNING atomworks.ml: Cached data not found for MET at /net/tukwila/ncorley/datahub/MACE-OFF23_medium/M/MET/MET.pt
02:04:13 WARNING atomworks.ml: Cached data not found for PHE at /net/tukwila/ncorley/datahub/MACE-OFF23_medium/P/PHE/PHE.pt
02:04:13 WARNING atomworks.ml: Cached data not found for PRO at /net/tukwila/ncorley/datahub/MACE-OFF23_medium/P/PRO/PRO.pt
02:04:13 WARNING atomworks.ml: Cached data not found for SER at /net/tukwila/ncorley/datahub/MACE-OFF23_medium/S/SER/SER.pt
02:04:13 WARNING atomworks.ml: Cached data not found for THR at /net/tukwila/ncorley/datahub/MACE-OFF23_medium/T/THR/THR.pt
02:04:13 WARNING atomworks.ml: Cached data not found for TRP at /net/tukwila/ncorley/datahub/MACE-OFF23_medium/T/TRP/TRP.pt
02:04:13 WARNING atomworks.ml: Cached data not found for TYR at /net/tukwila/ncorley/datahub/MACE-OFF23_medium/T/TYR/TYR.pt
02:04:13 WARNING atomworks.ml: Cached data not found for VAL at /net/tukwila/ncorley/datahub/MACE-OFF23_medium/V/VAL/VAL.pt
02:05:43 INFO rfd3.engine: [rank: 0] Finished inference batch in 89.97 seconds.
02:05:44 WARNING atomworks.io: We can't fix formal charges without building from templates, as we need to know the true number of hydrogens bonded to a given atom, not the inferred number. This may lead to occasional inaccuracies after adding inter-residue bonds. To avoid this and fix formal charges, set `add_missing_atoms = True`.

  === length window 40-55 (10 x 10) ===
  contig: 40-55,/0,A1-113,/0,B1-107,/0,C1-107,/0,D1-107
  Batch 1/10 ...
02:05:45 WARNING atomworks.io: The `extra_fields` argument will be ignored if there is no CIF file input.
02:05:45 WARNING atomworks.ml: Cached data not found for ALA at /net/tukwila/ncorley/datahub/MACE-OFF23_medium/A/ALA/ALA.pt
02:05:45 WARNING atomworks.ml: Cached data not found for ARG at /net/tukwila/ncorley/datahub/MACE-OFF23_medium/A/ARG/ARG.pt
02:05:45 WARNING atomworks.ml: Cached data not found for ASN at /net/tukwila/ncorley/datahub/MACE-OFF23_medium/A/ASN/ASN.pt
02:05:45 WARNING atomworks.ml: Cached data not found for ASP at /net/tukwila/ncorley/datahub/MACE-OFF23_medium/A/ASP/ASP.pt
02:05:45 WARNING atomworks.ml: Cached data not found for CYS at /net/tukwila/ncorley/datahub/MACE-OFF23_medium/C/CYS/CYS.pt
02:05:45 WARNING atomworks.ml: Cached data not found for GLN at /net/tukwila/ncorley/datahub/MACE-OFF23_medium/G/GLN/GLN.pt
02:05:45 WARNING atomworks.ml: Cached data not found for GLU at /net/tukwila/ncorley/datahub/MACE-OFF23_medium/G/GLU/GLU.pt
02:05:45 WARNING atomworks.ml: Cached data not found for GLY at /net/tukwila/ncorley/datahub/MACE-OFF23_medium/G/GLY/GLY.pt
02:05:45 WARNING atomworks.ml: Cached data not found for HIS at /net/tukwila/ncorley/datahub/MACE-OFF23_medium/H/HIS/HIS.pt
02:05:45 WARNING atomworks.ml: Cached data not found for ILE at /net/tukwila/ncorley/datahub/MACE-OFF23_medium/I/ILE/ILE.pt
02:05:45 WARNING atomworks.ml: Cached data not found for LEU at /net/tukwila/ncorley/datahub/MACE-OFF23_medium/L/LEU/LEU.pt
02:05:45 WARNING atomworks.ml: Cached data not found for LYS at /net/tukwila/ncorley/datahub/MACE-OFF23_medium/L/LYS/LYS.pt
02:05:45 WARNING atomworks.ml: Cached data not found for MET at /net/tukwila/ncorley/datahub/MACE-OFF23_medium/M/MET/MET.pt
02:05:45 WARNING atomworks.ml: Cached data not found for PHE at /net/tukwila/ncorley/datahub/MACE-OFF23_medium/P/PHE/PHE.pt
02:05:45 WARNING atomworks.ml: Cached data not found for PRO at /net/tukwila/ncorley/datahub/MACE-OFF23_medium/P/PRO/PRO.pt
02:05:45 WARNING atomworks.ml: Cached data not found for SER at /net/tukwila/ncorley/datahub/MACE-OFF23_medium/S/SER/SER.pt
02:05:45 WARNING atomworks.ml: Cached data not found for THR at /net/tukwila/ncorley/datahub/MACE-OFF23_medium/T/THR/THR.pt
02:05:45 WARNING atomworks.ml: Cached data not found for TRP at /net/tukwila/ncorley/datahub/MACE-OFF23_medium/T/TRP/TRP.pt
02:05:45 WARNING atomworks.ml: Cached data not found for TYR at /net/tukwila/ncorley/datahub/MACE-OFF23_medium/T/TYR/TYR.pt
02:05:45 WARNING atomworks.ml: Cached data not found for VAL at /net/tukwila/ncorley/datahub/MACE-OFF23_medium/V/VAL/VAL.pt
02:07:12 INFO rfd3.engine: [rank: 0] Finished inference batch in 87.32 seconds.
  Batch 2/10 ...
02:07:14 WARNING atomworks.io: The `extra_fields` argument will be ignored if there is no CIF file input.
02:07:14 WARNING atomworks.ml: Cached data not found for ALA at /net/tukwila/ncorley/datahub/MACE-OFF23_medium/A/ALA/ALA.pt
02:07:14 WARNING atomworks.ml: Cached data not found for ARG at /net/tukwila/ncorley/datahub/MACE-OFF23_medium/A/ARG/ARG.pt
02:07:14 WARNING atomworks.ml: Cached data not found for ASN at /net/tukwila/ncorley/datahub/MACE-OFF23_medium/A/ASN/ASN.pt
02:07:14 WARNING atomworks.ml: Cached data not found for ASP at /net/tukwila/ncorley/datahub/MACE-OFF23_medium/A/ASP/ASP.pt
02:07:14 WARNING atomworks.ml: Cached data not found for CYS at /net/tukwila/ncorley/datahub/MACE-OFF23_medium/C/CYS/CYS.pt
02:07:14 WARNING atomworks.ml: Cached data not found for GLN at /net/tukwila/ncorley/datahub/MACE-OFF23_medium/G/GLN/GLN.pt
02:07:14 WARNING atomworks.ml: Cached data not found for GLU at /net/tukwila/ncorley/datahub/MACE-OFF23_medium/G/GLU/GLU.pt
02:07:14 WARNING atomworks.ml: Cached data not found for GLY at /net/tukwila/ncorley/datahub/MACE-OFF23_medium/G/GLY/GLY.pt
02:07:14 WARNING atomworks.ml: Cached data not found for HIS at /net/tukwila/ncorley/datahub/MACE-OFF23_medium/H/HIS/HIS.pt
02:07:14 WARNING atomworks.ml: Cached data not found for ILE at /net/tukwila/ncorley/datahub/MACE-OFF23_medium/I/ILE/ILE.pt
02:07:14 WARNING atomworks.ml: Cached data not found for LEU at /net/tukwila/ncorley/datahub/MACE-OFF23_medium/L/LEU/LEU.pt
02:07:14 WARNING atomworks.ml: Cached data not found for LYS at /net/tukwila/ncorley/datahub/MACE-OFF23_medium/L/LYS/LYS.pt
02:07:14 WARNING atomworks.ml: Cached data not found for MET at /net/tukwila/ncorley/datahub/MACE-OFF23_medium/M/MET/MET.pt
02:07:14 WARNING atomworks.ml: Cached data not found for PHE at /net/tukwila/ncorley/datahub/MACE-OFF23_medium/P/PHE/PHE.pt
02:07:14 WARNING atomworks.ml: Cached data not found for PRO at /net/tukwila/ncorley/datahub/MACE-OFF23_medium/P/PRO/PRO.pt
02:07:14 WARNING atomworks.ml: Cached data not found for SER at /net/tukwila/ncorley/datahub/MACE-OFF23_medium/S/SER/SER.pt
02:07:14 WARNING atomworks.ml: Cached data not found for THR at /net/tukwila/ncorley/datahub/MACE-OFF23_medium/T/THR/THR.pt
02:07:14 WARNING atomworks.ml: Cached data not found for TRP at /net/tukwila/ncorley/datahub/MACE-OFF23_medium/T/TRP/TRP.pt
02:07:14 WARNING atomworks.ml: Cached data not found for TYR at /net/tukwila/ncorley/datahub/MACE-OFF23_medium/T/TYR/TYR.pt
02:07:14 WARNING atomworks.ml: Cached data not found for VAL at /net/tukwila/ncorley/datahub/MACE-OFF23_medium/V/VAL/VAL.pt
02:08:39 INFO rfd3.engine: [rank: 0] Finished inference batch in 85.19 seconds.
  Batch 3/10 ...
02:08:40 WARNING atomworks.io: The `extra_fields` argument will be ignored if there is no CIF file input.
02:08:40 WARNING atomworks.ml: Cached data not found for ALA at /net/tukwila/ncorley/datahub/MACE-OFF23_medium/A/ALA/ALA.pt
02:08:40 WARNING atomworks.ml: Cached data not found for ARG at /net/tukwila/ncorley/datahub/MACE-OFF23_medium/A/ARG/ARG.pt
02:08:40 WARNING atomworks.ml: Cached data not found for ASN at /net/tukwila/ncorley/datahub/MACE-OFF23_medium/A/ASN/ASN.pt
02:08:40 WARNING atomworks.ml: Cached data not found for ASP at /net/tukwila/ncorley/datahub/MACE-OFF23_medium/A/ASP/ASP.pt
02:08:40 WARNING atomworks.ml: Cached data not found for CYS at /net/tukwila/ncorley/datahub/MACE-OFF23_medium/C/CYS/CYS.pt
02:08:40 WARNING atomworks.ml: Cached data not found for GLN at /net/tukwila/ncorley/datahub/MACE-OFF23_medium/G/GLN/GLN.pt
02:08:40 WARNING atomworks.ml: Cached data not found for GLU at /net/tukwila/ncorley/datahub/MACE-OFF23_medium/G/GLU/GLU.pt
02:08:40 WARNING atomworks.ml: Cached data not found for GLY at /net/tukwila/ncorley/datahub/MACE-OFF23_medium/G/GLY/GLY.pt
02:08:40 WARNING atomworks.ml: Cached data not found for HIS at /net/tukwila/ncorley/datahub/MACE-OFF23_medium/H/HIS/HIS.pt
02:08:40 WARNING atomworks.ml: Cached data not found for ILE at /net/tukwila/ncorley/datahub/MACE-OFF23_medium/I/ILE/ILE.pt
02:08:40 WARNING atomworks.ml: Cached data not found for LEU at /net/tukwila/ncorley/datahub/MACE-OFF23_medium/L/LEU/LEU.pt
02:08:40 WARNING atomworks.ml: Cached data not found for LYS at /net/tukwila/ncorley/datahub/MACE-OFF23_medium/L/LYS/LYS.pt
02:08:40 WARNING atomworks.ml: Cached data not found for MET at /net/tukwila/ncorley/datahub/MACE-OFF23_medium/M/MET/MET.pt
02:08:40 WARNING atomworks.ml: Cached data not found for PHE at /net/tukwila/ncorley/datahub/MACE-OFF23_medium/P/PHE/PHE.pt
02:08:40 WARNING atomworks.ml: Cached data not found for PRO at /net/tukwila/ncorley/datahub/MACE-OFF23_medium/P/PRO/PRO.pt
02:08:40 WARNING atomworks.ml: Cached data not found for SER at /net/tukwila/ncorley/datahub/MACE-OFF23_medium/S/SER/SER.pt
02:08:40 WARNING atomworks.ml: Cached data not found for THR at /net/tukwila/ncorley/datahub/MACE-OFF23_medium/T/THR/THR.pt
02:08:40 WARNING atomworks.ml: Cached data not found for TRP at /net/tukwila/ncorley/datahub/MACE-OFF23_medium/T/TRP/TRP.pt
02:08:40 WARNING atomworks.ml: Cached data not found for TYR at /net/tukwila/ncorley/datahub/MACE-OFF23_medium/T/TYR/TYR.pt
02:08:40 WARNING atomworks.ml: Cached data not found for VAL at /net/tukwila/ncorley/datahub/MACE-OFF23_medium/V/VAL/VAL.pt
02:10:05 INFO rfd3.engine: [rank: 0] Finished inference batch in 84.81 seconds.
  Batch 4/10 ...
02:10:07 WARNING atomworks.io: The `extra_fields` argument will be ignored if there is no CIF file input.
02:10:07 WARNING atomworks.ml: Cached data not found for ALA at /net/tukwila/ncorley/datahub/MACE-OFF23_medium/A/ALA/ALA.pt
02:10:07 WARNING atomworks.ml: Cached data not found for ARG at /net/tukwila/ncorley/datahub/MACE-OFF23_medium/A/ARG/ARG.pt
02:10:07 WARNING atomworks.ml: Cached data not found for ASN at /net/tukwila/ncorley/datahub/MACE-OFF23_medium/A/ASN/ASN.pt
02:10:07 WARNING atomworks.ml: Cached data not found for ASP at /net/tukwila/ncorley/datahub/MACE-OFF23_medium/A/ASP/ASP.pt
02:10:07 WARNING atomworks.ml: Cached data not found for CYS at /net/tukwila/ncorley/datahub/MACE-OFF23_medium/C/CYS/CYS.pt
02:10:07 WARNING atomworks.ml: Cached data not found for GLN at /net/tukwila/ncorley/datahub/MACE-OFF23_medium/G/GLN/GLN.pt
02:10:07 WARNING atomworks.ml: Cached data not found for GLU at /net/tukwila/ncorley/datahub/MACE-OFF23_medium/G/GLU/GLU.pt
02:10:07 WARNING atomworks.ml: Cached data not found for GLY at /net/tukwila/ncorley/datahub/MACE-OFF23_medium/G/GLY/GLY.pt
02:10:07 WARNING atomworks.ml: Cached data not found for HIS at /net/tukwila/ncorley/datahub/MACE-OFF23_medium/H/HIS/HIS.pt
02:10:07 WARNING atomworks.ml: Cached data not found for ILE at /net/tukwila/ncorley/datahub/MACE-OFF23_medium/I/ILE/ILE.pt
02:10:07 WARNING atomworks.ml: Cached data not found for LEU at /net/tukwila/ncorley/datahub/MACE-OFF23_medium/L/LEU/LEU.pt
02:10:07 WARNING atomworks.ml: Cached data not found for LYS at /net/tukwila/ncorley/datahub/MACE-OFF23_medium/L/LYS/LYS.pt
02:10:07 WARNING atomworks.ml: Cached data not found for MET at /net/tukwila/ncorley/datahub/MACE-OFF23_medium/M/MET/MET.pt
02:10:07 WARNING atomworks.ml: Cached data not found for PHE at /net/tukwila/ncorley/datahub/MACE-OFF23_medium/P/PHE/PHE.pt
02:10:07 WARNING atomworks.ml: Cached data not found for PRO at /net/tukwila/ncorley/datahub/MACE-OFF23_medium/P/PRO/PRO.pt
02:10:07 WARNING atomworks.ml: Cached data not found for SER at /net/tukwila/ncorley/datahub/MACE-OFF23_medium/S/SER/SER.pt
02:10:07 WARNING atomworks.ml: Cached data not found for THR at /net/tukwila/ncorley/datahub/MACE-OFF23_medium/T/THR/THR.pt
02:10:07 WARNING atomworks.ml: Cached data not found for TRP at /net/tukwila/ncorley/datahub/MACE-OFF23_medium/T/TRP/TRP.pt
02:10:07 WARNING atomworks.ml: Cached data not found for TYR at /net/tukwila/ncorley/datahub/MACE-OFF23_medium/T/TYR/TYR.pt
02:10:07 WARNING atomworks.ml: Cached data not found for VAL at /net/tukwila/ncorley/datahub/MACE-OFF23_medium/V/VAL/VAL.pt
02:11:31 INFO rfd3.engine: [rank: 0] Finished inference batch in 83.95 seconds.
  Batch 5/10 ...
02:11:32 WARNING atomworks.io: The `extra_fields` argument will be ignored if there is no CIF file input.
02:11:32 WARNING atomworks.ml: Cached data not found for ALA at /net/tukwila/ncorley/datahub/MACE-OFF23_medium/A/ALA/ALA.pt
02:11:32 WARNING atomworks.ml: Cached data not found for ARG at /net/tukwila/ncorley/datahub/MACE-OFF23_medium/A/ARG/ARG.pt
02:11:32 WARNING atomworks.ml: Cached data not found for ASN at /net/tukwila/ncorley/datahub/MACE-OFF23_medium/A/ASN/ASN.pt
02:11:32 WARNING atomworks.ml: Cached data not found for ASP at /net/tukwila/ncorley/datahub/MACE-OFF23_medium/A/ASP/ASP.pt
02:11:32 WARNING atomworks.ml: Cached data not found for CYS at /net/tukwila/ncorley/datahub/MACE-OFF23_medium/C/CYS/CYS.pt
02:11:32 WARNING atomworks.ml: Cached data not found for GLN at /net/tukwila/ncorley/datahub/MACE-OFF23_medium/G/GLN/GLN.pt
02:11:32 WARNING atomworks.ml: Cached data not found for GLU at /net/tukwila/ncorley/datahub/MACE-OFF23_medium/G/GLU/GLU.pt
02:11:32 WARNING atomworks.ml: Cached data not found for GLY at /net/tukwila/ncorley/datahub/MACE-OFF23_medium/G/GLY/GLY.pt
02:11:32 WARNING atomworks.ml: Cached data not found for HIS at /net/tukwila/ncorley/datahub/MACE-OFF23_medium/H/HIS/HIS.pt
02:11:32 WARNING atomworks.ml: Cached data not found for ILE at /net/tukwila/ncorley/datahub/MACE-OFF23_medium/I/ILE/ILE.pt
02:11:32 WARNING atomworks.ml: Cached data not found for LEU at /net/tukwila/ncorley/datahub/MACE-OFF23_medium/L/LEU/LEU.pt
02:11:32 WARNING atomworks.ml: Cached data not found for LYS at /net/tukwila/ncorley/datahub/MACE-OFF23_medium/L/LYS/LYS.pt
02:11:32 WARNING atomworks.ml: Cached data not found for MET at /net/tukwila/ncorley/datahub/MACE-OFF23_medium/M/MET/MET.pt
02:11:32 WARNING atomworks.ml: Cached data not found for PHE at /net/tukwila/ncorley/datahub/MACE-OFF23_medium/P/PHE/PHE.pt
02:11:32 WARNING atomworks.ml: Cached data not found for PRO at /net/tukwila/ncorley/datahub/MACE-OFF23_medium/P/PRO/PRO.pt
02:11:32 WARNING atomworks.ml: Cached data not found for SER at /net/tukwila/ncorley/datahub/MACE-OFF23_medium/S/SER/SER.pt
02:11:32 WARNING atomworks.ml: Cached data not found for THR at /net/tukwila/ncorley/datahub/MACE-OFF23_medium/T/THR/THR.pt
02:11:32 WARNING atomworks.ml: Cached data not found for TRP at /net/tukwila/ncorley/datahub/MACE-OFF23_medium/T/TRP/TRP.pt
02:11:32 WARNING atomworks.ml: Cached data not found for TYR at /net/tukwila/ncorley/datahub/MACE-OFF23_medium/T/TYR/TYR.pt
02:11:32 WARNING atomworks.ml: Cached data not found for VAL at /net/tukwila/ncorley/datahub/MACE-OFF23_medium/V/VAL/VAL.pt
02:12:57 INFO rfd3.engine: [rank: 0] Finished inference batch in 84.85 seconds.
  Batch 6/10 ...
02:12:58 WARNING atomworks.io: The `extra_fields` argument will be ignored if there is no CIF file input.
02:12:58 WARNING atomworks.ml: Cached data not found for ALA at /net/tukwila/ncorley/datahub/MACE-OFF23_medium/A/ALA/ALA.pt
02:12:58 WARNING atomworks.ml: Cached data not found for ARG at /net/tukwila/ncorley/datahub/MACE-OFF23_medium/A/ARG/ARG.pt
02:12:58 WARNING atomworks.ml: Cached data not found for ASN at /net/tukwila/ncorley/datahub/MACE-OFF23_medium/A/ASN/ASN.pt
02:12:58 WARNING atomworks.ml: Cached data not found for ASP at /net/tukwila/ncorley/datahub/MACE-OFF23_medium/A/ASP/ASP.pt
02:12:58 WARNING atomworks.ml: Cached data not found for CYS at /net/tukwila/ncorley/datahub/MACE-OFF23_medium/C/CYS/CYS.pt
02:12:58 WARNING atomworks.ml: Cached data not found for GLN at /net/tukwila/ncorley/datahub/MACE-OFF23_medium/G/GLN/GLN.pt
02:12:58 WARNING atomworks.ml: Cached data not found for GLU at /net/tukwila/ncorley/datahub/MACE-OFF23_medium/G/GLU/GLU.pt
02:12:58 WARNING atomworks.ml: Cached data not found for GLY at /net/tukwila/ncorley/datahub/MACE-OFF23_medium/G/GLY/GLY.pt
02:12:58 WARNING atomworks.ml: Cached data not found for HIS at /net/tukwila/ncorley/datahub/MACE-OFF23_medium/H/HIS/HIS.pt
02:12:58 WARNING atomworks.ml: Cached data not found for ILE at /net/tukwila/ncorley/datahub/MACE-OFF23_medium/I/ILE/ILE.pt
02:12:58 WARNING atomworks.ml: Cached data not found for LEU at /net/tukwila/ncorley/datahub/MACE-OFF23_medium/L/LEU/LEU.pt
02:12:58 WARNING atomworks.ml: Cached data not found for LYS at /net/tukwila/ncorley/datahub/MACE-OFF23_medium/L/LYS/LYS.pt
02:12:58 WARNING atomworks.ml: Cached data not found for MET at /net/tukwila/ncorley/datahub/MACE-OFF23_medium/M/MET/MET.pt
02:12:58 WARNING atomworks.ml: Cached data not found for PHE at /net/tukwila/ncorley/datahub/MACE-OFF23_medium/P/PHE/PHE.pt
02:12:58 WARNING atomworks.ml: Cached data not found for PRO at /net/tukwila/ncorley/datahub/MACE-OFF23_medium/P/PRO/PRO.pt
02:12:58 WARNING atomworks.ml: Cached data not found for SER at /net/tukwila/ncorley/datahub/MACE-OFF23_medium/S/SER/SER.pt
02:12:58 WARNING atomworks.ml: Cached data not found for THR at /net/tukwila/ncorley/datahub/MACE-OFF23_medium/T/THR/THR.pt
02:12:58 WARNING atomworks.ml: Cached data not found for TRP at /net/tukwila/ncorley/datahub/MACE-OFF23_medium/T/TRP/TRP.pt
02:12:58 WARNING atomworks.ml: Cached data not found for TYR at /net/tukwila/ncorley/datahub/MACE-OFF23_medium/T/TYR/TYR.pt
02:12:58 WARNING atomworks.ml: Cached data not found for VAL at /net/tukwila/ncorley/datahub/MACE-OFF23_medium/V/VAL/VAL.pt
02:14:26 INFO rfd3.engine: [rank: 0] Finished inference batch in 87.84 seconds.
  Batch 7/10 ...
02:14:28 WARNING atomworks.io: The `extra_fields` argument will be ignored if there is no CIF file input.
02:14:28 WARNING atomworks.ml: Cached data not found for ALA at /net/tukwila/ncorley/datahub/MACE-OFF23_medium/A/ALA/ALA.pt
02:14:28 WARNING atomworks.ml: Cached data not found for ARG at /net/tukwila/ncorley/datahub/MACE-OFF23_medium/A/ARG/ARG.pt
02:14:28 WARNING atomworks.ml: Cached data not found for ASN at /net/tukwila/ncorley/datahub/MACE-OFF23_medium/A/ASN/ASN.pt
02:14:28 WARNING atomworks.ml: Cached data not found for ASP at /net/tukwila/ncorley/datahub/MACE-OFF23_medium/A/ASP/ASP.pt
02:14:28 WARNING atomworks.ml: Cached data not found for CYS at /net/tukwila/ncorley/datahub/MACE-OFF23_medium/C/CYS/CYS.pt
02:14:28 WARNING atomworks.ml: Cached data not found for GLN at /net/tukwila/ncorley/datahub/MACE-OFF23_medium/G/GLN/GLN.pt
02:14:28 WARNING atomworks.ml: Cached data not found for GLU at /net/tukwila/ncorley/datahub/MACE-OFF23_medium/G/GLU/GLU.pt
02:14:28 WARNING atomworks.ml: Cached data not found for GLY at /net/tukwila/ncorley/datahub/MACE-OFF23_medium/G/GLY/GLY.pt
02:14:28 WARNING atomworks.ml: Cached data not found for HIS at /net/tukwila/ncorley/datahub/MACE-OFF23_medium/H/HIS/HIS.pt
02:14:28 WARNING atomworks.ml: Cached data not found for ILE at /net/tukwila/ncorley/datahub/MACE-OFF23_medium/I/ILE/ILE.pt
02:14:28 WARNING atomworks.ml: Cached data not found for LEU at /net/tukwila/ncorley/datahub/MACE-OFF23_medium/L/LEU/LEU.pt
02:14:28 WARNING atomworks.ml: Cached data not found for LYS at /net/tukwila/ncorley/datahub/MACE-OFF23_medium/L/LYS/LYS.pt
02:14:28 WARNING atomworks.ml: Cached data not found for MET at /net/tukwila/ncorley/datahub/MACE-OFF23_medium/M/MET/MET.pt
02:14:28 WARNING atomworks.ml: Cached data not found for PHE at /net/tukwila/ncorley/datahub/MACE-OFF23_medium/P/PHE/PHE.pt
02:14:28 WARNING atomworks.ml: Cached data not found for PRO at /net/tukwila/ncorley/datahub/MACE-OFF23_medium/P/PRO/PRO.pt
02:14:28 WARNING atomworks.ml: Cached data not found for SER at /net/tukwila/ncorley/datahub/MACE-OFF23_medium/S/SER/SER.pt
02:14:28 WARNING atomworks.ml: Cached data not found for THR at /net/tukwila/ncorley/datahub/MACE-OFF23_medium/T/THR/THR.pt
02:14:28 WARNING atomworks.ml: Cached data not found for TRP at /net/tukwila/ncorley/datahub/MACE-OFF23_medium/T/TRP/TRP.pt
02:14:28 WARNING atomworks.ml: Cached data not found for TYR at /net/tukwila/ncorley/datahub/MACE-OFF23_medium/T/TYR/TYR.pt
02:14:28 WARNING atomworks.ml: Cached data not found for VAL at /net/tukwila/ncorley/datahub/MACE-OFF23_medium/V/VAL/VAL.pt
02:15:52 INFO rfd3.engine: [rank: 0] Finished inference batch in 84.30 seconds.
  Batch 8/10 ...
02:15:53 WARNING atomworks.io: The `extra_fields` argument will be ignored if there is no CIF file input.
02:15:54 WARNING atomworks.ml: Cached data not found for ALA at /net/tukwila/ncorley/datahub/MACE-OFF23_medium/A/ALA/ALA.pt
02:15:54 WARNING atomworks.ml: Cached data not found for ARG at /net/tukwila/ncorley/datahub/MACE-OFF23_medium/A/ARG/ARG.pt
02:15:54 WARNING atomworks.ml: Cached data not found for ASN at /net/tukwila/ncorley/datahub/MACE-OFF23_medium/A/ASN/ASN.pt
02:15:54 WARNING atomworks.ml: Cached data not found for ASP at /net/tukwila/ncorley/datahub/MACE-OFF23_medium/A/ASP/ASP.pt
02:15:54 WARNING atomworks.ml: Cached data not found for CYS at /net/tukwila/ncorley/datahub/MACE-OFF23_medium/C/CYS/CYS.pt
02:15:54 WARNING atomworks.ml: Cached data not found for GLN at /net/tukwila/ncorley/datahub/MACE-OFF23_medium/G/GLN/GLN.pt
02:15:54 WARNING atomworks.ml: Cached data not found for GLU at /net/tukwila/ncorley/datahub/MACE-OFF23_medium/G/GLU/GLU.pt
02:15:54 WARNING atomworks.ml: Cached data not found for GLY at /net/tukwila/ncorley/datahub/MACE-OFF23_medium/G/GLY/GLY.pt
02:15:54 WARNING atomworks.ml: Cached data not found for HIS at /net/tukwila/ncorley/datahub/MACE-OFF23_medium/H/HIS/HIS.pt
02:15:54 WARNING atomworks.ml: Cached data not found for ILE at /net/tukwila/ncorley/datahub/MACE-OFF23_medium/I/ILE/ILE.pt
02:15:54 WARNING atomworks.ml: Cached data not found for LEU at /net/tukwila/ncorley/datahub/MACE-OFF23_medium/L/LEU/LEU.pt
02:15:54 WARNING atomworks.ml: Cached data not found for LYS at /net/tukwila/ncorley/datahub/MACE-OFF23_medium/L/LYS/LYS.pt
02:15:54 WARNING atomworks.ml: Cached data not found for MET at /net/tukwila/ncorley/datahub/MACE-OFF23_medium/M/MET/MET.pt
02:15:54 WARNING atomworks.ml: Cached data not found for PHE at /net/tukwila/ncorley/datahub/MACE-OFF23_medium/P/PHE/PHE.pt
02:15:54 WARNING atomworks.ml: Cached data not found for PRO at /net/tukwila/ncorley/datahub/MACE-OFF23_medium/P/PRO/PRO.pt
02:15:54 WARNING atomworks.ml: Cached data not found for SER at /net/tukwila/ncorley/datahub/MACE-OFF23_medium/S/SER/SER.pt
02:15:54 WARNING atomworks.ml: Cached data not found for THR at /net/tukwila/ncorley/datahub/MACE-OFF23_medium/T/THR/THR.pt
02:15:54 WARNING atomworks.ml: Cached data not found for TRP at /net/tukwila/ncorley/datahub/MACE-OFF23_medium/T/TRP/TRP.pt
02:15:54 WARNING atomworks.ml: Cached data not found for TYR at /net/tukwila/ncorley/datahub/MACE-OFF23_medium/T/TYR/TYR.pt
02:15:54 WARNING atomworks.ml: Cached data not found for VAL at /net/tukwila/ncorley/datahub/MACE-OFF23_medium/V/VAL/VAL.pt
02:17:21 INFO rfd3.engine: [rank: 0] Finished inference batch in 87.44 seconds.
  Batch 9/10 ...
02:17:22 WARNING atomworks.io: The `extra_fields` argument will be ignored if there is no CIF file input.
02:17:23 WARNING atomworks.ml: Cached data not found for ALA at /net/tukwila/ncorley/datahub/MACE-OFF23_medium/A/ALA/ALA.pt
02:17:23 WARNING atomworks.ml: Cached data not found for ARG at /net/tukwila/ncorley/datahub/MACE-OFF23_medium/A/ARG/ARG.pt
02:17:23 WARNING atomworks.ml: Cached data not found for ASN at /net/tukwila/ncorley/datahub/MACE-OFF23_medium/A/ASN/ASN.pt
02:17:23 WARNING atomworks.ml: Cached data not found for ASP at /net/tukwila/ncorley/datahub/MACE-OFF23_medium/A/ASP/ASP.pt
02:17:23 WARNING atomworks.ml: Cached data not found for CYS at /net/tukwila/ncorley/datahub/MACE-OFF23_medium/C/CYS/CYS.pt
02:17:23 WARNING atomworks.ml: Cached data not found for GLN at /net/tukwila/ncorley/datahub/MACE-OFF23_medium/G/GLN/GLN.pt
02:17:23 WARNING atomworks.ml: Cached data not found for GLU at /net/tukwila/ncorley/datahub/MACE-OFF23_medium/G/GLU/GLU.pt
02:17:23 WARNING atomworks.ml: Cached data not found for GLY at /net/tukwila/ncorley/datahub/MACE-OFF23_medium/G/GLY/GLY.pt
02:17:23 WARNING atomworks.ml: Cached data not found for HIS at /net/tukwila/ncorley/datahub/MACE-OFF23_medium/H/HIS/HIS.pt
02:17:23 WARNING atomworks.ml: Cached data not found for ILE at /net/tukwila/ncorley/datahub/MACE-OFF23_medium/I/ILE/ILE.pt
02:17:23 WARNING atomworks.ml: Cached data not found for LEU at /net/tukwila/ncorley/datahub/MACE-OFF23_medium/L/LEU/LEU.pt
02:17:23 WARNING atomworks.ml: Cached data not found for LYS at /net/tukwila/ncorley/datahub/MACE-OFF23_medium/L/LYS/LYS.pt
02:17:23 WARNING atomworks.ml: Cached data not found for MET at /net/tukwila/ncorley/datahub/MACE-OFF23_medium/M/MET/MET.pt
02:17:23 WARNING atomworks.ml: Cached data not found for PHE at /net/tukwila/ncorley/datahub/MACE-OFF23_medium/P/PHE/PHE.pt
02:17:23 WARNING atomworks.ml: Cached data not found for PRO at /net/tukwila/ncorley/datahub/MACE-OFF23_medium/P/PRO/PRO.pt
02:17:23 WARNING atomworks.ml: Cached data not found for SER at /net/tukwila/ncorley/datahub/MACE-OFF23_medium/S/SER/SER.pt
02:17:23 WARNING atomworks.ml: Cached data not found for THR at /net/tukwila/ncorley/datahub/MACE-OFF23_medium/T/THR/THR.pt
02:17:23 WARNING atomworks.ml: Cached data not found for TRP at /net/tukwila/ncorley/datahub/MACE-OFF23_medium/T/TRP/TRP.pt
02:17:23 WARNING atomworks.ml: Cached data not found for TYR at /net/tukwila/ncorley/datahub/MACE-OFF23_medium/T/TYR/TYR.pt
02:17:23 WARNING atomworks.ml: Cached data not found for VAL at /net/tukwila/ncorley/datahub/MACE-OFF23_medium/V/VAL/VAL.pt
02:18:49 INFO rfd3.engine: [rank: 0] Finished inference batch in 86.64 seconds.
  Batch 10/10 ...
02:18:51 WARNING atomworks.io: The `extra_fields` argument will be ignored if there is no CIF file input.
02:18:51 WARNING atomworks.ml: Cached data not found for ALA at /net/tukwila/ncorley/datahub/MACE-OFF23_medium/A/ALA/ALA.pt
02:18:51 WARNING atomworks.ml: Cached data not found for ARG at /net/tukwila/ncorley/datahub/MACE-OFF23_medium/A/ARG/ARG.pt
02:18:51 WARNING atomworks.ml: Cached data not found for ASN at /net/tukwila/ncorley/datahub/MACE-OFF23_medium/A/ASN/ASN.pt
02:18:51 WARNING atomworks.ml: Cached data not found for ASP at /net/tukwila/ncorley/datahub/MACE-OFF23_medium/A/ASP/ASP.pt
02:18:51 WARNING atomworks.ml: Cached data not found for CYS at /net/tukwila/ncorley/datahub/MACE-OFF23_medium/C/CYS/CYS.pt
02:18:51 WARNING atomworks.ml: Cached data not found for GLN at /net/tukwila/ncorley/datahub/MACE-OFF23_medium/G/GLN/GLN.pt
02:18:51 WARNING atomworks.ml: Cached data not found for GLU at /net/tukwila/ncorley/datahub/MACE-OFF23_medium/G/GLU/GLU.pt
02:18:51 WARNING atomworks.ml: Cached data not found for GLY at /net/tukwila/ncorley/datahub/MACE-OFF23_medium/G/GLY/GLY.pt
02:18:51 WARNING atomworks.ml: Cached data not found for HIS at /net/tukwila/ncorley/datahub/MACE-OFF23_medium/H/HIS/HIS.pt
02:18:51 WARNING atomworks.ml: Cached data not found for ILE at /net/tukwila/ncorley/datahub/MACE-OFF23_medium/I/ILE/ILE.pt
02:18:51 WARNING atomworks.ml: Cached data not found for LEU at /net/tukwila/ncorley/datahub/MACE-OFF23_medium/L/LEU/LEU.pt
02:18:51 WARNING atomworks.ml: Cached data not found for LYS at /net/tukwila/ncorley/datahub/MACE-OFF23_medium/L/LYS/LYS.pt
02:18:51 WARNING atomworks.ml: Cached data not found for MET at /net/tukwila/ncorley/datahub/MACE-OFF23_medium/M/MET/MET.pt
02:18:51 WARNING atomworks.ml: Cached data not found for PHE at /net/tukwila/ncorley/datahub/MACE-OFF23_medium/P/PHE/PHE.pt
02:18:51 WARNING atomworks.ml: Cached data not found for PRO at /net/tukwila/ncorley/datahub/MACE-OFF23_medium/P/PRO/PRO.pt
02:18:51 WARNING atomworks.ml: Cached data not found for SER at /net/tukwila/ncorley/datahub/MACE-OFF23_medium/S/SER/SER.pt
02:18:51 WARNING atomworks.ml: Cached data not found for THR at /net/tukwila/ncorley/datahub/MACE-OFF23_medium/T/THR/THR.pt
02:18:51 WARNING atomworks.ml: Cached data not found for TRP at /net/tukwila/ncorley/datahub/MACE-OFF23_medium/T/TRP/TRP.pt
02:18:51 WARNING atomworks.ml: Cached data not found for TYR at /net/tukwila/ncorley/datahub/MACE-OFF23_medium/T/TYR/TYR.pt
02:18:51 WARNING atomworks.ml: Cached data not found for VAL at /net/tukwila/ncorley/datahub/MACE-OFF23_medium/V/VAL/VAL.pt
02:20:17 INFO rfd3.engine: [rank: 0] Finished inference batch in 86.08 seconds.

Stage A RFd3 done: 200 designs → /workspace/outputs/rfd3_stage_a
RFd3 Stage A: 200 designs

=== Step 2: Graft minibinder onto exact input Fab ===
