===== Stage 0 VH–VL interface pipeline: Sat Jul 25 09:21:17 PM UTC 2026 =====
GPU: NVIDIA A100-SXM4-40GB
Designs: 200 | partial_t: 12.0 Å

=== Step 1: RFdiffusion3 Stage 0 (partial diffusion) ===
Environment variable CCD_MIRROR_PATH not set. Will not be able to use function requiring this variable. To set it you may:
  (1) add the line 'export VAR_NAME=path/to/variable' to your .bashrc or .zshrc file
  (2) set it in your current shell with 'export VAR_NAME=path/to/variable'
  (3) write it to a .env file in the root of the atomworks.io repository
Environment variable PDB_MIRROR_PATH not set. Will not be able to use function requiring this variable. To set it you may:
  (1) add the line 'export VAR_NAME=path/to/variable' to your .bashrc or .zshrc file
  (2) set it in your current shell with 'export VAR_NAME=path/to/variable'
  (3) write it to a .env file in the root of the atomworks.io repository
21:21:24 DEBUG transforms: Debug mode is on
/workspace/run_rfd3_stage_0.py:19: ResourceWarning: unclosed file <_io.TextIOWrapper name='/workspace/inputs/stage_0_vhvL_interface_config.json' mode='r' encoding='utf-8'>
  cfg = json.load(open(CONFIG))
21:21:26 WARNING atomworks.io: We can't fix formal charges without building from templates, as we need to know the true number of hydrogens bonded to a given atom, not the inferred number. This may lead to occasional inaccuracies after adding inter-residue bonds. To avoid this and fix formal charges, set `add_missing_atoms = True`.
Stage 0 RFd3: 200 designs | partial_t=12.0
  input: /workspace/inputs/fab_stage_0_vhvL_interface.pdb
  contig: A1-113/0,B1-107
  hotspots: T1,T2,T3,T4,T5,T6,T7,T8,T9,T10,T11,T12...
  Batch 1/20 ...
Using bfloat16 Automatic Mixed Precision (AMP)
21:21:35 WARNING atomworks.io: The `extra_fields` argument will be ignored if there is no CIF file input.
21:21:35 WARNING atomworks.ml: Cached data not found for ALA at /net/tukwila/ncorley/datahub/MACE-OFF23_medium/A/ALA/ALA.pt
21:21:35 WARNING atomworks.ml: Cached data not found for ARG at /net/tukwila/ncorley/datahub/MACE-OFF23_medium/A/ARG/ARG.pt
21:21:35 WARNING atomworks.ml: Cached data not found for ASN at /net/tukwila/ncorley/datahub/MACE-OFF23_medium/A/ASN/ASN.pt
21:21:35 WARNING atomworks.ml: Cached data not found for ASP at /net/tukwila/ncorley/datahub/MACE-OFF23_medium/A/ASP/ASP.pt
21:21:35 WARNING atomworks.ml: Cached data not found for CYS at /net/tukwila/ncorley/datahub/MACE-OFF23_medium/C/CYS/CYS.pt
21:21:35 WARNING atomworks.ml: Cached data not found for GLN at /net/tukwila/ncorley/datahub/MACE-OFF23_medium/G/GLN/GLN.pt
21:21:35 WARNING atomworks.ml: Cached data not found for GLU at /net/tukwila/ncorley/datahub/MACE-OFF23_medium/G/GLU/GLU.pt
21:21:35 WARNING atomworks.ml: Cached data not found for GLY at /net/tukwila/ncorley/datahub/MACE-OFF23_medium/G/GLY/GLY.pt
21:21:35 WARNING atomworks.ml: Cached data not found for HIS at /net/tukwila/ncorley/datahub/MACE-OFF23_medium/H/HIS/HIS.pt
21:21:35 WARNING atomworks.ml: Cached data not found for ILE at /net/tukwila/ncorley/datahub/MACE-OFF23_medium/I/ILE/ILE.pt
21:21:35 WARNING atomworks.ml: Cached data not found for LEU at /net/tukwila/ncorley/datahub/MACE-OFF23_medium/L/LEU/LEU.pt
21:21:35 WARNING atomworks.ml: Cached data not found for LYS at /net/tukwila/ncorley/datahub/MACE-OFF23_medium/L/LYS/LYS.pt
21:21:35 WARNING atomworks.ml: Cached data not found for MET at /net/tukwila/ncorley/datahub/MACE-OFF23_medium/M/MET/MET.pt
21:21:35 WARNING atomworks.ml: Cached data not found for PHE at /net/tukwila/ncorley/datahub/MACE-OFF23_medium/P/PHE/PHE.pt
21:21:35 WARNING atomworks.ml: Cached data not found for PRO at /net/tukwila/ncorley/datahub/MACE-OFF23_medium/P/PRO/PRO.pt
21:21:35 WARNING atomworks.ml: Cached data not found for SER at /net/tukwila/ncorley/datahub/MACE-OFF23_medium/S/SER/SER.pt
21:21:35 WARNING atomworks.ml: Cached data not found for THR at /net/tukwila/ncorley/datahub/MACE-OFF23_medium/T/THR/THR.pt
21:21:35 WARNING atomworks.ml: Cached data not found for TRP at /net/tukwila/ncorley/datahub/MACE-OFF23_medium/T/TRP/TRP.pt
21:21:35 WARNING atomworks.ml: Cached data not found for TYR at /net/tukwila/ncorley/datahub/MACE-OFF23_medium/T/TYR/TYR.pt
21:21:35 WARNING atomworks.ml: Cached data not found for VAL at /net/tukwila/ncorley/datahub/MACE-OFF23_medium/V/VAL/VAL.pt
21:22:09 INFO rfd3.engine: [rank: 0] Finished inference batch in 33.87 seconds.
  Batch 2/20 ...
21:22:10 WARNING atomworks.io: The `extra_fields` argument will be ignored if there is no CIF file input.
21:22:10 WARNING atomworks.ml: Cached data not found for ALA at /net/tukwila/ncorley/datahub/MACE-OFF23_medium/A/ALA/ALA.pt
21:22:10 WARNING atomworks.ml: Cached data not found for ARG at /net/tukwila/ncorley/datahub/MACE-OFF23_medium/A/ARG/ARG.pt
21:22:10 WARNING atomworks.ml: Cached data not found for ASN at /net/tukwila/ncorley/datahub/MACE-OFF23_medium/A/ASN/ASN.pt
21:22:10 WARNING atomworks.ml: Cached data not found for ASP at /net/tukwila/ncorley/datahub/MACE-OFF23_medium/A/ASP/ASP.pt
21:22:10 WARNING atomworks.ml: Cached data not found for CYS at /net/tukwila/ncorley/datahub/MACE-OFF23_medium/C/CYS/CYS.pt
21:22:10 WARNING atomworks.ml: Cached data not found for GLN at /net/tukwila/ncorley/datahub/MACE-OFF23_medium/G/GLN/GLN.pt
21:22:10 WARNING atomworks.ml: Cached data not found for GLU at /net/tukwila/ncorley/datahub/MACE-OFF23_medium/G/GLU/GLU.pt
21:22:10 WARNING atomworks.ml: Cached data not found for GLY at /net/tukwila/ncorley/datahub/MACE-OFF23_medium/G/GLY/GLY.pt
21:22:10 WARNING atomworks.ml: Cached data not found for HIS at /net/tukwila/ncorley/datahub/MACE-OFF23_medium/H/HIS/HIS.pt
21:22:10 WARNING atomworks.ml: Cached data not found for ILE at /net/tukwila/ncorley/datahub/MACE-OFF23_medium/I/ILE/ILE.pt
21:22:10 WARNING atomworks.ml: Cached data not found for LEU at /net/tukwila/ncorley/datahub/MACE-OFF23_medium/L/LEU/LEU.pt
21:22:10 WARNING atomworks.ml: Cached data not found for LYS at /net/tukwila/ncorley/datahub/MACE-OFF23_medium/L/LYS/LYS.pt
21:22:10 WARNING atomworks.ml: Cached data not found for MET at /net/tukwila/ncorley/datahub/MACE-OFF23_medium/M/MET/MET.pt
21:22:10 WARNING atomworks.ml: Cached data not found for PHE at /net/tukwila/ncorley/datahub/MACE-OFF23_medium/P/PHE/PHE.pt
21:22:10 WARNING atomworks.ml: Cached data not found for PRO at /net/tukwila/ncorley/datahub/MACE-OFF23_medium/P/PRO/PRO.pt
21:22:10 WARNING atomworks.ml: Cached data not found for SER at /net/tukwila/ncorley/datahub/MACE-OFF23_medium/S/SER/SER.pt
21:22:10 WARNING atomworks.ml: Cached data not found for THR at /net/tukwila/ncorley/datahub/MACE-OFF23_medium/T/THR/THR.pt
21:22:10 WARNING atomworks.ml: Cached data not found for TRP at /net/tukwila/ncorley/datahub/MACE-OFF23_medium/T/TRP/TRP.pt
21:22:10 WARNING atomworks.ml: Cached data not found for TYR at /net/tukwila/ncorley/datahub/MACE-OFF23_medium/T/TYR/TYR.pt
21:22:10 WARNING atomworks.ml: Cached data not found for VAL at /net/tukwila/ncorley/datahub/MACE-OFF23_medium/V/VAL/VAL.pt
21:22:44 INFO rfd3.engine: [rank: 0] Finished inference batch in 33.63 seconds.
  Batch 3/20 ...
21:22:45 WARNING atomworks.io: The `extra_fields` argument will be ignored if there is no CIF file input.
21:22:45 WARNING atomworks.ml: Cached data not found for ALA at /net/tukwila/ncorley/datahub/MACE-OFF23_medium/A/ALA/ALA.pt
21:22:45 WARNING atomworks.ml: Cached data not found for ARG at /net/tukwila/ncorley/datahub/MACE-OFF23_medium/A/ARG/ARG.pt
21:22:45 WARNING atomworks.ml: Cached data not found for ASN at /net/tukwila/ncorley/datahub/MACE-OFF23_medium/A/ASN/ASN.pt
21:22:45 WARNING atomworks.ml: Cached data not found for ASP at /net/tukwila/ncorley/datahub/MACE-OFF23_medium/A/ASP/ASP.pt
21:22:45 WARNING atomworks.ml: Cached data not found for CYS at /net/tukwila/ncorley/datahub/MACE-OFF23_medium/C/CYS/CYS.pt
21:22:45 WARNING atomworks.ml: Cached data not found for GLN at /net/tukwila/ncorley/datahub/MACE-OFF23_medium/G/GLN/GLN.pt
21:22:45 WARNING atomworks.ml: Cached data not found for GLU at /net/tukwila/ncorley/datahub/MACE-OFF23_medium/G/GLU/GLU.pt
21:22:45 WARNING atomworks.ml: Cached data not found for GLY at /net/tukwila/ncorley/datahub/MACE-OFF23_medium/G/GLY/GLY.pt
21:22:45 WARNING atomworks.ml: Cached data not found for HIS at /net/tukwila/ncorley/datahub/MACE-OFF23_medium/H/HIS/HIS.pt
21:22:45 WARNING atomworks.ml: Cached data not found for ILE at /net/tukwila/ncorley/datahub/MACE-OFF23_medium/I/ILE/ILE.pt
21:22:45 WARNING atomworks.ml: Cached data not found for LEU at /net/tukwila/ncorley/datahub/MACE-OFF23_medium/L/LEU/LEU.pt
21:22:45 WARNING atomworks.ml: Cached data not found for LYS at /net/tukwila/ncorley/datahub/MACE-OFF23_medium/L/LYS/LYS.pt
21:22:45 WARNING atomworks.ml: Cached data not found for MET at /net/tukwila/ncorley/datahub/MACE-OFF23_medium/M/MET/MET.pt
21:22:45 WARNING atomworks.ml: Cached data not found for PHE at /net/tukwila/ncorley/datahub/MACE-OFF23_medium/P/PHE/PHE.pt
21:22:45 WARNING atomworks.ml: Cached data not found for PRO at /net/tukwila/ncorley/datahub/MACE-OFF23_medium/P/PRO/PRO.pt
21:22:45 WARNING atomworks.ml: Cached data not found for SER at /net/tukwila/ncorley/datahub/MACE-OFF23_medium/S/SER/SER.pt
21:22:45 WARNING atomworks.ml: Cached data not found for THR at /net/tukwila/ncorley/datahub/MACE-OFF23_medium/T/THR/THR.pt
21:22:45 WARNING atomworks.ml: Cached data not found for TRP at /net/tukwila/ncorley/datahub/MACE-OFF23_medium/T/TRP/TRP.pt
21:22:45 WARNING atomworks.ml: Cached data not found for TYR at /net/tukwila/ncorley/datahub/MACE-OFF23_medium/T/TYR/TYR.pt
21:22:45 WARNING atomworks.ml: Cached data not found for VAL at /net/tukwila/ncorley/datahub/MACE-OFF23_medium/V/VAL/VAL.pt
21:23:19 INFO rfd3.engine: [rank: 0] Finished inference batch in 33.64 seconds.
  Batch 4/20 ...
21:23:20 WARNING atomworks.io: The `extra_fields` argument will be ignored if there is no CIF file input.
21:23:20 WARNING atomworks.ml: Cached data not found for ALA at /net/tukwila/ncorley/datahub/MACE-OFF23_medium/A/ALA/ALA.pt
21:23:20 WARNING atomworks.ml: Cached data not found for ARG at /net/tukwila/ncorley/datahub/MACE-OFF23_medium/A/ARG/ARG.pt
21:23:20 WARNING atomworks.ml: Cached data not found for ASN at /net/tukwila/ncorley/datahub/MACE-OFF23_medium/A/ASN/ASN.pt
21:23:20 WARNING atomworks.ml: Cached data not found for ASP at /net/tukwila/ncorley/datahub/MACE-OFF23_medium/A/ASP/ASP.pt
21:23:20 WARNING atomworks.ml: Cached data not found for CYS at /net/tukwila/ncorley/datahub/MACE-OFF23_medium/C/CYS/CYS.pt
21:23:20 WARNING atomworks.ml: Cached data not found for GLN at /net/tukwila/ncorley/datahub/MACE-OFF23_medium/G/GLN/GLN.pt
21:23:20 WARNING atomworks.ml: Cached data not found for GLU at /net/tukwila/ncorley/datahub/MACE-OFF23_medium/G/GLU/GLU.pt
21:23:20 WARNING atomworks.ml: Cached data not found for GLY at /net/tukwila/ncorley/datahub/MACE-OFF23_medium/G/GLY/GLY.pt
21:23:20 WARNING atomworks.ml: Cached data not found for HIS at /net/tukwila/ncorley/datahub/MACE-OFF23_medium/H/HIS/HIS.pt
21:23:20 WARNING atomworks.ml: Cached data not found for ILE at /net/tukwila/ncorley/datahub/MACE-OFF23_medium/I/ILE/ILE.pt
21:23:20 WARNING atomworks.ml: Cached data not found for LEU at /net/tukwila/ncorley/datahub/MACE-OFF23_medium/L/LEU/LEU.pt
21:23:20 WARNING atomworks.ml: Cached data not found for LYS at /net/tukwila/ncorley/datahub/MACE-OFF23_medium/L/LYS/LYS.pt
21:23:20 WARNING atomworks.ml: Cached data not found for MET at /net/tukwila/ncorley/datahub/MACE-OFF23_medium/M/MET/MET.pt
21:23:20 WARNING atomworks.ml: Cached data not found for PHE at /net/tukwila/ncorley/datahub/MACE-OFF23_medium/P/PHE/PHE.pt
21:23:20 WARNING atomworks.ml: Cached data not found for PRO at /net/tukwila/ncorley/datahub/MACE-OFF23_medium/P/PRO/PRO.pt
21:23:20 WARNING atomworks.ml: Cached data not found for SER at /net/tukwila/ncorley/datahub/MACE-OFF23_medium/S/SER/SER.pt
21:23:20 WARNING atomworks.ml: Cached data not found for THR at /net/tukwila/ncorley/datahub/MACE-OFF23_medium/T/THR/THR.pt
21:23:20 WARNING atomworks.ml: Cached data not found for TRP at /net/tukwila/ncorley/datahub/MACE-OFF23_medium/T/TRP/TRP.pt
21:23:20 WARNING atomworks.ml: Cached data not found for TYR at /net/tukwila/ncorley/datahub/MACE-OFF23_medium/T/TYR/TYR.pt
21:23:20 WARNING atomworks.ml: Cached data not found for VAL at /net/tukwila/ncorley/datahub/MACE-OFF23_medium/V/VAL/VAL.pt
21:23:54 INFO rfd3.engine: [rank: 0] Finished inference batch in 33.62 seconds.
  Batch 5/20 ...
21:23:55 WARNING atomworks.io: The `extra_fields` argument will be ignored if there is no CIF file input.
21:23:55 WARNING atomworks.ml: Cached data not found for ALA at /net/tukwila/ncorley/datahub/MACE-OFF23_medium/A/ALA/ALA.pt
21:23:55 WARNING atomworks.ml: Cached data not found for ARG at /net/tukwila/ncorley/datahub/MACE-OFF23_medium/A/ARG/ARG.pt
21:23:55 WARNING atomworks.ml: Cached data not found for ASN at /net/tukwila/ncorley/datahub/MACE-OFF23_medium/A/ASN/ASN.pt
21:23:55 WARNING atomworks.ml: Cached data not found for ASP at /net/tukwila/ncorley/datahub/MACE-OFF23_medium/A/ASP/ASP.pt
21:23:55 WARNING atomworks.ml: Cached data not found for CYS at /net/tukwila/ncorley/datahub/MACE-OFF23_medium/C/CYS/CYS.pt
21:23:55 WARNING atomworks.ml: Cached data not found for GLN at /net/tukwila/ncorley/datahub/MACE-OFF23_medium/G/GLN/GLN.pt
21:23:55 WARNING atomworks.ml: Cached data not found for GLU at /net/tukwila/ncorley/datahub/MACE-OFF23_medium/G/GLU/GLU.pt
21:23:55 WARNING atomworks.ml: Cached data not found for GLY at /net/tukwila/ncorley/datahub/MACE-OFF23_medium/G/GLY/GLY.pt
21:23:55 WARNING atomworks.ml: Cached data not found for HIS at /net/tukwila/ncorley/datahub/MACE-OFF23_medium/H/HIS/HIS.pt
21:23:55 WARNING atomworks.ml: Cached data not found for ILE at /net/tukwila/ncorley/datahub/MACE-OFF23_medium/I/ILE/ILE.pt
21:23:55 WARNING atomworks.ml: Cached data not found for LEU at /net/tukwila/ncorley/datahub/MACE-OFF23_medium/L/LEU/LEU.pt
21:23:55 WARNING atomworks.ml: Cached data not found for LYS at /net/tukwila/ncorley/datahub/MACE-OFF23_medium/L/LYS/LYS.pt
21:23:55 WARNING atomworks.ml: Cached data not found for MET at /net/tukwila/ncorley/datahub/MACE-OFF23_medium/M/MET/MET.pt
21:23:55 WARNING atomworks.ml: Cached data not found for PHE at /net/tukwila/ncorley/datahub/MACE-OFF23_medium/P/PHE/PHE.pt
21:23:55 WARNING atomworks.ml: Cached data not found for PRO at /net/tukwila/ncorley/datahub/MACE-OFF23_medium/P/PRO/PRO.pt
21:23:55 WARNING atomworks.ml: Cached data not found for SER at /net/tukwila/ncorley/datahub/MACE-OFF23_medium/S/SER/SER.pt
21:23:55 WARNING atomworks.ml: Cached data not found for THR at /net/tukwila/ncorley/datahub/MACE-OFF23_medium/T/THR/THR.pt
21:23:55 WARNING atomworks.ml: Cached data not found for TRP at /net/tukwila/ncorley/datahub/MACE-OFF23_medium/T/TRP/TRP.pt
21:23:55 WARNING atomworks.ml: Cached data not found for TYR at /net/tukwila/ncorley/datahub/MACE-OFF23_medium/T/TYR/TYR.pt
21:23:55 WARNING atomworks.ml: Cached data not found for VAL at /net/tukwila/ncorley/datahub/MACE-OFF23_medium/V/VAL/VAL.pt
21:24:29 INFO rfd3.engine: [rank: 0] Finished inference batch in 34.37 seconds.
  Batch 6/20 ...
21:24:30 WARNING atomworks.io: The `extra_fields` argument will be ignored if there is no CIF file input.
21:24:31 WARNING atomworks.ml: Cached data not found for ALA at /net/tukwila/ncorley/datahub/MACE-OFF23_medium/A/ALA/ALA.pt
21:24:31 WARNING atomworks.ml: Cached data not found for ARG at /net/tukwila/ncorley/datahub/MACE-OFF23_medium/A/ARG/ARG.pt
21:24:31 WARNING atomworks.ml: Cached data not found for ASN at /net/tukwila/ncorley/datahub/MACE-OFF23_medium/A/ASN/ASN.pt
21:24:31 WARNING atomworks.ml: Cached data not found for ASP at /net/tukwila/ncorley/datahub/MACE-OFF23_medium/A/ASP/ASP.pt
21:24:31 WARNING atomworks.ml: Cached data not found for CYS at /net/tukwila/ncorley/datahub/MACE-OFF23_medium/C/CYS/CYS.pt
21:24:31 WARNING atomworks.ml: Cached data not found for GLN at /net/tukwila/ncorley/datahub/MACE-OFF23_medium/G/GLN/GLN.pt
21:24:31 WARNING atomworks.ml: Cached data not found for GLU at /net/tukwila/ncorley/datahub/MACE-OFF23_medium/G/GLU/GLU.pt
21:24:31 WARNING atomworks.ml: Cached data not found for GLY at /net/tukwila/ncorley/datahub/MACE-OFF23_medium/G/GLY/GLY.pt
21:24:31 WARNING atomworks.ml: Cached data not found for HIS at /net/tukwila/ncorley/datahub/MACE-OFF23_medium/H/HIS/HIS.pt
21:24:31 WARNING atomworks.ml: Cached data not found for ILE at /net/tukwila/ncorley/datahub/MACE-OFF23_medium/I/ILE/ILE.pt
21:24:31 WARNING atomworks.ml: Cached data not found for LEU at /net/tukwila/ncorley/datahub/MACE-OFF23_medium/L/LEU/LEU.pt
21:24:31 WARNING atomworks.ml: Cached data not found for LYS at /net/tukwila/ncorley/datahub/MACE-OFF23_medium/L/LYS/LYS.pt
21:24:31 WARNING atomworks.ml: Cached data not found for MET at /net/tukwila/ncorley/datahub/MACE-OFF23_medium/M/MET/MET.pt
21:24:31 WARNING atomworks.ml: Cached data not found for PHE at /net/tukwila/ncorley/datahub/MACE-OFF23_medium/P/PHE/PHE.pt
21:24:31 WARNING atomworks.ml: Cached data not found for PRO at /net/tukwila/ncorley/datahub/MACE-OFF23_medium/P/PRO/PRO.pt
21:24:31 WARNING atomworks.ml: Cached data not found for SER at /net/tukwila/ncorley/datahub/MACE-OFF23_medium/S/SER/SER.pt
21:24:31 WARNING atomworks.ml: Cached data not found for THR at /net/tukwila/ncorley/datahub/MACE-OFF23_medium/T/THR/THR.pt
21:24:31 WARNING atomworks.ml: Cached data not found for TRP at /net/tukwila/ncorley/datahub/MACE-OFF23_medium/T/TRP/TRP.pt
21:24:31 WARNING atomworks.ml: Cached data not found for TYR at /net/tukwila/ncorley/datahub/MACE-OFF23_medium/T/TYR/TYR.pt
21:24:31 WARNING atomworks.ml: Cached data not found for VAL at /net/tukwila/ncorley/datahub/MACE-OFF23_medium/V/VAL/VAL.pt
21:25:05 INFO rfd3.engine: [rank: 0] Finished inference batch in 34.36 seconds.
  Batch 7/20 ...
21:25:06 WARNING atomworks.io: The `extra_fields` argument will be ignored if there is no CIF file input.
21:25:06 WARNING atomworks.ml: Cached data not found for ALA at /net/tukwila/ncorley/datahub/MACE-OFF23_medium/A/ALA/ALA.pt
21:25:06 WARNING atomworks.ml: Cached data not found for ARG at /net/tukwila/ncorley/datahub/MACE-OFF23_medium/A/ARG/ARG.pt
21:25:06 WARNING atomworks.ml: Cached data not found for ASN at /net/tukwila/ncorley/datahub/MACE-OFF23_medium/A/ASN/ASN.pt
21:25:06 WARNING atomworks.ml: Cached data not found for ASP at /net/tukwila/ncorley/datahub/MACE-OFF23_medium/A/ASP/ASP.pt
21:25:06 WARNING atomworks.ml: Cached data not found for CYS at /net/tukwila/ncorley/datahub/MACE-OFF23_medium/C/CYS/CYS.pt
21:25:06 WARNING atomworks.ml: Cached data not found for GLN at /net/tukwila/ncorley/datahub/MACE-OFF23_medium/G/GLN/GLN.pt
21:25:06 WARNING atomworks.ml: Cached data not found for GLU at /net/tukwila/ncorley/datahub/MACE-OFF23_medium/G/GLU/GLU.pt
21:25:06 WARNING atomworks.ml: Cached data not found for GLY at /net/tukwila/ncorley/datahub/MACE-OFF23_medium/G/GLY/GLY.pt
21:25:06 WARNING atomworks.ml: Cached data not found for HIS at /net/tukwila/ncorley/datahub/MACE-OFF23_medium/H/HIS/HIS.pt
21:25:06 WARNING atomworks.ml: Cached data not found for ILE at /net/tukwila/ncorley/datahub/MACE-OFF23_medium/I/ILE/ILE.pt
21:25:06 WARNING atomworks.ml: Cached data not found for LEU at /net/tukwila/ncorley/datahub/MACE-OFF23_medium/L/LEU/LEU.pt
21:25:06 WARNING atomworks.ml: Cached data not found for LYS at /net/tukwila/ncorley/datahub/MACE-OFF23_medium/L/LYS/LYS.pt
21:25:06 WARNING atomworks.ml: Cached data not found for MET at /net/tukwila/ncorley/datahub/MACE-OFF23_medium/M/MET/MET.pt
21:25:06 WARNING atomworks.ml: Cached data not found for PHE at /net/tukwila/ncorley/datahub/MACE-OFF23_medium/P/PHE/PHE.pt
21:25:06 WARNING atomworks.ml: Cached data not found for PRO at /net/tukwila/ncorley/datahub/MACE-OFF23_medium/P/PRO/PRO.pt
21:25:06 WARNING atomworks.ml: Cached data not found for SER at /net/tukwila/ncorley/datahub/MACE-OFF23_medium/S/SER/SER.pt
21:25:06 WARNING atomworks.ml: Cached data not found for THR at /net/tukwila/ncorley/datahub/MACE-OFF23_medium/T/THR/THR.pt
21:25:06 WARNING atomworks.ml: Cached data not found for TRP at /net/tukwila/ncorley/datahub/MACE-OFF23_medium/T/TRP/TRP.pt
21:25:06 WARNING atomworks.ml: Cached data not found for TYR at /net/tukwila/ncorley/datahub/MACE-OFF23_medium/T/TYR/TYR.pt
21:25:06 WARNING atomworks.ml: Cached data not found for VAL at /net/tukwila/ncorley/datahub/MACE-OFF23_medium/V/VAL/VAL.pt
21:25:40 INFO rfd3.engine: [rank: 0] Finished inference batch in 33.49 seconds.
  Batch 8/20 ...
21:25:41 WARNING atomworks.io: The `extra_fields` argument will be ignored if there is no CIF file input.
21:25:41 WARNING atomworks.ml: Cached data not found for ALA at /net/tukwila/ncorley/datahub/MACE-OFF23_medium/A/ALA/ALA.pt
21:25:41 WARNING atomworks.ml: Cached data not found for ARG at /net/tukwila/ncorley/datahub/MACE-OFF23_medium/A/ARG/ARG.pt
21:25:41 WARNING atomworks.ml: Cached data not found for ASN at /net/tukwila/ncorley/datahub/MACE-OFF23_medium/A/ASN/ASN.pt
21:25:41 WARNING atomworks.ml: Cached data not found for ASP at /net/tukwila/ncorley/datahub/MACE-OFF23_medium/A/ASP/ASP.pt
21:25:41 WARNING atomworks.ml: Cached data not found for CYS at /net/tukwila/ncorley/datahub/MACE-OFF23_medium/C/CYS/CYS.pt
21:25:41 WARNING atomworks.ml: Cached data not found for GLN at /net/tukwila/ncorley/datahub/MACE-OFF23_medium/G/GLN/GLN.pt
21:25:41 WARNING atomworks.ml: Cached data not found for GLU at /net/tukwila/ncorley/datahub/MACE-OFF23_medium/G/GLU/GLU.pt
21:25:41 WARNING atomworks.ml: Cached data not found for GLY at /net/tukwila/ncorley/datahub/MACE-OFF23_medium/G/GLY/GLY.pt
21:25:41 WARNING atomworks.ml: Cached data not found for HIS at /net/tukwila/ncorley/datahub/MACE-OFF23_medium/H/HIS/HIS.pt
21:25:41 WARNING atomworks.ml: Cached data not found for ILE at /net/tukwila/ncorley/datahub/MACE-OFF23_medium/I/ILE/ILE.pt
21:25:41 WARNING atomworks.ml: Cached data not found for LEU at /net/tukwila/ncorley/datahub/MACE-OFF23_medium/L/LEU/LEU.pt
21:25:41 WARNING atomworks.ml: Cached data not found for LYS at /net/tukwila/ncorley/datahub/MACE-OFF23_medium/L/LYS/LYS.pt
21:25:41 WARNING atomworks.ml: Cached data not found for MET at /net/tukwila/ncorley/datahub/MACE-OFF23_medium/M/MET/MET.pt
21:25:41 WARNING atomworks.ml: Cached data not found for PHE at /net/tukwila/ncorley/datahub/MACE-OFF23_medium/P/PHE/PHE.pt
21:25:41 WARNING atomworks.ml: Cached data not found for PRO at /net/tukwila/ncorley/datahub/MACE-OFF23_medium/P/PRO/PRO.pt
21:25:41 WARNING atomworks.ml: Cached data not found for SER at /net/tukwila/ncorley/datahub/MACE-OFF23_medium/S/SER/SER.pt
21:25:41 WARNING atomworks.ml: Cached data not found for THR at /net/tukwila/ncorley/datahub/MACE-OFF23_medium/T/THR/THR.pt
21:25:41 WARNING atomworks.ml: Cached data not found for TRP at /net/tukwila/ncorley/datahub/MACE-OFF23_medium/T/TRP/TRP.pt
21:25:41 WARNING atomworks.ml: Cached data not found for TYR at /net/tukwila/ncorley/datahub/MACE-OFF23_medium/T/TYR/TYR.pt
21:25:41 WARNING atomworks.ml: Cached data not found for VAL at /net/tukwila/ncorley/datahub/MACE-OFF23_medium/V/VAL/VAL.pt
21:26:15 INFO rfd3.engine: [rank: 0] Finished inference batch in 33.73 seconds.
  Batch 9/20 ...
21:26:16 WARNING atomworks.io: The `extra_fields` argument will be ignored if there is no CIF file input.
21:26:16 WARNING atomworks.ml: Cached data not found for ALA at /net/tukwila/ncorley/datahub/MACE-OFF23_medium/A/ALA/ALA.pt
21:26:16 WARNING atomworks.ml: Cached data not found for ARG at /net/tukwila/ncorley/datahub/MACE-OFF23_medium/A/ARG/ARG.pt
21:26:16 WARNING atomworks.ml: Cached data not found for ASN at /net/tukwila/ncorley/datahub/MACE-OFF23_medium/A/ASN/ASN.pt
21:26:16 WARNING atomworks.ml: Cached data not found for ASP at /net/tukwila/ncorley/datahub/MACE-OFF23_medium/A/ASP/ASP.pt
21:26:16 WARNING atomworks.ml: Cached data not found for CYS at /net/tukwila/ncorley/datahub/MACE-OFF23_medium/C/CYS/CYS.pt
21:26:16 WARNING atomworks.ml: Cached data not found for GLN at /net/tukwila/ncorley/datahub/MACE-OFF23_medium/G/GLN/GLN.pt
21:26:16 WARNING atomworks.ml: Cached data not found for GLU at /net/tukwila/ncorley/datahub/MACE-OFF23_medium/G/GLU/GLU.pt
21:26:16 WARNING atomworks.ml: Cached data not found for GLY at /net/tukwila/ncorley/datahub/MACE-OFF23_medium/G/GLY/GLY.pt
21:26:16 WARNING atomworks.ml: Cached data not found for HIS at /net/tukwila/ncorley/datahub/MACE-OFF23_medium/H/HIS/HIS.pt
21:26:16 WARNING atomworks.ml: Cached data not found for ILE at /net/tukwila/ncorley/datahub/MACE-OFF23_medium/I/ILE/ILE.pt
21:26:16 WARNING atomworks.ml: Cached data not found for LEU at /net/tukwila/ncorley/datahub/MACE-OFF23_medium/L/LEU/LEU.pt
21:26:16 WARNING atomworks.ml: Cached data not found for LYS at /net/tukwila/ncorley/datahub/MACE-OFF23_medium/L/LYS/LYS.pt
21:26:16 WARNING atomworks.ml: Cached data not found for MET at /net/tukwila/ncorley/datahub/MACE-OFF23_medium/M/MET/MET.pt
21:26:16 WARNING atomworks.ml: Cached data not found for PHE at /net/tukwila/ncorley/datahub/MACE-OFF23_medium/P/PHE/PHE.pt
21:26:16 WARNING atomworks.ml: Cached data not found for PRO at /net/tukwila/ncorley/datahub/MACE-OFF23_medium/P/PRO/PRO.pt
21:26:16 WARNING atomworks.ml: Cached data not found for SER at /net/tukwila/ncorley/datahub/MACE-OFF23_medium/S/SER/SER.pt
21:26:16 WARNING atomworks.ml: Cached data not found for THR at /net/tukwila/ncorley/datahub/MACE-OFF23_medium/T/THR/THR.pt
21:26:16 WARNING atomworks.ml: Cached data not found for TRP at /net/tukwila/ncorley/datahub/MACE-OFF23_medium/T/TRP/TRP.pt
21:26:16 WARNING atomworks.ml: Cached data not found for TYR at /net/tukwila/ncorley/datahub/MACE-OFF23_medium/T/TYR/TYR.pt
21:26:16 WARNING atomworks.ml: Cached data not found for VAL at /net/tukwila/ncorley/datahub/MACE-OFF23_medium/V/VAL/VAL.pt
21:26:50 INFO rfd3.engine: [rank: 0] Finished inference batch in 33.51 seconds.
  Batch 10/20 ...
21:26:51 WARNING atomworks.io: The `extra_fields` argument will be ignored if there is no CIF file input.
21:26:51 WARNING atomworks.ml: Cached data not found for ALA at /net/tukwila/ncorley/datahub/MACE-OFF23_medium/A/ALA/ALA.pt
21:26:51 WARNING atomworks.ml: Cached data not found for ARG at /net/tukwila/ncorley/datahub/MACE-OFF23_medium/A/ARG/ARG.pt
21:26:51 WARNING atomworks.ml: Cached data not found for ASN at /net/tukwila/ncorley/datahub/MACE-OFF23_medium/A/ASN/ASN.pt
21:26:51 WARNING atomworks.ml: Cached data not found for ASP at /net/tukwila/ncorley/datahub/MACE-OFF23_medium/A/ASP/ASP.pt
21:26:51 WARNING atomworks.ml: Cached data not found for CYS at /net/tukwila/ncorley/datahub/MACE-OFF23_medium/C/CYS/CYS.pt
21:26:51 WARNING atomworks.ml: Cached data not found for GLN at /net/tukwila/ncorley/datahub/MACE-OFF23_medium/G/GLN/GLN.pt
21:26:51 WARNING atomworks.ml: Cached data not found for GLU at /net/tukwila/ncorley/datahub/MACE-OFF23_medium/G/GLU/GLU.pt
21:26:51 WARNING atomworks.ml: Cached data not found for GLY at /net/tukwila/ncorley/datahub/MACE-OFF23_medium/G/GLY/GLY.pt
21:26:51 WARNING atomworks.ml: Cached data not found for HIS at /net/tukwila/ncorley/datahub/MACE-OFF23_medium/H/HIS/HIS.pt
21:26:51 WARNING atomworks.ml: Cached data not found for ILE at /net/tukwila/ncorley/datahub/MACE-OFF23_medium/I/ILE/ILE.pt
21:26:51 WARNING atomworks.ml: Cached data not found for LEU at /net/tukwila/ncorley/datahub/MACE-OFF23_medium/L/LEU/LEU.pt
21:26:51 WARNING atomworks.ml: Cached data not found for LYS at /net/tukwila/ncorley/datahub/MACE-OFF23_medium/L/LYS/LYS.pt
21:26:51 WARNING atomworks.ml: Cached data not found for MET at /net/tukwila/ncorley/datahub/MACE-OFF23_medium/M/MET/MET.pt
21:26:51 WARNING atomworks.ml: Cached data not found for PHE at /net/tukwila/ncorley/datahub/MACE-OFF23_medium/P/PHE/PHE.pt
21:26:51 WARNING atomworks.ml: Cached data not found for PRO at /net/tukwila/ncorley/datahub/MACE-OFF23_medium/P/PRO/PRO.pt
21:26:51 WARNING atomworks.ml: Cached data not found for SER at /net/tukwila/ncorley/datahub/MACE-OFF23_medium/S/SER/SER.pt
21:26:51 WARNING atomworks.ml: Cached data not found for THR at /net/tukwila/ncorley/datahub/MACE-OFF23_medium/T/THR/THR.pt
21:26:51 WARNING atomworks.ml: Cached data not found for TRP at /net/tukwila/ncorley/datahub/MACE-OFF23_medium/T/TRP/TRP.pt
21:26:51 WARNING atomworks.ml: Cached data not found for TYR at /net/tukwila/ncorley/datahub/MACE-OFF23_medium/T/TYR/TYR.pt
21:26:51 WARNING atomworks.ml: Cached data not found for VAL at /net/tukwila/ncorley/datahub/MACE-OFF23_medium/V/VAL/VAL.pt
21:27:25 INFO rfd3.engine: [rank: 0] Finished inference batch in 34.20 seconds.
  Batch 11/20 ...
21:27:26 WARNING atomworks.io: The `extra_fields` argument will be ignored if there is no CIF file input.
21:27:27 WARNING atomworks.ml: Cached data not found for ALA at /net/tukwila/ncorley/datahub/MACE-OFF23_medium/A/ALA/ALA.pt
21:27:27 WARNING atomworks.ml: Cached data not found for ARG at /net/tukwila/ncorley/datahub/MACE-OFF23_medium/A/ARG/ARG.pt
21:27:27 WARNING atomworks.ml: Cached data not found for ASN at /net/tukwila/ncorley/datahub/MACE-OFF23_medium/A/ASN/ASN.pt
21:27:27 WARNING atomworks.ml: Cached data not found for ASP at /net/tukwila/ncorley/datahub/MACE-OFF23_medium/A/ASP/ASP.pt
21:27:27 WARNING atomworks.ml: Cached data not found for CYS at /net/tukwila/ncorley/datahub/MACE-OFF23_medium/C/CYS/CYS.pt
21:27:27 WARNING atomworks.ml: Cached data not found for GLN at /net/tukwila/ncorley/datahub/MACE-OFF23_medium/G/GLN/GLN.pt
21:27:27 WARNING atomworks.ml: Cached data not found for GLU at /net/tukwila/ncorley/datahub/MACE-OFF23_medium/G/GLU/GLU.pt
21:27:27 WARNING atomworks.ml: Cached data not found for GLY at /net/tukwila/ncorley/datahub/MACE-OFF23_medium/G/GLY/GLY.pt
21:27:27 WARNING atomworks.ml: Cached data not found for HIS at /net/tukwila/ncorley/datahub/MACE-OFF23_medium/H/HIS/HIS.pt
21:27:27 WARNING atomworks.ml: Cached data not found for ILE at /net/tukwila/ncorley/datahub/MACE-OFF23_medium/I/ILE/ILE.pt
21:27:27 WARNING atomworks.ml: Cached data not found for LEU at /net/tukwila/ncorley/datahub/MACE-OFF23_medium/L/LEU/LEU.pt
21:27:27 WARNING atomworks.ml: Cached data not found for LYS at /net/tukwila/ncorley/datahub/MACE-OFF23_medium/L/LYS/LYS.pt
21:27:27 WARNING atomworks.ml: Cached data not found for MET at /net/tukwila/ncorley/datahub/MACE-OFF23_medium/M/MET/MET.pt
21:27:27 WARNING atomworks.ml: Cached data not found for PHE at /net/tukwila/ncorley/datahub/MACE-OFF23_medium/P/PHE/PHE.pt
21:27:27 WARNING atomworks.ml: Cached data not found for PRO at /net/tukwila/ncorley/datahub/MACE-OFF23_medium/P/PRO/PRO.pt
21:27:27 WARNING atomworks.ml: Cached data not found for SER at /net/tukwila/ncorley/datahub/MACE-OFF23_medium/S/SER/SER.pt
21:27:27 WARNING atomworks.ml: Cached data not found for THR at /net/tukwila/ncorley/datahub/MACE-OFF23_medium/T/THR/THR.pt
21:27:27 WARNING atomworks.ml: Cached data not found for TRP at /net/tukwila/ncorley/datahub/MACE-OFF23_medium/T/TRP/TRP.pt
21:27:27 WARNING atomworks.ml: Cached data not found for TYR at /net/tukwila/ncorley/datahub/MACE-OFF23_medium/T/TYR/TYR.pt
21:27:27 WARNING atomworks.ml: Cached data not found for VAL at /net/tukwila/ncorley/datahub/MACE-OFF23_medium/V/VAL/VAL.pt
21:28:00 INFO rfd3.engine: [rank: 0] Finished inference batch in 33.75 seconds.
  Batch 12/20 ...
21:28:01 WARNING atomworks.io: The `extra_fields` argument will be ignored if there is no CIF file input.
21:28:02 WARNING atomworks.ml: Cached data not found for ALA at /net/tukwila/ncorley/datahub/MACE-OFF23_medium/A/ALA/ALA.pt
21:28:02 WARNING atomworks.ml: Cached data not found for ARG at /net/tukwila/ncorley/datahub/MACE-OFF23_medium/A/ARG/ARG.pt
21:28:02 WARNING atomworks.ml: Cached data not found for ASN at /net/tukwila/ncorley/datahub/MACE-OFF23_medium/A/ASN/ASN.pt
21:28:02 WARNING atomworks.ml: Cached data not found for ASP at /net/tukwila/ncorley/datahub/MACE-OFF23_medium/A/ASP/ASP.pt
21:28:02 WARNING atomworks.ml: Cached data not found for CYS at /net/tukwila/ncorley/datahub/MACE-OFF23_medium/C/CYS/CYS.pt
21:28:02 WARNING atomworks.ml: Cached data not found for GLN at /net/tukwila/ncorley/datahub/MACE-OFF23_medium/G/GLN/GLN.pt
21:28:02 WARNING atomworks.ml: Cached data not found for GLU at /net/tukwila/ncorley/datahub/MACE-OFF23_medium/G/GLU/GLU.pt
21:28:02 WARNING atomworks.ml: Cached data not found for GLY at /net/tukwila/ncorley/datahub/MACE-OFF23_medium/G/GLY/GLY.pt
21:28:02 WARNING atomworks.ml: Cached data not found for HIS at /net/tukwila/ncorley/datahub/MACE-OFF23_medium/H/HIS/HIS.pt
21:28:02 WARNING atomworks.ml: Cached data not found for ILE at /net/tukwila/ncorley/datahub/MACE-OFF23_medium/I/ILE/ILE.pt
21:28:02 WARNING atomworks.ml: Cached data not found for LEU at /net/tukwila/ncorley/datahub/MACE-OFF23_medium/L/LEU/LEU.pt
21:28:02 WARNING atomworks.ml: Cached data not found for LYS at /net/tukwila/ncorley/datahub/MACE-OFF23_medium/L/LYS/LYS.pt
21:28:02 WARNING atomworks.ml: Cached data not found for MET at /net/tukwila/ncorley/datahub/MACE-OFF23_medium/M/MET/MET.pt
21:28:02 WARNING atomworks.ml: Cached data not found for PHE at /net/tukwila/ncorley/datahub/MACE-OFF23_medium/P/PHE/PHE.pt
21:28:02 WARNING atomworks.ml: Cached data not found for PRO at /net/tukwila/ncorley/datahub/MACE-OFF23_medium/P/PRO/PRO.pt
21:28:02 WARNING atomworks.ml: Cached data not found for SER at /net/tukwila/ncorley/datahub/MACE-OFF23_medium/S/SER/SER.pt
21:28:02 WARNING atomworks.ml: Cached data not found for THR at /net/tukwila/ncorley/datahub/MACE-OFF23_medium/T/THR/THR.pt
21:28:02 WARNING atomworks.ml: Cached data not found for TRP at /net/tukwila/ncorley/datahub/MACE-OFF23_medium/T/TRP/TRP.pt
21:28:02 WARNING atomworks.ml: Cached data not found for TYR at /net/tukwila/ncorley/datahub/MACE-OFF23_medium/T/TYR/TYR.pt
21:28:02 WARNING atomworks.ml: Cached data not found for VAL at /net/tukwila/ncorley/datahub/MACE-OFF23_medium/V/VAL/VAL.pt
21:28:35 INFO rfd3.engine: [rank: 0] Finished inference batch in 33.40 seconds.
  Batch 13/20 ...
21:28:36 WARNING atomworks.io: The `extra_fields` argument will be ignored if there is no CIF file input.
21:28:36 WARNING atomworks.ml: Cached data not found for ALA at /net/tukwila/ncorley/datahub/MACE-OFF23_medium/A/ALA/ALA.pt
21:28:36 WARNING atomworks.ml: Cached data not found for ARG at /net/tukwila/ncorley/datahub/MACE-OFF23_medium/A/ARG/ARG.pt
21:28:36 WARNING atomworks.ml: Cached data not found for ASN at /net/tukwila/ncorley/datahub/MACE-OFF23_medium/A/ASN/ASN.pt
21:28:36 WARNING atomworks.ml: Cached data not found for ASP at /net/tukwila/ncorley/datahub/MACE-OFF23_medium/A/ASP/ASP.pt
21:28:36 WARNING atomworks.ml: Cached data not found for CYS at /net/tukwila/ncorley/datahub/MACE-OFF23_medium/C/CYS/CYS.pt
21:28:36 WARNING atomworks.ml: Cached data not found for GLN at /net/tukwila/ncorley/datahub/MACE-OFF23_medium/G/GLN/GLN.pt
21:28:36 WARNING atomworks.ml: Cached data not found for GLU at /net/tukwila/ncorley/datahub/MACE-OFF23_medium/G/GLU/GLU.pt
21:28:36 WARNING atomworks.ml: Cached data not found for GLY at /net/tukwila/ncorley/datahub/MACE-OFF23_medium/G/GLY/GLY.pt
21:28:36 WARNING atomworks.ml: Cached data not found for HIS at /net/tukwila/ncorley/datahub/MACE-OFF23_medium/H/HIS/HIS.pt
21:28:36 WARNING atomworks.ml: Cached data not found for ILE at /net/tukwila/ncorley/datahub/MACE-OFF23_medium/I/ILE/ILE.pt
21:28:36 WARNING atomworks.ml: Cached data not found for LEU at /net/tukwila/ncorley/datahub/MACE-OFF23_medium/L/LEU/LEU.pt
21:28:36 WARNING atomworks.ml: Cached data not found for LYS at /net/tukwila/ncorley/datahub/MACE-OFF23_medium/L/LYS/LYS.pt
21:28:36 WARNING atomworks.ml: Cached data not found for MET at /net/tukwila/ncorley/datahub/MACE-OFF23_medium/M/MET/MET.pt
21:28:36 WARNING atomworks.ml: Cached data not found for PHE at /net/tukwila/ncorley/datahub/MACE-OFF23_medium/P/PHE/PHE.pt
21:28:36 WARNING atomworks.ml: Cached data not found for PRO at /net/tukwila/ncorley/datahub/MACE-OFF23_medium/P/PRO/PRO.pt
21:28:36 WARNING atomworks.ml: Cached data not found for SER at /net/tukwila/ncorley/datahub/MACE-OFF23_medium/S/SER/SER.pt
21:28:36 WARNING atomworks.ml: Cached data not found for THR at /net/tukwila/ncorley/datahub/MACE-OFF23_medium/T/THR/THR.pt
21:28:36 WARNING atomworks.ml: Cached data not found for TRP at /net/tukwila/ncorley/datahub/MACE-OFF23_medium/T/TRP/TRP.pt
21:28:36 WARNING atomworks.ml: Cached data not found for TYR at /net/tukwila/ncorley/datahub/MACE-OFF23_medium/T/TYR/TYR.pt
21:28:36 WARNING atomworks.ml: Cached data not found for VAL at /net/tukwila/ncorley/datahub/MACE-OFF23_medium/V/VAL/VAL.pt
21:29:10 INFO rfd3.engine: [rank: 0] Finished inference batch in 33.38 seconds.
  Batch 14/20 ...
21:29:11 WARNING atomworks.io: The `extra_fields` argument will be ignored if there is no CIF file input.
21:29:11 WARNING atomworks.ml: Cached data not found for ALA at /net/tukwila/ncorley/datahub/MACE-OFF23_medium/A/ALA/ALA.pt
21:29:11 WARNING atomworks.ml: Cached data not found for ARG at /net/tukwila/ncorley/datahub/MACE-OFF23_medium/A/ARG/ARG.pt
21:29:11 WARNING atomworks.ml: Cached data not found for ASN at /net/tukwila/ncorley/datahub/MACE-OFF23_medium/A/ASN/ASN.pt
21:29:11 WARNING atomworks.ml: Cached data not found for ASP at /net/tukwila/ncorley/datahub/MACE-OFF23_medium/A/ASP/ASP.pt
21:29:11 WARNING atomworks.ml: Cached data not found for CYS at /net/tukwila/ncorley/datahub/MACE-OFF23_medium/C/CYS/CYS.pt
21:29:11 WARNING atomworks.ml: Cached data not found for GLN at /net/tukwila/ncorley/datahub/MACE-OFF23_medium/G/GLN/GLN.pt
21:29:11 WARNING atomworks.ml: Cached data not found for GLU at /net/tukwila/ncorley/datahub/MACE-OFF23_medium/G/GLU/GLU.pt
21:29:11 WARNING atomworks.ml: Cached data not found for GLY at /net/tukwila/ncorley/datahub/MACE-OFF23_medium/G/GLY/GLY.pt
21:29:11 WARNING atomworks.ml: Cached data not found for HIS at /net/tukwila/ncorley/datahub/MACE-OFF23_medium/H/HIS/HIS.pt
21:29:11 WARNING atomworks.ml: Cached data not found for ILE at /net/tukwila/ncorley/datahub/MACE-OFF23_medium/I/ILE/ILE.pt
21:29:11 WARNING atomworks.ml: Cached data not found for LEU at /net/tukwila/ncorley/datahub/MACE-OFF23_medium/L/LEU/LEU.pt
21:29:11 WARNING atomworks.ml: Cached data not found for LYS at /net/tukwila/ncorley/datahub/MACE-OFF23_medium/L/LYS/LYS.pt
21:29:11 WARNING atomworks.ml: Cached data not found for MET at /net/tukwila/ncorley/datahub/MACE-OFF23_medium/M/MET/MET.pt
21:29:11 WARNING atomworks.ml: Cached data not found for PHE at /net/tukwila/ncorley/datahub/MACE-OFF23_medium/P/PHE/PHE.pt
21:29:11 WARNING atomworks.ml: Cached data not found for PRO at /net/tukwila/ncorley/datahub/MACE-OFF23_medium/P/PRO/PRO.pt
21:29:11 WARNING atomworks.ml: Cached data not found for SER at /net/tukwila/ncorley/datahub/MACE-OFF23_medium/S/SER/SER.pt
21:29:11 WARNING atomworks.ml: Cached data not found for THR at /net/tukwila/ncorley/datahub/MACE-OFF23_medium/T/THR/THR.pt
21:29:11 WARNING atomworks.ml: Cached data not found for TRP at /net/tukwila/ncorley/datahub/MACE-OFF23_medium/T/TRP/TRP.pt
21:29:11 WARNING atomworks.ml: Cached data not found for TYR at /net/tukwila/ncorley/datahub/MACE-OFF23_medium/T/TYR/TYR.pt
21:29:11 WARNING atomworks.ml: Cached data not found for VAL at /net/tukwila/ncorley/datahub/MACE-OFF23_medium/V/VAL/VAL.pt
21:29:45 INFO rfd3.engine: [rank: 0] Finished inference batch in 33.94 seconds.
  Batch 15/20 ...
21:29:46 WARNING atomworks.io: The `extra_fields` argument will be ignored if there is no CIF file input.
21:29:46 WARNING atomworks.ml: Cached data not found for ALA at /net/tukwila/ncorley/datahub/MACE-OFF23_medium/A/ALA/ALA.pt
21:29:46 WARNING atomworks.ml: Cached data not found for ARG at /net/tukwila/ncorley/datahub/MACE-OFF23_medium/A/ARG/ARG.pt
21:29:46 WARNING atomworks.ml: Cached data not found for ASN at /net/tukwila/ncorley/datahub/MACE-OFF23_medium/A/ASN/ASN.pt
21:29:46 WARNING atomworks.ml: Cached data not found for ASP at /net/tukwila/ncorley/datahub/MACE-OFF23_medium/A/ASP/ASP.pt
21:29:46 WARNING atomworks.ml: Cached data not found for CYS at /net/tukwila/ncorley/datahub/MACE-OFF23_medium/C/CYS/CYS.pt
21:29:46 WARNING atomworks.ml: Cached data not found for GLN at /net/tukwila/ncorley/datahub/MACE-OFF23_medium/G/GLN/GLN.pt
21:29:46 WARNING atomworks.ml: Cached data not found for GLU at /net/tukwila/ncorley/datahub/MACE-OFF23_medium/G/GLU/GLU.pt
21:29:46 WARNING atomworks.ml: Cached data not found for GLY at /net/tukwila/ncorley/datahub/MACE-OFF23_medium/G/GLY/GLY.pt
21:29:46 WARNING atomworks.ml: Cached data not found for HIS at /net/tukwila/ncorley/datahub/MACE-OFF23_medium/H/HIS/HIS.pt
21:29:46 WARNING atomworks.ml: Cached data not found for ILE at /net/tukwila/ncorley/datahub/MACE-OFF23_medium/I/ILE/ILE.pt
21:29:46 WARNING atomworks.ml: Cached data not found for LEU at /net/tukwila/ncorley/datahub/MACE-OFF23_medium/L/LEU/LEU.pt
21:29:46 WARNING atomworks.ml: Cached data not found for LYS at /net/tukwila/ncorley/datahub/MACE-OFF23_medium/L/LYS/LYS.pt
21:29:46 WARNING atomworks.ml: Cached data not found for MET at /net/tukwila/ncorley/datahub/MACE-OFF23_medium/M/MET/MET.pt
21:29:46 WARNING atomworks.ml: Cached data not found for PHE at /net/tukwila/ncorley/datahub/MACE-OFF23_medium/P/PHE/PHE.pt
21:29:46 WARNING atomworks.ml: Cached data not found for PRO at /net/tukwila/ncorley/datahub/MACE-OFF23_medium/P/PRO/PRO.pt
21:29:46 WARNING atomworks.ml: Cached data not found for SER at /net/tukwila/ncorley/datahub/MACE-OFF23_medium/S/SER/SER.pt
21:29:46 WARNING atomworks.ml: Cached data not found for THR at /net/tukwila/ncorley/datahub/MACE-OFF23_medium/T/THR/THR.pt
21:29:46 WARNING atomworks.ml: Cached data not found for TRP at /net/tukwila/ncorley/datahub/MACE-OFF23_medium/T/TRP/TRP.pt
21:29:46 WARNING atomworks.ml: Cached data not found for TYR at /net/tukwila/ncorley/datahub/MACE-OFF23_medium/T/TYR/TYR.pt
21:29:46 WARNING atomworks.ml: Cached data not found for VAL at /net/tukwila/ncorley/datahub/MACE-OFF23_medium/V/VAL/VAL.pt
21:30:20 INFO rfd3.engine: [rank: 0] Finished inference batch in 33.87 seconds.
  Batch 16/20 ...
21:30:21 WARNING atomworks.io: The `extra_fields` argument will be ignored if there is no CIF file input.
21:30:21 WARNING atomworks.ml: Cached data not found for ALA at /net/tukwila/ncorley/datahub/MACE-OFF23_medium/A/ALA/ALA.pt
21:30:21 WARNING atomworks.ml: Cached data not found for ARG at /net/tukwila/ncorley/datahub/MACE-OFF23_medium/A/ARG/ARG.pt
21:30:21 WARNING atomworks.ml: Cached data not found for ASN at /net/tukwila/ncorley/datahub/MACE-OFF23_medium/A/ASN/ASN.pt
21:30:21 WARNING atomworks.ml: Cached data not found for ASP at /net/tukwila/ncorley/datahub/MACE-OFF23_medium/A/ASP/ASP.pt
21:30:21 WARNING atomworks.ml: Cached data not found for CYS at /net/tukwila/ncorley/datahub/MACE-OFF23_medium/C/CYS/CYS.pt
21:30:21 WARNING atomworks.ml: Cached data not found for GLN at /net/tukwila/ncorley/datahub/MACE-OFF23_medium/G/GLN/GLN.pt
21:30:21 WARNING atomworks.ml: Cached data not found for GLU at /net/tukwila/ncorley/datahub/MACE-OFF23_medium/G/GLU/GLU.pt
21:30:21 WARNING atomworks.ml: Cached data not found for GLY at /net/tukwila/ncorley/datahub/MACE-OFF23_medium/G/GLY/GLY.pt
21:30:21 WARNING atomworks.ml: Cached data not found for HIS at /net/tukwila/ncorley/datahub/MACE-OFF23_medium/H/HIS/HIS.pt
21:30:21 WARNING atomworks.ml: Cached data not found for ILE at /net/tukwila/ncorley/datahub/MACE-OFF23_medium/I/ILE/ILE.pt
21:30:21 WARNING atomworks.ml: Cached data not found for LEU at /net/tukwila/ncorley/datahub/MACE-OFF23_medium/L/LEU/LEU.pt
21:30:21 WARNING atomworks.ml: Cached data not found for LYS at /net/tukwila/ncorley/datahub/MACE-OFF23_medium/L/LYS/LYS.pt
21:30:21 WARNING atomworks.ml: Cached data not found for MET at /net/tukwila/ncorley/datahub/MACE-OFF23_medium/M/MET/MET.pt
21:30:21 WARNING atomworks.ml: Cached data not found for PHE at /net/tukwila/ncorley/datahub/MACE-OFF23_medium/P/PHE/PHE.pt
21:30:21 WARNING atomworks.ml: Cached data not found for PRO at /net/tukwila/ncorley/datahub/MACE-OFF23_medium/P/PRO/PRO.pt
21:30:21 WARNING atomworks.ml: Cached data not found for SER at /net/tukwila/ncorley/datahub/MACE-OFF23_medium/S/SER/SER.pt
21:30:21 WARNING atomworks.ml: Cached data not found for THR at /net/tukwila/ncorley/datahub/MACE-OFF23_medium/T/THR/THR.pt
21:30:21 WARNING atomworks.ml: Cached data not found for TRP at /net/tukwila/ncorley/datahub/MACE-OFF23_medium/T/TRP/TRP.pt
21:30:21 WARNING atomworks.ml: Cached data not found for TYR at /net/tukwila/ncorley/datahub/MACE-OFF23_medium/T/TYR/TYR.pt
21:30:21 WARNING atomworks.ml: Cached data not found for VAL at /net/tukwila/ncorley/datahub/MACE-OFF23_medium/V/VAL/VAL.pt
21:30:55 INFO rfd3.engine: [rank: 0] Finished inference batch in 33.85 seconds.
  Batch 17/20 ...
21:30:57 WARNING atomworks.io: The `extra_fields` argument will be ignored if there is no CIF file input.
21:30:57 WARNING atomworks.ml: Cached data not found for ALA at /net/tukwila/ncorley/datahub/MACE-OFF23_medium/A/ALA/ALA.pt
21:30:57 WARNING atomworks.ml: Cached data not found for ARG at /net/tukwila/ncorley/datahub/MACE-OFF23_medium/A/ARG/ARG.pt
21:30:57 WARNING atomworks.ml: Cached data not found for ASN at /net/tukwila/ncorley/datahub/MACE-OFF23_medium/A/ASN/ASN.pt
21:30:57 WARNING atomworks.ml: Cached data not found for ASP at /net/tukwila/ncorley/datahub/MACE-OFF23_medium/A/ASP/ASP.pt
21:30:57 WARNING atomworks.ml: Cached data not found for CYS at /net/tukwila/ncorley/datahub/MACE-OFF23_medium/C/CYS/CYS.pt
21:30:57 WARNING atomworks.ml: Cached data not found for GLN at /net/tukwila/ncorley/datahub/MACE-OFF23_medium/G/GLN/GLN.pt
21:30:57 WARNING atomworks.ml: Cached data not found for GLU at /net/tukwila/ncorley/datahub/MACE-OFF23_medium/G/GLU/GLU.pt
21:30:57 WARNING atomworks.ml: Cached data not found for GLY at /net/tukwila/ncorley/datahub/MACE-OFF23_medium/G/GLY/GLY.pt
21:30:57 WARNING atomworks.ml: Cached data not found for HIS at /net/tukwila/ncorley/datahub/MACE-OFF23_medium/H/HIS/HIS.pt
21:30:57 WARNING atomworks.ml: Cached data not found for ILE at /net/tukwila/ncorley/datahub/MACE-OFF23_medium/I/ILE/ILE.pt
21:30:57 WARNING atomworks.ml: Cached data not found for LEU at /net/tukwila/ncorley/datahub/MACE-OFF23_medium/L/LEU/LEU.pt
21:30:57 WARNING atomworks.ml: Cached data not found for LYS at /net/tukwila/ncorley/datahub/MACE-OFF23_medium/L/LYS/LYS.pt
21:30:57 WARNING atomworks.ml: Cached data not found for MET at /net/tukwila/ncorley/datahub/MACE-OFF23_medium/M/MET/MET.pt
21:30:57 WARNING atomworks.ml: Cached data not found for PHE at /net/tukwila/ncorley/datahub/MACE-OFF23_medium/P/PHE/PHE.pt
21:30:57 WARNING atomworks.ml: Cached data not found for PRO at /net/tukwila/ncorley/datahub/MACE-OFF23_medium/P/PRO/PRO.pt
21:30:57 WARNING atomworks.ml: Cached data not found for SER at /net/tukwila/ncorley/datahub/MACE-OFF23_medium/S/SER/SER.pt
21:30:57 WARNING atomworks.ml: Cached data not found for THR at /net/tukwila/ncorley/datahub/MACE-OFF23_medium/T/THR/THR.pt
21:30:57 WARNING atomworks.ml: Cached data not found for TRP at /net/tukwila/ncorley/datahub/MACE-OFF23_medium/T/TRP/TRP.pt
21:30:57 WARNING atomworks.ml: Cached data not found for TYR at /net/tukwila/ncorley/datahub/MACE-OFF23_medium/T/TYR/TYR.pt
21:30:57 WARNING atomworks.ml: Cached data not found for VAL at /net/tukwila/ncorley/datahub/MACE-OFF23_medium/V/VAL/VAL.pt
21:31:30 INFO rfd3.engine: [rank: 0] Finished inference batch in 33.39 seconds.
  Batch 18/20 ...
21:31:31 WARNING atomworks.io: The `extra_fields` argument will be ignored if there is no CIF file input.
21:31:31 WARNING atomworks.ml: Cached data not found for ALA at /net/tukwila/ncorley/datahub/MACE-OFF23_medium/A/ALA/ALA.pt
21:31:31 WARNING atomworks.ml: Cached data not found for ARG at /net/tukwila/ncorley/datahub/MACE-OFF23_medium/A/ARG/ARG.pt
21:31:31 WARNING atomworks.ml: Cached data not found for ASN at /net/tukwila/ncorley/datahub/MACE-OFF23_medium/A/ASN/ASN.pt
21:31:31 WARNING atomworks.ml: Cached data not found for ASP at /net/tukwila/ncorley/datahub/MACE-OFF23_medium/A/ASP/ASP.pt
21:31:31 WARNING atomworks.ml: Cached data not found for CYS at /net/tukwila/ncorley/datahub/MACE-OFF23_medium/C/CYS/CYS.pt
21:31:31 WARNING atomworks.ml: Cached data not found for GLN at /net/tukwila/ncorley/datahub/MACE-OFF23_medium/G/GLN/GLN.pt
21:31:31 WARNING atomworks.ml: Cached data not found for GLU at /net/tukwila/ncorley/datahub/MACE-OFF23_medium/G/GLU/GLU.pt
21:31:31 WARNING atomworks.ml: Cached data not found for GLY at /net/tukwila/ncorley/datahub/MACE-OFF23_medium/G/GLY/GLY.pt
21:31:31 WARNING atomworks.ml: Cached data not found for HIS at /net/tukwila/ncorley/datahub/MACE-OFF23_medium/H/HIS/HIS.pt
21:31:31 WARNING atomworks.ml: Cached data not found for ILE at /net/tukwila/ncorley/datahub/MACE-OFF23_medium/I/ILE/ILE.pt
21:31:31 WARNING atomworks.ml: Cached data not found for LEU at /net/tukwila/ncorley/datahub/MACE-OFF23_medium/L/LEU/LEU.pt
21:31:31 WARNING atomworks.ml: Cached data not found for LYS at /net/tukwila/ncorley/datahub/MACE-OFF23_medium/L/LYS/LYS.pt
21:31:31 WARNING atomworks.ml: Cached data not found for MET at /net/tukwila/ncorley/datahub/MACE-OFF23_medium/M/MET/MET.pt
21:31:31 WARNING atomworks.ml: Cached data not found for PHE at /net/tukwila/ncorley/datahub/MACE-OFF23_medium/P/PHE/PHE.pt
21:31:31 WARNING atomworks.ml: Cached data not found for PRO at /net/tukwila/ncorley/datahub/MACE-OFF23_medium/P/PRO/PRO.pt
21:31:31 WARNING atomworks.ml: Cached data not found for SER at /net/tukwila/ncorley/datahub/MACE-OFF23_medium/S/SER/SER.pt
21:31:31 WARNING atomworks.ml: Cached data not found for THR at /net/tukwila/ncorley/datahub/MACE-OFF23_medium/T/THR/THR.pt
21:31:31 WARNING atomworks.ml: Cached data not found for TRP at /net/tukwila/ncorley/datahub/MACE-OFF23_medium/T/TRP/TRP.pt
21:31:31 WARNING atomworks.ml: Cached data not found for TYR at /net/tukwila/ncorley/datahub/MACE-OFF23_medium/T/TYR/TYR.pt
21:31:31 WARNING atomworks.ml: Cached data not found for VAL at /net/tukwila/ncorley/datahub/MACE-OFF23_medium/V/VAL/VAL.pt
21:32:05 INFO rfd3.engine: [rank: 0] Finished inference batch in 33.54 seconds.
  Batch 19/20 ...
21:32:06 WARNING atomworks.io: The `extra_fields` argument will be ignored if there is no CIF file input.
21:32:06 WARNING atomworks.ml: Cached data not found for ALA at /net/tukwila/ncorley/datahub/MACE-OFF23_medium/A/ALA/ALA.pt
21:32:06 WARNING atomworks.ml: Cached data not found for ARG at /net/tukwila/ncorley/datahub/MACE-OFF23_medium/A/ARG/ARG.pt
21:32:06 WARNING atomworks.ml: Cached data not found for ASN at /net/tukwila/ncorley/datahub/MACE-OFF23_medium/A/ASN/ASN.pt
21:32:06 WARNING atomworks.ml: Cached data not found for ASP at /net/tukwila/ncorley/datahub/MACE-OFF23_medium/A/ASP/ASP.pt
21:32:06 WARNING atomworks.ml: Cached data not found for CYS at /net/tukwila/ncorley/datahub/MACE-OFF23_medium/C/CYS/CYS.pt
21:32:06 WARNING atomworks.ml: Cached data not found for GLN at /net/tukwila/ncorley/datahub/MACE-OFF23_medium/G/GLN/GLN.pt
21:32:06 WARNING atomworks.ml: Cached data not found for GLU at /net/tukwila/ncorley/datahub/MACE-OFF23_medium/G/GLU/GLU.pt
21:32:06 WARNING atomworks.ml: Cached data not found for GLY at /net/tukwila/ncorley/datahub/MACE-OFF23_medium/G/GLY/GLY.pt
21:32:06 WARNING atomworks.ml: Cached data not found for HIS at /net/tukwila/ncorley/datahub/MACE-OFF23_medium/H/HIS/HIS.pt
21:32:06 WARNING atomworks.ml: Cached data not found for ILE at /net/tukwila/ncorley/datahub/MACE-OFF23_medium/I/ILE/ILE.pt
21:32:06 WARNING atomworks.ml: Cached data not found for LEU at /net/tukwila/ncorley/datahub/MACE-OFF23_medium/L/LEU/LEU.pt
21:32:06 WARNING atomworks.ml: Cached data not found for LYS at /net/tukwila/ncorley/datahub/MACE-OFF23_medium/L/LYS/LYS.pt
21:32:06 WARNING atomworks.ml: Cached data not found for MET at /net/tukwila/ncorley/datahub/MACE-OFF23_medium/M/MET/MET.pt
21:32:06 WARNING atomworks.ml: Cached data not found for PHE at /net/tukwila/ncorley/datahub/MACE-OFF23_medium/P/PHE/PHE.pt
21:32:06 WARNING atomworks.ml: Cached data not found for PRO at /net/tukwila/ncorley/datahub/MACE-OFF23_medium/P/PRO/PRO.pt
21:32:06 WARNING atomworks.ml: Cached data not found for SER at /net/tukwila/ncorley/datahub/MACE-OFF23_medium/S/SER/SER.pt
21:32:06 WARNING atomworks.ml: Cached data not found for THR at /net/tukwila/ncorley/datahub/MACE-OFF23_medium/T/THR/THR.pt
21:32:06 WARNING atomworks.ml: Cached data not found for TRP at /net/tukwila/ncorley/datahub/MACE-OFF23_medium/T/TRP/TRP.pt
21:32:06 WARNING atomworks.ml: Cached data not found for TYR at /net/tukwila/ncorley/datahub/MACE-OFF23_medium/T/TYR/TYR.pt
21:32:06 WARNING atomworks.ml: Cached data not found for VAL at /net/tukwila/ncorley/datahub/MACE-OFF23_medium/V/VAL/VAL.pt
21:32:40 INFO rfd3.engine: [rank: 0] Finished inference batch in 33.49 seconds.
  Batch 20/20 ...
21:32:41 WARNING atomworks.io: The `extra_fields` argument will be ignored if there is no CIF file input.
21:32:41 WARNING atomworks.ml: Cached data not found for ALA at /net/tukwila/ncorley/datahub/MACE-OFF23_medium/A/ALA/ALA.pt
21:32:41 WARNING atomworks.ml: Cached data not found for ARG at /net/tukwila/ncorley/datahub/MACE-OFF23_medium/A/ARG/ARG.pt
21:32:41 WARNING atomworks.ml: Cached data not found for ASN at /net/tukwila/ncorley/datahub/MACE-OFF23_medium/A/ASN/ASN.pt
21:32:41 WARNING atomworks.ml: Cached data not found for ASP at /net/tukwila/ncorley/datahub/MACE-OFF23_medium/A/ASP/ASP.pt
21:32:41 WARNING atomworks.ml: Cached data not found for CYS at /net/tukwila/ncorley/datahub/MACE-OFF23_medium/C/CYS/CYS.pt
21:32:41 WARNING atomworks.ml: Cached data not found for GLN at /net/tukwila/ncorley/datahub/MACE-OFF23_medium/G/GLN/GLN.pt
21:32:41 WARNING atomworks.ml: Cached data not found for GLU at /net/tukwila/ncorley/datahub/MACE-OFF23_medium/G/GLU/GLU.pt
21:32:41 WARNING atomworks.ml: Cached data not found for GLY at /net/tukwila/ncorley/datahub/MACE-OFF23_medium/G/GLY/GLY.pt
21:32:41 WARNING atomworks.ml: Cached data not found for HIS at /net/tukwila/ncorley/datahub/MACE-OFF23_medium/H/HIS/HIS.pt
21:32:41 WARNING atomworks.ml: Cached data not found for ILE at /net/tukwila/ncorley/datahub/MACE-OFF23_medium/I/ILE/ILE.pt
21:32:41 WARNING atomworks.ml: Cached data not found for LEU at /net/tukwila/ncorley/datahub/MACE-OFF23_medium/L/LEU/LEU.pt
21:32:41 WARNING atomworks.ml: Cached data not found for LYS at /net/tukwila/ncorley/datahub/MACE-OFF23_medium/L/LYS/LYS.pt
21:32:41 WARNING atomworks.ml: Cached data not found for MET at /net/tukwila/ncorley/datahub/MACE-OFF23_medium/M/MET/MET.pt
21:32:41 WARNING atomworks.ml: Cached data not found for PHE at /net/tukwila/ncorley/datahub/MACE-OFF23_medium/P/PHE/PHE.pt
21:32:41 WARNING atomworks.ml: Cached data not found for PRO at /net/tukwila/ncorley/datahub/MACE-OFF23_medium/P/PRO/PRO.pt
21:32:41 WARNING atomworks.ml: Cached data not found for SER at /net/tukwila/ncorley/datahub/MACE-OFF23_medium/S/SER/SER.pt
21:32:41 WARNING atomworks.ml: Cached data not found for THR at /net/tukwila/ncorley/datahub/MACE-OFF23_medium/T/THR/THR.pt
21:32:41 WARNING atomworks.ml: Cached data not found for TRP at /net/tukwila/ncorley/datahub/MACE-OFF23_medium/T/TRP/TRP.pt
21:32:41 WARNING atomworks.ml: Cached data not found for TYR at /net/tukwila/ncorley/datahub/MACE-OFF23_medium/T/TYR/TYR.pt
21:32:41 WARNING atomworks.ml: Cached data not found for VAL at /net/tukwila/ncorley/datahub/MACE-OFF23_medium/V/VAL/VAL.pt
21:33:15 INFO rfd3.engine: [rank: 0] Finished inference batch in 33.47 seconds.
Stage 0 RFd3 done: 200 designs → /workspace/outputs/rfd3_stage_0
RFd3 Stage 0: 200 designs

=== Step 2: ProteinMPNN (Fv framework) ===
Environment variable CCD_MIRROR_PATH not set. Will not be able to use function requiring this variable. To set it you may:
  (1) add the line 'export VAR_NAME=path/to/variable' to your .bashrc or .zshrc file
  (2) set it in your current shell with 'export VAR_NAME=path/to/variable'
  (3) write it to a .env file in the root of the atomworks.io repository
Environment variable PDB_MIRROR_PATH not set. Will not be able to use function requiring this variable. To set it you may:
  (1) add the line 'export VAR_NAME=path/to/variable' to your .bashrc or .zshrc file
  (2) set it in your current shell with 'export VAR_NAME=path/to/variable'
  (3) write it to a .env file in the root of the atomworks.io repository
MPNN Stage 0: 1600 sequences
/workspace/run_mpnn_stage_0.py:60: ResourceWarning: unclosed file <_io.TextIOWrapper name='/workspace/outputs/mpnn_stage_0/all_sequences.json' mode='w' encoding='utf-8'>
  json.dump(results, open(OUT / "all_sequences.json", "w"), indent=2)

=== Step 3: Build Boltz inputs ===
Boltz inputs: 50 apo + holo YAML pairs

=== Step 4a: Boltz apo (A+B+C+D) ===
Predicting: |          | 0/? [00:00<?, ?it/s]Predicting:   0%|          | 0/50 [00:00<?, ?it/s]Predicting DataLoader 0:   0%|          | 0/50 [00:00<?, ?it/s]/home/ubuntu/.local/lib/python3.10/site-packages/cuequivariance_ops_torch/triangle_attention.py:199: UserWarning: Non-SM100f kernel expects bias to be float32 so it's going to be cast to torch.float32. Check if you can change your code for maximum performance.
Predicting DataLoader 0:   2%|▏         | 1/50 [00:21<17:19,  0.05it/s]Predicting DataLoader 0:   4%|▍         | 2/50 [00:34<13:37,  0.06it/s]Predicting DataLoader 0:   6%|▌         | 3/50 [00:46<12:14,  0.06it/s]Predicting DataLoader 0:   8%|▊         | 4/50 [00:59<11:27,  0.07it/s]Predicting DataLoader 0:  10%|█         | 5/50 [01:12<10:53,  0.07it/s]Predicting DataLoader 0:  12%|█▏        | 6/50 [01:25<10:26,  0.07it/s]Predicting DataLoader 0:  14%|█▍        | 7/50 [01:38<10:04,  0.07it/s]Predicting DataLoader 0:  16%|█▌        | 8/50 [01:51<09:43,  0.07it/s]Predicting DataLoader 0:  18%|█▊        | 9/50 [02:04<09:25,  0.07it/s]Predicting DataLoader 0:  20%|██        | 10/50 [02:16<09:07,  0.07it/s]Predicting DataLoader 0:  22%|██▏       | 11/50 [02:29<08:51,  0.07it/s]Predicting DataLoader 0:  24%|██▍       | 12/50 [02:42<08:35,  0.07it/s]Predicting DataLoader 0:  26%|██▌       | 13/50 [02:55<08:19,  0.07it/s]Predicting DataLoader 0:  28%|██▊       | 14/50 [03:08<08:04,  0.07it/s]Predicting DataLoader 0:  30%|███       | 15/50 [03:21<07:49,  0.07it/s]Predicting DataLoader 0:  32%|███▏      | 16/50 [03:34<07:34,  0.07it/s]Predicting DataLoader 0:  34%|███▍      | 17/50 [03:46<07:20,  0.07it/s]Predicting DataLoader 0:  36%|███▌      | 18/50 [03:59<07:06,  0.08it/s]Predicting DataLoader 0:  38%|███▊      | 19/50 [04:12<06:52,  0.08it/s]Predicting DataLoader 0:  40%|████      | 20/50 [04:25<06:38,  0.08it/s]Predicting DataLoader 0:  42%|████▏     | 21/50 [04:38<06:24,  0.08it/s]Predicting DataLoader 0:  44%|████▍     | 22/50 [04:51<06:10,  0.08it/s]Predicting DataLoader 0:  46%|████▌     | 23/50 [05:04<05:57,  0.08it/s]Predicting DataLoader 0:  48%|████▊     | 24/50 [05:17<05:43,  0.08it/s]Predicting DataLoader 0:  50%|█████     | 25/50 [05:29<05:29,  0.08it/s]Predicting DataLoader 0:  52%|█████▏    | 26/50 [05:43<05:16,  0.08it/s]Predicting DataLoader 0:  54%|█████▍    | 27/50 [05:56<05:03,  0.08it/s]Predicting DataLoader 0:  56%|█████▌    | 28/50 [06:08<04:49,  0.08it/s]Predicting DataLoader 0:  58%|█████▊    | 29/50 [06:21<04:36,  0.08it/s]Predicting DataLoader 0:  60%|██████    | 30/50 [06:34<04:23,  0.08it/s]Predicting DataLoader 0:  62%|██████▏   | 31/50 [06:47<04:09,  0.08it/s]Predicting DataLoader 0:  64%|██████▍   | 32/50 [07:00<03:56,  0.08it/s]Predicting DataLoader 0:  66%|██████▌   | 33/50 [07:13<03:43,  0.08it/s]Predicting DataLoader 0:  68%|██████▊   | 34/50 [07:26<03:29,  0.08it/s]Predicting DataLoader 0:  70%|███████   | 35/50 [07:39<03:16,  0.08it/s]Predicting DataLoader 0:  72%|███████▏  | 36/50 [07:51<03:03,  0.08it/s]Predicting DataLoader 0:  74%|███████▍  | 37/50 [08:04<02:50,  0.08it/s]Predicting DataLoader 0:  76%|███████▌  | 38/50 [08:17<02:37,  0.08it/s]Predicting DataLoader 0:  78%|███████▊  | 39/50 [08:30<02:23,  0.08it/s]Predicting DataLoader 0:  80%|████████  | 40/50 [08:43<02:10,  0.08it/s]Predicting DataLoader 0:  82%|████████▏ | 41/50 [08:56<01:57,  0.08it/s]Predicting DataLoader 0:  84%|████████▍ | 42/50 [09:09<01:44,  0.08it/s]Predicting DataLoader 0:  86%|████████▌ | 43/50 [09:21<01:31,  0.08it/s]Predicting DataLoader 0:  88%|████████▊ | 44/50 [09:34<01:18,  0.08it/s]Predicting DataLoader 0:  90%|█████████ | 45/50 [09:47<01:05,  0.08it/s]Predicting DataLoader 0:  92%|█████████▏| 46/50 [10:00<00:52,  0.08it/s]Predicting DataLoader 0:  94%|█████████▍| 47/50 [10:13<00:39,  0.08it/s]Predicting DataLoader 0:  96%|█████████▌| 48/50 [10:26<00:26,  0.08it/s]Predicting DataLoader 0:  98%|█████████▊| 49/50 [10:39<00:13,  0.08it/s]Predicting DataLoader 0: 100%|██████████| 50/50 [10:51<00:00,  0.08it/s]Number of failed examples: 0
Predicting DataLoader 0: 100%|██████████| 50/50 [10:51<00:00,  0.08it/s]

=== Step 4b: Boltz holo (A+B+C+D+T) ===
Predicting: |          | 0/? [00:00<?, ?it/s]Predicting:   0%|          | 0/50 [00:00<?, ?it/s]Predicting DataLoader 0:   0%|          | 0/50 [00:00<?, ?it/s]/home/ubuntu/.local/lib/python3.10/site-packages/cuequivariance_ops_torch/triangle_attention.py:199: UserWarning: Non-SM100f kernel expects bias to be float32 so it's going to be cast to torch.float32. Check if you can change your code for maximum performance.
Predicting DataLoader 0:   2%|▏         | 1/50 [00:17<14:04,  0.06it/s]Predicting DataLoader 0:   4%|▍         | 2/50 [00:30<12:21,  0.06it/s]Predicting DataLoader 0:   6%|▌         | 3/50 [00:44<11:32,  0.07it/s]Predicting DataLoader 0:   8%|▊         | 4/50 [00:57<11:00,  0.07it/s]Predicting DataLoader 0:  10%|█         | 5/50 [01:10<10:36,  0.07it/s]Predicting DataLoader 0:  12%|█▏        | 6/50 [01:23<10:15,  0.07it/s]Predicting DataLoader 0:  14%|█▍        | 7/50 [01:37<09:57,  0.07it/s]Predicting DataLoader 0:  16%|█▌        | 8/50 [01:50<09:40,  0.07it/s]Predicting DataLoader 0:  18%|█▊        | 9/50 [02:03<09:24,  0.07it/s]Predicting DataLoader 0:  20%|██        | 10/50 [02:17<09:08,  0.07it/s]Predicting DataLoader 0:  22%|██▏       | 11/50 [02:30<08:53,  0.07it/s]Predicting DataLoader 0:  24%|██▍       | 12/50 [02:43<08:38,  0.07it/s]Predicting DataLoader 0:  26%|██▌       | 13/50 [02:56<08:23,  0.07it/s]Predicting DataLoader 0:  28%|██▊       | 14/50 [03:10<08:08,  0.07it/s]Predicting DataLoader 0:  30%|███       | 15/50 [03:23<07:54,  0.07it/s]Predicting DataLoader 0:  32%|███▏      | 16/50 [03:36<07:40,  0.07it/s]Predicting DataLoader 0:  34%|███▍      | 17/50 [03:49<07:26,  0.07it/s]Predicting DataLoader 0:  36%|███▌      | 18/50 [04:03<07:12,  0.07it/s]Predicting DataLoader 0:  38%|███▊      | 19/50 [04:16<06:58,  0.07it/s]Predicting DataLoader 0:  40%|████      | 20/50 [04:29<06:44,  0.07it/s]Predicting DataLoader 0:  42%|████▏     | 21/50 [04:42<06:30,  0.07it/s]Predicting DataLoader 0:  44%|████▍     | 22/50 [04:56<06:17,  0.07it/s]Predicting DataLoader 0:  46%|████▌     | 23/50 [05:09<06:03,  0.07it/s]Predicting DataLoader 0:  48%|████▊     | 24/50 [05:22<05:49,  0.07it/s]Predicting DataLoader 0:  50%|█████     | 25/50 [05:36<05:36,  0.07it/s]Predicting DataLoader 0:  52%|█████▏    | 26/50 [05:49<05:22,  0.07it/s]Predicting DataLoader 0:  54%|█████▍    | 27/50 [06:02<05:08,  0.07it/s]Predicting DataLoader 0:  56%|█████▌    | 28/50 [06:15<04:55,  0.07it/s]Predicting DataLoader 0:  58%|█████▊    | 29/50 [06:29<04:41,  0.07it/s]Predicting DataLoader 0:  60%|██████    | 30/50 [06:42<04:28,  0.07it/s]Predicting DataLoader 0:  62%|██████▏   | 31/50 [06:55<04:14,  0.07it/s]Predicting DataLoader 0:  64%|██████▍   | 32/50 [07:08<04:01,  0.07it/s]Predicting DataLoader 0:  66%|██████▌   | 33/50 [07:22<03:47,  0.07it/s]Predicting DataLoader 0:  68%|██████▊   | 34/50 [07:35<03:34,  0.07it/s]Predicting DataLoader 0:  70%|███████   | 35/50 [07:48<03:20,  0.07it/s]Predicting DataLoader 0:  72%|███████▏  | 36/50 [08:01<03:07,  0.07it/s]Predicting DataLoader 0:  74%|███████▍  | 37/50 [08:15<02:53,  0.07it/s]Predicting DataLoader 0:  76%|███████▌  | 38/50 [08:28<02:40,  0.07it/s]Predicting DataLoader 0:  78%|███████▊  | 39/50 [08:41<02:27,  0.07it/s]Predicting DataLoader 0:  80%|████████  | 40/50 [08:54<02:13,  0.07it/s]Predicting DataLoader 0:  82%|████████▏ | 41/50 [09:08<02:00,  0.07it/s]Predicting DataLoader 0:  84%|████████▍ | 42/50 [09:21<01:46,  0.07it/s]Predicting DataLoader 0:  86%|████████▌ | 43/50 [09:34<01:33,  0.07it/s]Predicting DataLoader 0:  88%|████████▊ | 44/50 [09:48<01:20,  0.07it/s]Predicting DataLoader 0:  90%|█████████ | 45/50 [10:01<01:06,  0.07it/s]Predicting DataLoader 0:  92%|█████████▏| 46/50 [10:14<00:53,  0.07it/s]Predicting DataLoader 0:  94%|█████████▍| 47/50 [10:27<00:40,  0.07it/s]Predicting DataLoader 0:  96%|█████████▌| 48/50 [10:41<00:26,  0.07it/s]Predicting DataLoader 0:  98%|█████████▊| 49/50 [10:54<00:13,  0.07it/s]Predicting DataLoader 0: 100%|██████████| 50/50 [11:07<00:00,  0.07it/s]Number of failed examples: 0
Predicting DataLoader 0: 100%|██████████| 50/50 [11:07<00:00,  0.07it/s]

=== Step 5: Stage 0 scoring ===
Traceback (most recent call last):
  File "/workspace/binary_antibodies/fab_hidden_switch.py", line 23, in <module>
    from Bio.PDB import PDBIO, PDBParser, Structure as S, Model as M, Chain as Ch, Residue as Res, Atom as At
ModuleNotFoundError: No module named 'Bio'

The above exception was the direct cause of the following exception:

Traceback (most recent call last):
  File "/workspace/binary_antibodies/stage_0_scoring.py", line 34, in <module>
    from binary_antibodies.fab_hidden_switch import (  # noqa: E402
  File "/workspace/binary_antibodies/fab_hidden_switch.py", line 25, in <module>
    raise ImportError("BioPython required: pip install biopython") from e
ImportError: BioPython required: pip install biopython
