===== Stage A helical minibinder pipeline: Tue Sep 29 11:56:26 PM UTC 2026 =====
GPU: NVIDIA A100-SXM4-40GB
Designs: 200 | length windows: 60-85,40-55
Helical conditioning: is_non_loopy=1 step_scale=3.0 gamma_0=0.2

=== Step 1: RFdiffusion3 Stage A ===
Environment variable CCD_MIRROR_PATH not set. Will not be able to use function requiring this variable. To set it you may:
  (1) add the line 'export VAR_NAME=path/to/variable' to your .bashrc or .zshrc file
  (2) set it in your current shell with 'export VAR_NAME=path/to/variable'
  (3) write it to a .env file in the root of the atomworks.io repository
Environment variable PDB_MIRROR_PATH not set. Will not be able to use function requiring this variable. To set it you may:
  (1) add the line 'export VAR_NAME=path/to/variable' to your .bashrc or .zshrc file
  (2) set it in your current shell with 'export VAR_NAME=path/to/variable'
  (3) write it to a .env file in the root of the atomworks.io repository
23:56:36 DEBUG transforms: Debug mode is on
/workspace/run_rfd3_stage_a.py:21: ResourceWarning: unclosed file <_io.TextIOWrapper name='/workspace/inputs/stage_a_hidden_minibinder_config.json' mode='r' encoding='utf-8'>
  cfg = json.load(open(CONFIG))
23:56:38 WARNING atomworks.io: We can't fix formal charges without building from templates, as we need to know the true number of hydrogens bonded to a given atom, not the inferred number. This may lead to occasional inaccuracies after adding inter-residue bonds. To avoid this and fix formal charges, set `add_missing_atoms = True`.
Stage A RFd3: 200 designs across 2 length window(s)
  input:    /workspace/inputs/fab_hidden_minibinder_stage_a.pdb
  target:   full Fab A-D + T, all chains fixed; minibinder on its own chain
  hotspots: C35,C60,C73,B36,B87...
  ori_token: [-2.911, 2.023, 5.96]
  is_non_loopy: True
  sampler overrides applied: none (using RFd3 defaults)

  === length window 60-85 (10 x 10) ===
  contig: 60-85,/0,A1-113,/0,B1-107,/0,C1-107,/0,D1-107
  Batch 1/10 ...
Using bfloat16 Automatic Mixed Precision (AMP)
23:56:48 WARNING atomworks.io: The `extra_fields` argument will be ignored if there is no CIF file input.
23:56:48 WARNING atomworks.ml: Cached data not found for ALA at /net/tukwila/ncorley/datahub/MACE-OFF23_medium/A/ALA/ALA.pt
23:56:48 WARNING atomworks.ml: Cached data not found for ARG at /net/tukwila/ncorley/datahub/MACE-OFF23_medium/A/ARG/ARG.pt
23:56:48 WARNING atomworks.ml: Cached data not found for ASN at /net/tukwila/ncorley/datahub/MACE-OFF23_medium/A/ASN/ASN.pt
23:56:48 WARNING atomworks.ml: Cached data not found for ASP at /net/tukwila/ncorley/datahub/MACE-OFF23_medium/A/ASP/ASP.pt
23:56:48 WARNING atomworks.ml: Cached data not found for CYS at /net/tukwila/ncorley/datahub/MACE-OFF23_medium/C/CYS/CYS.pt
23:56:48 WARNING atomworks.ml: Cached data not found for GLN at /net/tukwila/ncorley/datahub/MACE-OFF23_medium/G/GLN/GLN.pt
23:56:48 WARNING atomworks.ml: Cached data not found for GLU at /net/tukwila/ncorley/datahub/MACE-OFF23_medium/G/GLU/GLU.pt
23:56:48 WARNING atomworks.ml: Cached data not found for GLY at /net/tukwila/ncorley/datahub/MACE-OFF23_medium/G/GLY/GLY.pt
23:56:48 WARNING atomworks.ml: Cached data not found for HIS at /net/tukwila/ncorley/datahub/MACE-OFF23_medium/H/HIS/HIS.pt
23:56:48 WARNING atomworks.ml: Cached data not found for ILE at /net/tukwila/ncorley/datahub/MACE-OFF23_medium/I/ILE/ILE.pt
23:56:48 WARNING atomworks.ml: Cached data not found for LEU at /net/tukwila/ncorley/datahub/MACE-OFF23_medium/L/LEU/LEU.pt
23:56:48 WARNING atomworks.ml: Cached data not found for LYS at /net/tukwila/ncorley/datahub/MACE-OFF23_medium/L/LYS/LYS.pt
23:56:48 WARNING atomworks.ml: Cached data not found for MET at /net/tukwila/ncorley/datahub/MACE-OFF23_medium/M/MET/MET.pt
23:56:48 WARNING atomworks.ml: Cached data not found for PHE at /net/tukwila/ncorley/datahub/MACE-OFF23_medium/P/PHE/PHE.pt
23:56:48 WARNING atomworks.ml: Cached data not found for PRO at /net/tukwila/ncorley/datahub/MACE-OFF23_medium/P/PRO/PRO.pt
23:56:48 WARNING atomworks.ml: Cached data not found for SER at /net/tukwila/ncorley/datahub/MACE-OFF23_medium/S/SER/SER.pt
23:56:48 WARNING atomworks.ml: Cached data not found for THR at /net/tukwila/ncorley/datahub/MACE-OFF23_medium/T/THR/THR.pt
23:56:48 WARNING atomworks.ml: Cached data not found for TRP at /net/tukwila/ncorley/datahub/MACE-OFF23_medium/T/TRP/TRP.pt
23:56:48 WARNING atomworks.ml: Cached data not found for TYR at /net/tukwila/ncorley/datahub/MACE-OFF23_medium/T/TYR/TYR.pt
23:56:48 WARNING atomworks.ml: Cached data not found for VAL at /net/tukwila/ncorley/datahub/MACE-OFF23_medium/V/VAL/VAL.pt
23:58:26 INFO rfd3.engine: [rank: 0] Finished inference batch in 98.34 seconds.
  Batch 2/10 ...
23:58:28 WARNING atomworks.io: The `extra_fields` argument will be ignored if there is no CIF file input.
23:58:28 WARNING atomworks.ml: Cached data not found for ALA at /net/tukwila/ncorley/datahub/MACE-OFF23_medium/A/ALA/ALA.pt
23:58:28 WARNING atomworks.ml: Cached data not found for ARG at /net/tukwila/ncorley/datahub/MACE-OFF23_medium/A/ARG/ARG.pt
23:58:28 WARNING atomworks.ml: Cached data not found for ASN at /net/tukwila/ncorley/datahub/MACE-OFF23_medium/A/ASN/ASN.pt
23:58:28 WARNING atomworks.ml: Cached data not found for ASP at /net/tukwila/ncorley/datahub/MACE-OFF23_medium/A/ASP/ASP.pt
23:58:28 WARNING atomworks.ml: Cached data not found for CYS at /net/tukwila/ncorley/datahub/MACE-OFF23_medium/C/CYS/CYS.pt
23:58:28 WARNING atomworks.ml: Cached data not found for GLN at /net/tukwila/ncorley/datahub/MACE-OFF23_medium/G/GLN/GLN.pt
23:58:28 WARNING atomworks.ml: Cached data not found for GLU at /net/tukwila/ncorley/datahub/MACE-OFF23_medium/G/GLU/GLU.pt
23:58:28 WARNING atomworks.ml: Cached data not found for GLY at /net/tukwila/ncorley/datahub/MACE-OFF23_medium/G/GLY/GLY.pt
23:58:28 WARNING atomworks.ml: Cached data not found for HIS at /net/tukwila/ncorley/datahub/MACE-OFF23_medium/H/HIS/HIS.pt
23:58:28 WARNING atomworks.ml: Cached data not found for ILE at /net/tukwila/ncorley/datahub/MACE-OFF23_medium/I/ILE/ILE.pt
23:58:28 WARNING atomworks.ml: Cached data not found for LEU at /net/tukwila/ncorley/datahub/MACE-OFF23_medium/L/LEU/LEU.pt
23:58:28 WARNING atomworks.ml: Cached data not found for LYS at /net/tukwila/ncorley/datahub/MACE-OFF23_medium/L/LYS/LYS.pt
23:58:28 WARNING atomworks.ml: Cached data not found for MET at /net/tukwila/ncorley/datahub/MACE-OFF23_medium/M/MET/MET.pt
23:58:28 WARNING atomworks.ml: Cached data not found for PHE at /net/tukwila/ncorley/datahub/MACE-OFF23_medium/P/PHE/PHE.pt
23:58:28 WARNING atomworks.ml: Cached data not found for PRO at /net/tukwila/ncorley/datahub/MACE-OFF23_medium/P/PRO/PRO.pt
23:58:28 WARNING atomworks.ml: Cached data not found for SER at /net/tukwila/ncorley/datahub/MACE-OFF23_medium/S/SER/SER.pt
23:58:28 WARNING atomworks.ml: Cached data not found for THR at /net/tukwila/ncorley/datahub/MACE-OFF23_medium/T/THR/THR.pt
23:58:28 WARNING atomworks.ml: Cached data not found for TRP at /net/tukwila/ncorley/datahub/MACE-OFF23_medium/T/TRP/TRP.pt
23:58:28 WARNING atomworks.ml: Cached data not found for TYR at /net/tukwila/ncorley/datahub/MACE-OFF23_medium/T/TYR/TYR.pt
23:58:28 WARNING atomworks.ml: Cached data not found for VAL at /net/tukwila/ncorley/datahub/MACE-OFF23_medium/V/VAL/VAL.pt
00:00:04 INFO rfd3.engine: [rank: 0] Finished inference batch in 95.99 seconds.
  Batch 3/10 ...
00:00:05 WARNING atomworks.io: The `extra_fields` argument will be ignored if there is no CIF file input.
00:00:05 WARNING atomworks.ml: Cached data not found for ALA at /net/tukwila/ncorley/datahub/MACE-OFF23_medium/A/ALA/ALA.pt
00:00:05 WARNING atomworks.ml: Cached data not found for ARG at /net/tukwila/ncorley/datahub/MACE-OFF23_medium/A/ARG/ARG.pt
00:00:05 WARNING atomworks.ml: Cached data not found for ASN at /net/tukwila/ncorley/datahub/MACE-OFF23_medium/A/ASN/ASN.pt
00:00:05 WARNING atomworks.ml: Cached data not found for ASP at /net/tukwila/ncorley/datahub/MACE-OFF23_medium/A/ASP/ASP.pt
00:00:05 WARNING atomworks.ml: Cached data not found for CYS at /net/tukwila/ncorley/datahub/MACE-OFF23_medium/C/CYS/CYS.pt
00:00:05 WARNING atomworks.ml: Cached data not found for GLN at /net/tukwila/ncorley/datahub/MACE-OFF23_medium/G/GLN/GLN.pt
00:00:05 WARNING atomworks.ml: Cached data not found for GLU at /net/tukwila/ncorley/datahub/MACE-OFF23_medium/G/GLU/GLU.pt
00:00:05 WARNING atomworks.ml: Cached data not found for GLY at /net/tukwila/ncorley/datahub/MACE-OFF23_medium/G/GLY/GLY.pt
00:00:05 WARNING atomworks.ml: Cached data not found for HIS at /net/tukwila/ncorley/datahub/MACE-OFF23_medium/H/HIS/HIS.pt
00:00:05 WARNING atomworks.ml: Cached data not found for ILE at /net/tukwila/ncorley/datahub/MACE-OFF23_medium/I/ILE/ILE.pt
00:00:05 WARNING atomworks.ml: Cached data not found for LEU at /net/tukwila/ncorley/datahub/MACE-OFF23_medium/L/LEU/LEU.pt
00:00:05 WARNING atomworks.ml: Cached data not found for LYS at /net/tukwila/ncorley/datahub/MACE-OFF23_medium/L/LYS/LYS.pt
00:00:05 WARNING atomworks.ml: Cached data not found for MET at /net/tukwila/ncorley/datahub/MACE-OFF23_medium/M/MET/MET.pt
00:00:05 WARNING atomworks.ml: Cached data not found for PHE at /net/tukwila/ncorley/datahub/MACE-OFF23_medium/P/PHE/PHE.pt
00:00:05 WARNING atomworks.ml: Cached data not found for PRO at /net/tukwila/ncorley/datahub/MACE-OFF23_medium/P/PRO/PRO.pt
00:00:05 WARNING atomworks.ml: Cached data not found for SER at /net/tukwila/ncorley/datahub/MACE-OFF23_medium/S/SER/SER.pt
00:00:05 WARNING atomworks.ml: Cached data not found for THR at /net/tukwila/ncorley/datahub/MACE-OFF23_medium/T/THR/THR.pt
00:00:05 WARNING atomworks.ml: Cached data not found for TRP at /net/tukwila/ncorley/datahub/MACE-OFF23_medium/T/TRP/TRP.pt
00:00:05 WARNING atomworks.ml: Cached data not found for TYR at /net/tukwila/ncorley/datahub/MACE-OFF23_medium/T/TYR/TYR.pt
00:00:05 WARNING atomworks.ml: Cached data not found for VAL at /net/tukwila/ncorley/datahub/MACE-OFF23_medium/V/VAL/VAL.pt
00:01:40 INFO rfd3.engine: [rank: 0] Finished inference batch in 93.96 seconds.
  Batch 4/10 ...
00:01:41 WARNING atomworks.io: The `extra_fields` argument will be ignored if there is no CIF file input.
00:01:41 WARNING atomworks.ml: Cached data not found for ALA at /net/tukwila/ncorley/datahub/MACE-OFF23_medium/A/ALA/ALA.pt
00:01:41 WARNING atomworks.ml: Cached data not found for ARG at /net/tukwila/ncorley/datahub/MACE-OFF23_medium/A/ARG/ARG.pt
00:01:41 WARNING atomworks.ml: Cached data not found for ASN at /net/tukwila/ncorley/datahub/MACE-OFF23_medium/A/ASN/ASN.pt
00:01:41 WARNING atomworks.ml: Cached data not found for ASP at /net/tukwila/ncorley/datahub/MACE-OFF23_medium/A/ASP/ASP.pt
00:01:41 WARNING atomworks.ml: Cached data not found for CYS at /net/tukwila/ncorley/datahub/MACE-OFF23_medium/C/CYS/CYS.pt
00:01:41 WARNING atomworks.ml: Cached data not found for GLN at /net/tukwila/ncorley/datahub/MACE-OFF23_medium/G/GLN/GLN.pt
00:01:41 WARNING atomworks.ml: Cached data not found for GLU at /net/tukwila/ncorley/datahub/MACE-OFF23_medium/G/GLU/GLU.pt
00:01:41 WARNING atomworks.ml: Cached data not found for GLY at /net/tukwila/ncorley/datahub/MACE-OFF23_medium/G/GLY/GLY.pt
00:01:41 WARNING atomworks.ml: Cached data not found for HIS at /net/tukwila/ncorley/datahub/MACE-OFF23_medium/H/HIS/HIS.pt
00:01:41 WARNING atomworks.ml: Cached data not found for ILE at /net/tukwila/ncorley/datahub/MACE-OFF23_medium/I/ILE/ILE.pt
00:01:41 WARNING atomworks.ml: Cached data not found for LEU at /net/tukwila/ncorley/datahub/MACE-OFF23_medium/L/LEU/LEU.pt
00:01:41 WARNING atomworks.ml: Cached data not found for LYS at /net/tukwila/ncorley/datahub/MACE-OFF23_medium/L/LYS/LYS.pt
00:01:41 WARNING atomworks.ml: Cached data not found for MET at /net/tukwila/ncorley/datahub/MACE-OFF23_medium/M/MET/MET.pt
00:01:41 WARNING atomworks.ml: Cached data not found for PHE at /net/tukwila/ncorley/datahub/MACE-OFF23_medium/P/PHE/PHE.pt
00:01:41 WARNING atomworks.ml: Cached data not found for PRO at /net/tukwila/ncorley/datahub/MACE-OFF23_medium/P/PRO/PRO.pt
00:01:41 WARNING atomworks.ml: Cached data not found for SER at /net/tukwila/ncorley/datahub/MACE-OFF23_medium/S/SER/SER.pt
00:01:41 WARNING atomworks.ml: Cached data not found for THR at /net/tukwila/ncorley/datahub/MACE-OFF23_medium/T/THR/THR.pt
00:01:41 WARNING atomworks.ml: Cached data not found for TRP at /net/tukwila/ncorley/datahub/MACE-OFF23_medium/T/TRP/TRP.pt
00:01:41 WARNING atomworks.ml: Cached data not found for TYR at /net/tukwila/ncorley/datahub/MACE-OFF23_medium/T/TYR/TYR.pt
00:01:41 WARNING atomworks.ml: Cached data not found for VAL at /net/tukwila/ncorley/datahub/MACE-OFF23_medium/V/VAL/VAL.pt
00:03:15 INFO rfd3.engine: [rank: 0] Finished inference batch in 93.31 seconds.
  Batch 5/10 ...
00:03:16 WARNING atomworks.io: The `extra_fields` argument will be ignored if there is no CIF file input.
00:03:16 WARNING atomworks.ml: Cached data not found for ALA at /net/tukwila/ncorley/datahub/MACE-OFF23_medium/A/ALA/ALA.pt
00:03:16 WARNING atomworks.ml: Cached data not found for ARG at /net/tukwila/ncorley/datahub/MACE-OFF23_medium/A/ARG/ARG.pt
00:03:16 WARNING atomworks.ml: Cached data not found for ASN at /net/tukwila/ncorley/datahub/MACE-OFF23_medium/A/ASN/ASN.pt
00:03:16 WARNING atomworks.ml: Cached data not found for ASP at /net/tukwila/ncorley/datahub/MACE-OFF23_medium/A/ASP/ASP.pt
00:03:16 WARNING atomworks.ml: Cached data not found for CYS at /net/tukwila/ncorley/datahub/MACE-OFF23_medium/C/CYS/CYS.pt
00:03:16 WARNING atomworks.ml: Cached data not found for GLN at /net/tukwila/ncorley/datahub/MACE-OFF23_medium/G/GLN/GLN.pt
00:03:16 WARNING atomworks.ml: Cached data not found for GLU at /net/tukwila/ncorley/datahub/MACE-OFF23_medium/G/GLU/GLU.pt
00:03:16 WARNING atomworks.ml: Cached data not found for GLY at /net/tukwila/ncorley/datahub/MACE-OFF23_medium/G/GLY/GLY.pt
00:03:16 WARNING atomworks.ml: Cached data not found for HIS at /net/tukwila/ncorley/datahub/MACE-OFF23_medium/H/HIS/HIS.pt
00:03:16 WARNING atomworks.ml: Cached data not found for ILE at /net/tukwila/ncorley/datahub/MACE-OFF23_medium/I/ILE/ILE.pt
00:03:16 WARNING atomworks.ml: Cached data not found for LEU at /net/tukwila/ncorley/datahub/MACE-OFF23_medium/L/LEU/LEU.pt
00:03:16 WARNING atomworks.ml: Cached data not found for LYS at /net/tukwila/ncorley/datahub/MACE-OFF23_medium/L/LYS/LYS.pt
00:03:16 WARNING atomworks.ml: Cached data not found for MET at /net/tukwila/ncorley/datahub/MACE-OFF23_medium/M/MET/MET.pt
00:03:16 WARNING atomworks.ml: Cached data not found for PHE at /net/tukwila/ncorley/datahub/MACE-OFF23_medium/P/PHE/PHE.pt
00:03:16 WARNING atomworks.ml: Cached data not found for PRO at /net/tukwila/ncorley/datahub/MACE-OFF23_medium/P/PRO/PRO.pt
00:03:16 WARNING atomworks.ml: Cached data not found for SER at /net/tukwila/ncorley/datahub/MACE-OFF23_medium/S/SER/SER.pt
00:03:16 WARNING atomworks.ml: Cached data not found for THR at /net/tukwila/ncorley/datahub/MACE-OFF23_medium/T/THR/THR.pt
00:03:16 WARNING atomworks.ml: Cached data not found for TRP at /net/tukwila/ncorley/datahub/MACE-OFF23_medium/T/TRP/TRP.pt
00:03:16 WARNING atomworks.ml: Cached data not found for TYR at /net/tukwila/ncorley/datahub/MACE-OFF23_medium/T/TYR/TYR.pt
00:03:16 WARNING atomworks.ml: Cached data not found for VAL at /net/tukwila/ncorley/datahub/MACE-OFF23_medium/V/VAL/VAL.pt
00:04:53 INFO rfd3.engine: [rank: 0] Finished inference batch in 96.40 seconds.
  Batch 6/10 ...
00:04:54 WARNING atomworks.io: The `extra_fields` argument will be ignored if there is no CIF file input.
00:04:54 WARNING atomworks.ml: Cached data not found for ALA at /net/tukwila/ncorley/datahub/MACE-OFF23_medium/A/ALA/ALA.pt
00:04:54 WARNING atomworks.ml: Cached data not found for ARG at /net/tukwila/ncorley/datahub/MACE-OFF23_medium/A/ARG/ARG.pt
00:04:54 WARNING atomworks.ml: Cached data not found for ASN at /net/tukwila/ncorley/datahub/MACE-OFF23_medium/A/ASN/ASN.pt
00:04:54 WARNING atomworks.ml: Cached data not found for ASP at /net/tukwila/ncorley/datahub/MACE-OFF23_medium/A/ASP/ASP.pt
00:04:54 WARNING atomworks.ml: Cached data not found for CYS at /net/tukwila/ncorley/datahub/MACE-OFF23_medium/C/CYS/CYS.pt
00:04:54 WARNING atomworks.ml: Cached data not found for GLN at /net/tukwila/ncorley/datahub/MACE-OFF23_medium/G/GLN/GLN.pt
00:04:54 WARNING atomworks.ml: Cached data not found for GLU at /net/tukwila/ncorley/datahub/MACE-OFF23_medium/G/GLU/GLU.pt
00:04:54 WARNING atomworks.ml: Cached data not found for GLY at /net/tukwila/ncorley/datahub/MACE-OFF23_medium/G/GLY/GLY.pt
00:04:54 WARNING atomworks.ml: Cached data not found for HIS at /net/tukwila/ncorley/datahub/MACE-OFF23_medium/H/HIS/HIS.pt
00:04:54 WARNING atomworks.ml: Cached data not found for ILE at /net/tukwila/ncorley/datahub/MACE-OFF23_medium/I/ILE/ILE.pt
00:04:54 WARNING atomworks.ml: Cached data not found for LEU at /net/tukwila/ncorley/datahub/MACE-OFF23_medium/L/LEU/LEU.pt
00:04:54 WARNING atomworks.ml: Cached data not found for LYS at /net/tukwila/ncorley/datahub/MACE-OFF23_medium/L/LYS/LYS.pt
00:04:54 WARNING atomworks.ml: Cached data not found for MET at /net/tukwila/ncorley/datahub/MACE-OFF23_medium/M/MET/MET.pt
00:04:54 WARNING atomworks.ml: Cached data not found for PHE at /net/tukwila/ncorley/datahub/MACE-OFF23_medium/P/PHE/PHE.pt
00:04:54 WARNING atomworks.ml: Cached data not found for PRO at /net/tukwila/ncorley/datahub/MACE-OFF23_medium/P/PRO/PRO.pt
00:04:54 WARNING atomworks.ml: Cached data not found for SER at /net/tukwila/ncorley/datahub/MACE-OFF23_medium/S/SER/SER.pt
00:04:54 WARNING atomworks.ml: Cached data not found for THR at /net/tukwila/ncorley/datahub/MACE-OFF23_medium/T/THR/THR.pt
00:04:54 WARNING atomworks.ml: Cached data not found for TRP at /net/tukwila/ncorley/datahub/MACE-OFF23_medium/T/TRP/TRP.pt
00:04:54 WARNING atomworks.ml: Cached data not found for TYR at /net/tukwila/ncorley/datahub/MACE-OFF23_medium/T/TYR/TYR.pt
00:04:54 WARNING atomworks.ml: Cached data not found for VAL at /net/tukwila/ncorley/datahub/MACE-OFF23_medium/V/VAL/VAL.pt
00:06:29 INFO rfd3.engine: [rank: 0] Finished inference batch in 94.42 seconds.
  Batch 7/10 ...
00:06:30 WARNING atomworks.io: The `extra_fields` argument will be ignored if there is no CIF file input.
00:06:30 WARNING atomworks.ml: Cached data not found for ALA at /net/tukwila/ncorley/datahub/MACE-OFF23_medium/A/ALA/ALA.pt
00:06:30 WARNING atomworks.ml: Cached data not found for ARG at /net/tukwila/ncorley/datahub/MACE-OFF23_medium/A/ARG/ARG.pt
00:06:30 WARNING atomworks.ml: Cached data not found for ASN at /net/tukwila/ncorley/datahub/MACE-OFF23_medium/A/ASN/ASN.pt
00:06:30 WARNING atomworks.ml: Cached data not found for ASP at /net/tukwila/ncorley/datahub/MACE-OFF23_medium/A/ASP/ASP.pt
00:06:30 WARNING atomworks.ml: Cached data not found for CYS at /net/tukwila/ncorley/datahub/MACE-OFF23_medium/C/CYS/CYS.pt
00:06:30 WARNING atomworks.ml: Cached data not found for GLN at /net/tukwila/ncorley/datahub/MACE-OFF23_medium/G/GLN/GLN.pt
00:06:30 WARNING atomworks.ml: Cached data not found for GLU at /net/tukwila/ncorley/datahub/MACE-OFF23_medium/G/GLU/GLU.pt
00:06:30 WARNING atomworks.ml: Cached data not found for GLY at /net/tukwila/ncorley/datahub/MACE-OFF23_medium/G/GLY/GLY.pt
00:06:30 WARNING atomworks.ml: Cached data not found for HIS at /net/tukwila/ncorley/datahub/MACE-OFF23_medium/H/HIS/HIS.pt
00:06:30 WARNING atomworks.ml: Cached data not found for ILE at /net/tukwila/ncorley/datahub/MACE-OFF23_medium/I/ILE/ILE.pt
00:06:30 WARNING atomworks.ml: Cached data not found for LEU at /net/tukwila/ncorley/datahub/MACE-OFF23_medium/L/LEU/LEU.pt
00:06:30 WARNING atomworks.ml: Cached data not found for LYS at /net/tukwila/ncorley/datahub/MACE-OFF23_medium/L/LYS/LYS.pt
00:06:30 WARNING atomworks.ml: Cached data not found for MET at /net/tukwila/ncorley/datahub/MACE-OFF23_medium/M/MET/MET.pt
00:06:30 WARNING atomworks.ml: Cached data not found for PHE at /net/tukwila/ncorley/datahub/MACE-OFF23_medium/P/PHE/PHE.pt
00:06:30 WARNING atomworks.ml: Cached data not found for PRO at /net/tukwila/ncorley/datahub/MACE-OFF23_medium/P/PRO/PRO.pt
00:06:30 WARNING atomworks.ml: Cached data not found for SER at /net/tukwila/ncorley/datahub/MACE-OFF23_medium/S/SER/SER.pt
00:06:30 WARNING atomworks.ml: Cached data not found for THR at /net/tukwila/ncorley/datahub/MACE-OFF23_medium/T/THR/THR.pt
00:06:30 WARNING atomworks.ml: Cached data not found for TRP at /net/tukwila/ncorley/datahub/MACE-OFF23_medium/T/TRP/TRP.pt
00:06:30 WARNING atomworks.ml: Cached data not found for TYR at /net/tukwila/ncorley/datahub/MACE-OFF23_medium/T/TYR/TYR.pt
00:06:30 WARNING atomworks.ml: Cached data not found for VAL at /net/tukwila/ncorley/datahub/MACE-OFF23_medium/V/VAL/VAL.pt
00:08:11 INFO rfd3.engine: [rank: 0] Finished inference batch in 100.28 seconds.
  Batch 8/10 ...
00:08:12 WARNING atomworks.io: The `extra_fields` argument will be ignored if there is no CIF file input.
00:08:12 WARNING atomworks.ml: Cached data not found for ALA at /net/tukwila/ncorley/datahub/MACE-OFF23_medium/A/ALA/ALA.pt
00:08:12 WARNING atomworks.ml: Cached data not found for ARG at /net/tukwila/ncorley/datahub/MACE-OFF23_medium/A/ARG/ARG.pt
00:08:12 WARNING atomworks.ml: Cached data not found for ASN at /net/tukwila/ncorley/datahub/MACE-OFF23_medium/A/ASN/ASN.pt
00:08:12 WARNING atomworks.ml: Cached data not found for ASP at /net/tukwila/ncorley/datahub/MACE-OFF23_medium/A/ASP/ASP.pt
00:08:12 WARNING atomworks.ml: Cached data not found for CYS at /net/tukwila/ncorley/datahub/MACE-OFF23_medium/C/CYS/CYS.pt
00:08:12 WARNING atomworks.ml: Cached data not found for GLN at /net/tukwila/ncorley/datahub/MACE-OFF23_medium/G/GLN/GLN.pt
00:08:12 WARNING atomworks.ml: Cached data not found for GLU at /net/tukwila/ncorley/datahub/MACE-OFF23_medium/G/GLU/GLU.pt
00:08:12 WARNING atomworks.ml: Cached data not found for GLY at /net/tukwila/ncorley/datahub/MACE-OFF23_medium/G/GLY/GLY.pt
00:08:12 WARNING atomworks.ml: Cached data not found for HIS at /net/tukwila/ncorley/datahub/MACE-OFF23_medium/H/HIS/HIS.pt
00:08:12 WARNING atomworks.ml: Cached data not found for ILE at /net/tukwila/ncorley/datahub/MACE-OFF23_medium/I/ILE/ILE.pt
00:08:12 WARNING atomworks.ml: Cached data not found for LEU at /net/tukwila/ncorley/datahub/MACE-OFF23_medium/L/LEU/LEU.pt
00:08:12 WARNING atomworks.ml: Cached data not found for LYS at /net/tukwila/ncorley/datahub/MACE-OFF23_medium/L/LYS/LYS.pt
00:08:12 WARNING atomworks.ml: Cached data not found for MET at /net/tukwila/ncorley/datahub/MACE-OFF23_medium/M/MET/MET.pt
00:08:12 WARNING atomworks.ml: Cached data not found for PHE at /net/tukwila/ncorley/datahub/MACE-OFF23_medium/P/PHE/PHE.pt
00:08:12 WARNING atomworks.ml: Cached data not found for PRO at /net/tukwila/ncorley/datahub/MACE-OFF23_medium/P/PRO/PRO.pt
00:08:12 WARNING atomworks.ml: Cached data not found for SER at /net/tukwila/ncorley/datahub/MACE-OFF23_medium/S/SER/SER.pt
00:08:12 WARNING atomworks.ml: Cached data not found for THR at /net/tukwila/ncorley/datahub/MACE-OFF23_medium/T/THR/THR.pt
00:08:12 WARNING atomworks.ml: Cached data not found for TRP at /net/tukwila/ncorley/datahub/MACE-OFF23_medium/T/TRP/TRP.pt
00:08:12 WARNING atomworks.ml: Cached data not found for TYR at /net/tukwila/ncorley/datahub/MACE-OFF23_medium/T/TYR/TYR.pt
00:08:12 WARNING atomworks.ml: Cached data not found for VAL at /net/tukwila/ncorley/datahub/MACE-OFF23_medium/V/VAL/VAL.pt
00:09:52 INFO rfd3.engine: [rank: 0] Finished inference batch in 99.53 seconds.
  Batch 9/10 ...
00:09:53 WARNING atomworks.io: The `extra_fields` argument will be ignored if there is no CIF file input.
00:09:54 WARNING atomworks.ml: Cached data not found for ALA at /net/tukwila/ncorley/datahub/MACE-OFF23_medium/A/ALA/ALA.pt
00:09:54 WARNING atomworks.ml: Cached data not found for ARG at /net/tukwila/ncorley/datahub/MACE-OFF23_medium/A/ARG/ARG.pt
00:09:54 WARNING atomworks.ml: Cached data not found for ASN at /net/tukwila/ncorley/datahub/MACE-OFF23_medium/A/ASN/ASN.pt
00:09:54 WARNING atomworks.ml: Cached data not found for ASP at /net/tukwila/ncorley/datahub/MACE-OFF23_medium/A/ASP/ASP.pt
00:09:54 WARNING atomworks.ml: Cached data not found for CYS at /net/tukwila/ncorley/datahub/MACE-OFF23_medium/C/CYS/CYS.pt
00:09:54 WARNING atomworks.ml: Cached data not found for GLN at /net/tukwila/ncorley/datahub/MACE-OFF23_medium/G/GLN/GLN.pt
00:09:54 WARNING atomworks.ml: Cached data not found for GLU at /net/tukwila/ncorley/datahub/MACE-OFF23_medium/G/GLU/GLU.pt
00:09:54 WARNING atomworks.ml: Cached data not found for GLY at /net/tukwila/ncorley/datahub/MACE-OFF23_medium/G/GLY/GLY.pt
00:09:54 WARNING atomworks.ml: Cached data not found for HIS at /net/tukwila/ncorley/datahub/MACE-OFF23_medium/H/HIS/HIS.pt
00:09:54 WARNING atomworks.ml: Cached data not found for ILE at /net/tukwila/ncorley/datahub/MACE-OFF23_medium/I/ILE/ILE.pt
00:09:54 WARNING atomworks.ml: Cached data not found for LEU at /net/tukwila/ncorley/datahub/MACE-OFF23_medium/L/LEU/LEU.pt
00:09:54 WARNING atomworks.ml: Cached data not found for LYS at /net/tukwila/ncorley/datahub/MACE-OFF23_medium/L/LYS/LYS.pt
00:09:54 WARNING atomworks.ml: Cached data not found for MET at /net/tukwila/ncorley/datahub/MACE-OFF23_medium/M/MET/MET.pt
00:09:54 WARNING atomworks.ml: Cached data not found for PHE at /net/tukwila/ncorley/datahub/MACE-OFF23_medium/P/PHE/PHE.pt
00:09:54 WARNING atomworks.ml: Cached data not found for PRO at /net/tukwila/ncorley/datahub/MACE-OFF23_medium/P/PRO/PRO.pt
00:09:54 WARNING atomworks.ml: Cached data not found for SER at /net/tukwila/ncorley/datahub/MACE-OFF23_medium/S/SER/SER.pt
00:09:54 WARNING atomworks.ml: Cached data not found for THR at /net/tukwila/ncorley/datahub/MACE-OFF23_medium/T/THR/THR.pt
00:09:54 WARNING atomworks.ml: Cached data not found for TRP at /net/tukwila/ncorley/datahub/MACE-OFF23_medium/T/TRP/TRP.pt
00:09:54 WARNING atomworks.ml: Cached data not found for TYR at /net/tukwila/ncorley/datahub/MACE-OFF23_medium/T/TYR/TYR.pt
00:09:54 WARNING atomworks.ml: Cached data not found for VAL at /net/tukwila/ncorley/datahub/MACE-OFF23_medium/V/VAL/VAL.pt
00:11:29 INFO rfd3.engine: [rank: 0] Finished inference batch in 95.24 seconds.
  Batch 10/10 ...
00:11:30 WARNING atomworks.io: The `extra_fields` argument will be ignored if there is no CIF file input.
00:11:31 WARNING atomworks.ml: Cached data not found for ALA at /net/tukwila/ncorley/datahub/MACE-OFF23_medium/A/ALA/ALA.pt
00:11:31 WARNING atomworks.ml: Cached data not found for ARG at /net/tukwila/ncorley/datahub/MACE-OFF23_medium/A/ARG/ARG.pt
00:11:31 WARNING atomworks.ml: Cached data not found for ASN at /net/tukwila/ncorley/datahub/MACE-OFF23_medium/A/ASN/ASN.pt
00:11:31 WARNING atomworks.ml: Cached data not found for ASP at /net/tukwila/ncorley/datahub/MACE-OFF23_medium/A/ASP/ASP.pt
00:11:31 WARNING atomworks.ml: Cached data not found for CYS at /net/tukwila/ncorley/datahub/MACE-OFF23_medium/C/CYS/CYS.pt
00:11:31 WARNING atomworks.ml: Cached data not found for GLN at /net/tukwila/ncorley/datahub/MACE-OFF23_medium/G/GLN/GLN.pt
00:11:31 WARNING atomworks.ml: Cached data not found for GLU at /net/tukwila/ncorley/datahub/MACE-OFF23_medium/G/GLU/GLU.pt
00:11:31 WARNING atomworks.ml: Cached data not found for GLY at /net/tukwila/ncorley/datahub/MACE-OFF23_medium/G/GLY/GLY.pt
00:11:31 WARNING atomworks.ml: Cached data not found for HIS at /net/tukwila/ncorley/datahub/MACE-OFF23_medium/H/HIS/HIS.pt
00:11:31 WARNING atomworks.ml: Cached data not found for ILE at /net/tukwila/ncorley/datahub/MACE-OFF23_medium/I/ILE/ILE.pt
00:11:31 WARNING atomworks.ml: Cached data not found for LEU at /net/tukwila/ncorley/datahub/MACE-OFF23_medium/L/LEU/LEU.pt
00:11:31 WARNING atomworks.ml: Cached data not found for LYS at /net/tukwila/ncorley/datahub/MACE-OFF23_medium/L/LYS/LYS.pt
00:11:31 WARNING atomworks.ml: Cached data not found for MET at /net/tukwila/ncorley/datahub/MACE-OFF23_medium/M/MET/MET.pt
00:11:31 WARNING atomworks.ml: Cached data not found for PHE at /net/tukwila/ncorley/datahub/MACE-OFF23_medium/P/PHE/PHE.pt
00:11:31 WARNING atomworks.ml: Cached data not found for PRO at /net/tukwila/ncorley/datahub/MACE-OFF23_medium/P/PRO/PRO.pt
00:11:31 WARNING atomworks.ml: Cached data not found for SER at /net/tukwila/ncorley/datahub/MACE-OFF23_medium/S/SER/SER.pt
00:11:31 WARNING atomworks.ml: Cached data not found for THR at /net/tukwila/ncorley/datahub/MACE-OFF23_medium/T/THR/THR.pt
00:11:31 WARNING atomworks.ml: Cached data not found for TRP at /net/tukwila/ncorley/datahub/MACE-OFF23_medium/T/TRP/TRP.pt
00:11:31 WARNING atomworks.ml: Cached data not found for TYR at /net/tukwila/ncorley/datahub/MACE-OFF23_medium/T/TYR/TYR.pt
00:11:31 WARNING atomworks.ml: Cached data not found for VAL at /net/tukwila/ncorley/datahub/MACE-OFF23_medium/V/VAL/VAL.pt
00:13:09 INFO rfd3.engine: [rank: 0] Finished inference batch in 98.47 seconds.
00:13:11 WARNING atomworks.io: We can't fix formal charges without building from templates, as we need to know the true number of hydrogens bonded to a given atom, not the inferred number. This may lead to occasional inaccuracies after adding inter-residue bonds. To avoid this and fix formal charges, set `add_missing_atoms = True`.

  === length window 40-55 (10 x 10) ===
  contig: 40-55,/0,A1-113,/0,B1-107,/0,C1-107,/0,D1-107
  Batch 1/10 ...
00:13:11 WARNING atomworks.io: The `extra_fields` argument will be ignored if there is no CIF file input.
00:13:11 WARNING atomworks.ml: Cached data not found for ALA at /net/tukwila/ncorley/datahub/MACE-OFF23_medium/A/ALA/ALA.pt
00:13:11 WARNING atomworks.ml: Cached data not found for ARG at /net/tukwila/ncorley/datahub/MACE-OFF23_medium/A/ARG/ARG.pt
00:13:11 WARNING atomworks.ml: Cached data not found for ASN at /net/tukwila/ncorley/datahub/MACE-OFF23_medium/A/ASN/ASN.pt
00:13:11 WARNING atomworks.ml: Cached data not found for ASP at /net/tukwila/ncorley/datahub/MACE-OFF23_medium/A/ASP/ASP.pt
00:13:11 WARNING atomworks.ml: Cached data not found for CYS at /net/tukwila/ncorley/datahub/MACE-OFF23_medium/C/CYS/CYS.pt
00:13:11 WARNING atomworks.ml: Cached data not found for GLN at /net/tukwila/ncorley/datahub/MACE-OFF23_medium/G/GLN/GLN.pt
00:13:11 WARNING atomworks.ml: Cached data not found for GLU at /net/tukwila/ncorley/datahub/MACE-OFF23_medium/G/GLU/GLU.pt
00:13:11 WARNING atomworks.ml: Cached data not found for GLY at /net/tukwila/ncorley/datahub/MACE-OFF23_medium/G/GLY/GLY.pt
00:13:11 WARNING atomworks.ml: Cached data not found for HIS at /net/tukwila/ncorley/datahub/MACE-OFF23_medium/H/HIS/HIS.pt
00:13:11 WARNING atomworks.ml: Cached data not found for ILE at /net/tukwila/ncorley/datahub/MACE-OFF23_medium/I/ILE/ILE.pt
00:13:11 WARNING atomworks.ml: Cached data not found for LEU at /net/tukwila/ncorley/datahub/MACE-OFF23_medium/L/LEU/LEU.pt
00:13:11 WARNING atomworks.ml: Cached data not found for LYS at /net/tukwila/ncorley/datahub/MACE-OFF23_medium/L/LYS/LYS.pt
00:13:11 WARNING atomworks.ml: Cached data not found for MET at /net/tukwila/ncorley/datahub/MACE-OFF23_medium/M/MET/MET.pt
00:13:11 WARNING atomworks.ml: Cached data not found for PHE at /net/tukwila/ncorley/datahub/MACE-OFF23_medium/P/PHE/PHE.pt
00:13:11 WARNING atomworks.ml: Cached data not found for PRO at /net/tukwila/ncorley/datahub/MACE-OFF23_medium/P/PRO/PRO.pt
00:13:11 WARNING atomworks.ml: Cached data not found for SER at /net/tukwila/ncorley/datahub/MACE-OFF23_medium/S/SER/SER.pt
00:13:11 WARNING atomworks.ml: Cached data not found for THR at /net/tukwila/ncorley/datahub/MACE-OFF23_medium/T/THR/THR.pt
00:13:11 WARNING atomworks.ml: Cached data not found for TRP at /net/tukwila/ncorley/datahub/MACE-OFF23_medium/T/TRP/TRP.pt
00:13:11 WARNING atomworks.ml: Cached data not found for TYR at /net/tukwila/ncorley/datahub/MACE-OFF23_medium/T/TYR/TYR.pt
00:13:11 WARNING atomworks.ml: Cached data not found for VAL at /net/tukwila/ncorley/datahub/MACE-OFF23_medium/V/VAL/VAL.pt
00:14:41 INFO rfd3.engine: [rank: 0] Finished inference batch in 89.07 seconds.
  Batch 2/10 ...
00:14:42 WARNING atomworks.io: The `extra_fields` argument will be ignored if there is no CIF file input.
00:14:42 WARNING atomworks.ml: Cached data not found for ALA at /net/tukwila/ncorley/datahub/MACE-OFF23_medium/A/ALA/ALA.pt
00:14:42 WARNING atomworks.ml: Cached data not found for ARG at /net/tukwila/ncorley/datahub/MACE-OFF23_medium/A/ARG/ARG.pt
00:14:42 WARNING atomworks.ml: Cached data not found for ASN at /net/tukwila/ncorley/datahub/MACE-OFF23_medium/A/ASN/ASN.pt
00:14:42 WARNING atomworks.ml: Cached data not found for ASP at /net/tukwila/ncorley/datahub/MACE-OFF23_medium/A/ASP/ASP.pt
00:14:42 WARNING atomworks.ml: Cached data not found for CYS at /net/tukwila/ncorley/datahub/MACE-OFF23_medium/C/CYS/CYS.pt
00:14:42 WARNING atomworks.ml: Cached data not found for GLN at /net/tukwila/ncorley/datahub/MACE-OFF23_medium/G/GLN/GLN.pt
00:14:42 WARNING atomworks.ml: Cached data not found for GLU at /net/tukwila/ncorley/datahub/MACE-OFF23_medium/G/GLU/GLU.pt
00:14:42 WARNING atomworks.ml: Cached data not found for GLY at /net/tukwila/ncorley/datahub/MACE-OFF23_medium/G/GLY/GLY.pt
00:14:42 WARNING atomworks.ml: Cached data not found for HIS at /net/tukwila/ncorley/datahub/MACE-OFF23_medium/H/HIS/HIS.pt
00:14:42 WARNING atomworks.ml: Cached data not found for ILE at /net/tukwila/ncorley/datahub/MACE-OFF23_medium/I/ILE/ILE.pt
00:14:42 WARNING atomworks.ml: Cached data not found for LEU at /net/tukwila/ncorley/datahub/MACE-OFF23_medium/L/LEU/LEU.pt
00:14:42 WARNING atomworks.ml: Cached data not found for LYS at /net/tukwila/ncorley/datahub/MACE-OFF23_medium/L/LYS/LYS.pt
00:14:42 WARNING atomworks.ml: Cached data not found for MET at /net/tukwila/ncorley/datahub/MACE-OFF23_medium/M/MET/MET.pt
00:14:42 WARNING atomworks.ml: Cached data not found for PHE at /net/tukwila/ncorley/datahub/MACE-OFF23_medium/P/PHE/PHE.pt
00:14:42 WARNING atomworks.ml: Cached data not found for PRO at /net/tukwila/ncorley/datahub/MACE-OFF23_medium/P/PRO/PRO.pt
00:14:42 WARNING atomworks.ml: Cached data not found for SER at /net/tukwila/ncorley/datahub/MACE-OFF23_medium/S/SER/SER.pt
00:14:42 WARNING atomworks.ml: Cached data not found for THR at /net/tukwila/ncorley/datahub/MACE-OFF23_medium/T/THR/THR.pt
00:14:42 WARNING atomworks.ml: Cached data not found for TRP at /net/tukwila/ncorley/datahub/MACE-OFF23_medium/T/TRP/TRP.pt
00:14:42 WARNING atomworks.ml: Cached data not found for TYR at /net/tukwila/ncorley/datahub/MACE-OFF23_medium/T/TYR/TYR.pt
00:14:42 WARNING atomworks.ml: Cached data not found for VAL at /net/tukwila/ncorley/datahub/MACE-OFF23_medium/V/VAL/VAL.pt
00:16:09 INFO rfd3.engine: [rank: 0] Finished inference batch in 86.90 seconds.
  Batch 3/10 ...
00:16:11 WARNING atomworks.io: The `extra_fields` argument will be ignored if there is no CIF file input.
00:16:11 WARNING atomworks.ml: Cached data not found for ALA at /net/tukwila/ncorley/datahub/MACE-OFF23_medium/A/ALA/ALA.pt
00:16:11 WARNING atomworks.ml: Cached data not found for ARG at /net/tukwila/ncorley/datahub/MACE-OFF23_medium/A/ARG/ARG.pt
00:16:11 WARNING atomworks.ml: Cached data not found for ASN at /net/tukwila/ncorley/datahub/MACE-OFF23_medium/A/ASN/ASN.pt
00:16:11 WARNING atomworks.ml: Cached data not found for ASP at /net/tukwila/ncorley/datahub/MACE-OFF23_medium/A/ASP/ASP.pt
00:16:11 WARNING atomworks.ml: Cached data not found for CYS at /net/tukwila/ncorley/datahub/MACE-OFF23_medium/C/CYS/CYS.pt
00:16:11 WARNING atomworks.ml: Cached data not found for GLN at /net/tukwila/ncorley/datahub/MACE-OFF23_medium/G/GLN/GLN.pt
00:16:11 WARNING atomworks.ml: Cached data not found for GLU at /net/tukwila/ncorley/datahub/MACE-OFF23_medium/G/GLU/GLU.pt
00:16:11 WARNING atomworks.ml: Cached data not found for GLY at /net/tukwila/ncorley/datahub/MACE-OFF23_medium/G/GLY/GLY.pt
00:16:11 WARNING atomworks.ml: Cached data not found for HIS at /net/tukwila/ncorley/datahub/MACE-OFF23_medium/H/HIS/HIS.pt
00:16:11 WARNING atomworks.ml: Cached data not found for ILE at /net/tukwila/ncorley/datahub/MACE-OFF23_medium/I/ILE/ILE.pt
00:16:11 WARNING atomworks.ml: Cached data not found for LEU at /net/tukwila/ncorley/datahub/MACE-OFF23_medium/L/LEU/LEU.pt
00:16:11 WARNING atomworks.ml: Cached data not found for LYS at /net/tukwila/ncorley/datahub/MACE-OFF23_medium/L/LYS/LYS.pt
00:16:11 WARNING atomworks.ml: Cached data not found for MET at /net/tukwila/ncorley/datahub/MACE-OFF23_medium/M/MET/MET.pt
00:16:11 WARNING atomworks.ml: Cached data not found for PHE at /net/tukwila/ncorley/datahub/MACE-OFF23_medium/P/PHE/PHE.pt
00:16:11 WARNING atomworks.ml: Cached data not found for PRO at /net/tukwila/ncorley/datahub/MACE-OFF23_medium/P/PRO/PRO.pt
00:16:11 WARNING atomworks.ml: Cached data not found for SER at /net/tukwila/ncorley/datahub/MACE-OFF23_medium/S/SER/SER.pt
00:16:11 WARNING atomworks.ml: Cached data not found for THR at /net/tukwila/ncorley/datahub/MACE-OFF23_medium/T/THR/THR.pt
00:16:11 WARNING atomworks.ml: Cached data not found for TRP at /net/tukwila/ncorley/datahub/MACE-OFF23_medium/T/TRP/TRP.pt
00:16:11 WARNING atomworks.ml: Cached data not found for TYR at /net/tukwila/ncorley/datahub/MACE-OFF23_medium/T/TYR/TYR.pt
00:16:11 WARNING atomworks.ml: Cached data not found for VAL at /net/tukwila/ncorley/datahub/MACE-OFF23_medium/V/VAL/VAL.pt
00:17:39 INFO rfd3.engine: [rank: 0] Finished inference batch in 88.28 seconds.
  Batch 4/10 ...
00:17:41 WARNING atomworks.io: The `extra_fields` argument will be ignored if there is no CIF file input.
00:17:41 WARNING atomworks.ml: Cached data not found for ALA at /net/tukwila/ncorley/datahub/MACE-OFF23_medium/A/ALA/ALA.pt
00:17:41 WARNING atomworks.ml: Cached data not found for ARG at /net/tukwila/ncorley/datahub/MACE-OFF23_medium/A/ARG/ARG.pt
00:17:41 WARNING atomworks.ml: Cached data not found for ASN at /net/tukwila/ncorley/datahub/MACE-OFF23_medium/A/ASN/ASN.pt
00:17:41 WARNING atomworks.ml: Cached data not found for ASP at /net/tukwila/ncorley/datahub/MACE-OFF23_medium/A/ASP/ASP.pt
00:17:41 WARNING atomworks.ml: Cached data not found for CYS at /net/tukwila/ncorley/datahub/MACE-OFF23_medium/C/CYS/CYS.pt
00:17:41 WARNING atomworks.ml: Cached data not found for GLN at /net/tukwila/ncorley/datahub/MACE-OFF23_medium/G/GLN/GLN.pt
00:17:41 WARNING atomworks.ml: Cached data not found for GLU at /net/tukwila/ncorley/datahub/MACE-OFF23_medium/G/GLU/GLU.pt
00:17:41 WARNING atomworks.ml: Cached data not found for GLY at /net/tukwila/ncorley/datahub/MACE-OFF23_medium/G/GLY/GLY.pt
00:17:41 WARNING atomworks.ml: Cached data not found for HIS at /net/tukwila/ncorley/datahub/MACE-OFF23_medium/H/HIS/HIS.pt
00:17:41 WARNING atomworks.ml: Cached data not found for ILE at /net/tukwila/ncorley/datahub/MACE-OFF23_medium/I/ILE/ILE.pt
00:17:41 WARNING atomworks.ml: Cached data not found for LEU at /net/tukwila/ncorley/datahub/MACE-OFF23_medium/L/LEU/LEU.pt
00:17:41 WARNING atomworks.ml: Cached data not found for LYS at /net/tukwila/ncorley/datahub/MACE-OFF23_medium/L/LYS/LYS.pt
00:17:41 WARNING atomworks.ml: Cached data not found for MET at /net/tukwila/ncorley/datahub/MACE-OFF23_medium/M/MET/MET.pt
00:17:41 WARNING atomworks.ml: Cached data not found for PHE at /net/tukwila/ncorley/datahub/MACE-OFF23_medium/P/PHE/PHE.pt
00:17:41 WARNING atomworks.ml: Cached data not found for PRO at /net/tukwila/ncorley/datahub/MACE-OFF23_medium/P/PRO/PRO.pt
00:17:41 WARNING atomworks.ml: Cached data not found for SER at /net/tukwila/ncorley/datahub/MACE-OFF23_medium/S/SER/SER.pt
00:17:41 WARNING atomworks.ml: Cached data not found for THR at /net/tukwila/ncorley/datahub/MACE-OFF23_medium/T/THR/THR.pt
00:17:41 WARNING atomworks.ml: Cached data not found for TRP at /net/tukwila/ncorley/datahub/MACE-OFF23_medium/T/TRP/TRP.pt
00:17:41 WARNING atomworks.ml: Cached data not found for TYR at /net/tukwila/ncorley/datahub/MACE-OFF23_medium/T/TYR/TYR.pt
00:17:41 WARNING atomworks.ml: Cached data not found for VAL at /net/tukwila/ncorley/datahub/MACE-OFF23_medium/V/VAL/VAL.pt
00:19:10 INFO rfd3.engine: [rank: 0] Finished inference batch in 89.50 seconds.
  Batch 5/10 ...
00:19:12 WARNING atomworks.io: The `extra_fields` argument will be ignored if there is no CIF file input.
00:19:12 WARNING atomworks.ml: Cached data not found for ALA at /net/tukwila/ncorley/datahub/MACE-OFF23_medium/A/ALA/ALA.pt
00:19:12 WARNING atomworks.ml: Cached data not found for ARG at /net/tukwila/ncorley/datahub/MACE-OFF23_medium/A/ARG/ARG.pt
00:19:12 WARNING atomworks.ml: Cached data not found for ASN at /net/tukwila/ncorley/datahub/MACE-OFF23_medium/A/ASN/ASN.pt
00:19:12 WARNING atomworks.ml: Cached data not found for ASP at /net/tukwila/ncorley/datahub/MACE-OFF23_medium/A/ASP/ASP.pt
00:19:12 WARNING atomworks.ml: Cached data not found for CYS at /net/tukwila/ncorley/datahub/MACE-OFF23_medium/C/CYS/CYS.pt
00:19:12 WARNING atomworks.ml: Cached data not found for GLN at /net/tukwila/ncorley/datahub/MACE-OFF23_medium/G/GLN/GLN.pt
00:19:12 WARNING atomworks.ml: Cached data not found for GLU at /net/tukwila/ncorley/datahub/MACE-OFF23_medium/G/GLU/GLU.pt
00:19:12 WARNING atomworks.ml: Cached data not found for GLY at /net/tukwila/ncorley/datahub/MACE-OFF23_medium/G/GLY/GLY.pt
00:19:12 WARNING atomworks.ml: Cached data not found for HIS at /net/tukwila/ncorley/datahub/MACE-OFF23_medium/H/HIS/HIS.pt
00:19:12 WARNING atomworks.ml: Cached data not found for ILE at /net/tukwila/ncorley/datahub/MACE-OFF23_medium/I/ILE/ILE.pt
00:19:12 WARNING atomworks.ml: Cached data not found for LEU at /net/tukwila/ncorley/datahub/MACE-OFF23_medium/L/LEU/LEU.pt
00:19:12 WARNING atomworks.ml: Cached data not found for LYS at /net/tukwila/ncorley/datahub/MACE-OFF23_medium/L/LYS/LYS.pt
00:19:12 WARNING atomworks.ml: Cached data not found for MET at /net/tukwila/ncorley/datahub/MACE-OFF23_medium/M/MET/MET.pt
00:19:12 WARNING atomworks.ml: Cached data not found for PHE at /net/tukwila/ncorley/datahub/MACE-OFF23_medium/P/PHE/PHE.pt
00:19:12 WARNING atomworks.ml: Cached data not found for PRO at /net/tukwila/ncorley/datahub/MACE-OFF23_medium/P/PRO/PRO.pt
00:19:12 WARNING atomworks.ml: Cached data not found for SER at /net/tukwila/ncorley/datahub/MACE-OFF23_medium/S/SER/SER.pt
00:19:12 WARNING atomworks.ml: Cached data not found for THR at /net/tukwila/ncorley/datahub/MACE-OFF23_medium/T/THR/THR.pt
00:19:12 WARNING atomworks.ml: Cached data not found for TRP at /net/tukwila/ncorley/datahub/MACE-OFF23_medium/T/TRP/TRP.pt
00:19:12 WARNING atomworks.ml: Cached data not found for TYR at /net/tukwila/ncorley/datahub/MACE-OFF23_medium/T/TYR/TYR.pt
00:19:12 WARNING atomworks.ml: Cached data not found for VAL at /net/tukwila/ncorley/datahub/MACE-OFF23_medium/V/VAL/VAL.pt
00:20:38 INFO rfd3.engine: [rank: 0] Finished inference batch in 86.12 seconds.
  Batch 6/10 ...
00:20:40 WARNING atomworks.io: The `extra_fields` argument will be ignored if there is no CIF file input.
00:20:40 WARNING atomworks.ml: Cached data not found for ALA at /net/tukwila/ncorley/datahub/MACE-OFF23_medium/A/ALA/ALA.pt
00:20:40 WARNING atomworks.ml: Cached data not found for ARG at /net/tukwila/ncorley/datahub/MACE-OFF23_medium/A/ARG/ARG.pt
00:20:40 WARNING atomworks.ml: Cached data not found for ASN at /net/tukwila/ncorley/datahub/MACE-OFF23_medium/A/ASN/ASN.pt
00:20:40 WARNING atomworks.ml: Cached data not found for ASP at /net/tukwila/ncorley/datahub/MACE-OFF23_medium/A/ASP/ASP.pt
00:20:40 WARNING atomworks.ml: Cached data not found for CYS at /net/tukwila/ncorley/datahub/MACE-OFF23_medium/C/CYS/CYS.pt
00:20:40 WARNING atomworks.ml: Cached data not found for GLN at /net/tukwila/ncorley/datahub/MACE-OFF23_medium/G/GLN/GLN.pt
00:20:40 WARNING atomworks.ml: Cached data not found for GLU at /net/tukwila/ncorley/datahub/MACE-OFF23_medium/G/GLU/GLU.pt
00:20:40 WARNING atomworks.ml: Cached data not found for GLY at /net/tukwila/ncorley/datahub/MACE-OFF23_medium/G/GLY/GLY.pt
00:20:40 WARNING atomworks.ml: Cached data not found for HIS at /net/tukwila/ncorley/datahub/MACE-OFF23_medium/H/HIS/HIS.pt
00:20:40 WARNING atomworks.ml: Cached data not found for ILE at /net/tukwila/ncorley/datahub/MACE-OFF23_medium/I/ILE/ILE.pt
00:20:40 WARNING atomworks.ml: Cached data not found for LEU at /net/tukwila/ncorley/datahub/MACE-OFF23_medium/L/LEU/LEU.pt
00:20:40 WARNING atomworks.ml: Cached data not found for LYS at /net/tukwila/ncorley/datahub/MACE-OFF23_medium/L/LYS/LYS.pt
00:20:40 WARNING atomworks.ml: Cached data not found for MET at /net/tukwila/ncorley/datahub/MACE-OFF23_medium/M/MET/MET.pt
00:20:40 WARNING atomworks.ml: Cached data not found for PHE at /net/tukwila/ncorley/datahub/MACE-OFF23_medium/P/PHE/PHE.pt
00:20:40 WARNING atomworks.ml: Cached data not found for PRO at /net/tukwila/ncorley/datahub/MACE-OFF23_medium/P/PRO/PRO.pt
00:20:40 WARNING atomworks.ml: Cached data not found for SER at /net/tukwila/ncorley/datahub/MACE-OFF23_medium/S/SER/SER.pt
00:20:40 WARNING atomworks.ml: Cached data not found for THR at /net/tukwila/ncorley/datahub/MACE-OFF23_medium/T/THR/THR.pt
00:20:40 WARNING atomworks.ml: Cached data not found for TRP at /net/tukwila/ncorley/datahub/MACE-OFF23_medium/T/TRP/TRP.pt
00:20:40 WARNING atomworks.ml: Cached data not found for TYR at /net/tukwila/ncorley/datahub/MACE-OFF23_medium/T/TYR/TYR.pt
00:20:40 WARNING atomworks.ml: Cached data not found for VAL at /net/tukwila/ncorley/datahub/MACE-OFF23_medium/V/VAL/VAL.pt
00:22:06 INFO rfd3.engine: [rank: 0] Finished inference batch in 86.31 seconds.
  Batch 7/10 ...
00:22:08 WARNING atomworks.io: The `extra_fields` argument will be ignored if there is no CIF file input.
00:22:08 WARNING atomworks.ml: Cached data not found for ALA at /net/tukwila/ncorley/datahub/MACE-OFF23_medium/A/ALA/ALA.pt
00:22:08 WARNING atomworks.ml: Cached data not found for ARG at /net/tukwila/ncorley/datahub/MACE-OFF23_medium/A/ARG/ARG.pt
00:22:08 WARNING atomworks.ml: Cached data not found for ASN at /net/tukwila/ncorley/datahub/MACE-OFF23_medium/A/ASN/ASN.pt
00:22:08 WARNING atomworks.ml: Cached data not found for ASP at /net/tukwila/ncorley/datahub/MACE-OFF23_medium/A/ASP/ASP.pt
00:22:08 WARNING atomworks.ml: Cached data not found for CYS at /net/tukwila/ncorley/datahub/MACE-OFF23_medium/C/CYS/CYS.pt
00:22:08 WARNING atomworks.ml: Cached data not found for GLN at /net/tukwila/ncorley/datahub/MACE-OFF23_medium/G/GLN/GLN.pt
00:22:08 WARNING atomworks.ml: Cached data not found for GLU at /net/tukwila/ncorley/datahub/MACE-OFF23_medium/G/GLU/GLU.pt
00:22:08 WARNING atomworks.ml: Cached data not found for GLY at /net/tukwila/ncorley/datahub/MACE-OFF23_medium/G/GLY/GLY.pt
00:22:08 WARNING atomworks.ml: Cached data not found for HIS at /net/tukwila/ncorley/datahub/MACE-OFF23_medium/H/HIS/HIS.pt
00:22:08 WARNING atomworks.ml: Cached data not found for ILE at /net/tukwila/ncorley/datahub/MACE-OFF23_medium/I/ILE/ILE.pt
00:22:08 WARNING atomworks.ml: Cached data not found for LEU at /net/tukwila/ncorley/datahub/MACE-OFF23_medium/L/LEU/LEU.pt
00:22:08 WARNING atomworks.ml: Cached data not found for LYS at /net/tukwila/ncorley/datahub/MACE-OFF23_medium/L/LYS/LYS.pt
00:22:08 WARNING atomworks.ml: Cached data not found for MET at /net/tukwila/ncorley/datahub/MACE-OFF23_medium/M/MET/MET.pt
00:22:08 WARNING atomworks.ml: Cached data not found for PHE at /net/tukwila/ncorley/datahub/MACE-OFF23_medium/P/PHE/PHE.pt
00:22:08 WARNING atomworks.ml: Cached data not found for PRO at /net/tukwila/ncorley/datahub/MACE-OFF23_medium/P/PRO/PRO.pt
00:22:08 WARNING atomworks.ml: Cached data not found for SER at /net/tukwila/ncorley/datahub/MACE-OFF23_medium/S/SER/SER.pt
00:22:08 WARNING atomworks.ml: Cached data not found for THR at /net/tukwila/ncorley/datahub/MACE-OFF23_medium/T/THR/THR.pt
00:22:08 WARNING atomworks.ml: Cached data not found for TRP at /net/tukwila/ncorley/datahub/MACE-OFF23_medium/T/TRP/TRP.pt
00:22:08 WARNING atomworks.ml: Cached data not found for TYR at /net/tukwila/ncorley/datahub/MACE-OFF23_medium/T/TYR/TYR.pt
00:22:08 WARNING atomworks.ml: Cached data not found for VAL at /net/tukwila/ncorley/datahub/MACE-OFF23_medium/V/VAL/VAL.pt
00:23:36 INFO rfd3.engine: [rank: 0] Finished inference batch in 87.97 seconds.
  Batch 8/10 ...
00:23:37 WARNING atomworks.io: The `extra_fields` argument will be ignored if there is no CIF file input.
00:23:37 WARNING atomworks.ml: Cached data not found for ALA at /net/tukwila/ncorley/datahub/MACE-OFF23_medium/A/ALA/ALA.pt
00:23:37 WARNING atomworks.ml: Cached data not found for ARG at /net/tukwila/ncorley/datahub/MACE-OFF23_medium/A/ARG/ARG.pt
00:23:37 WARNING atomworks.ml: Cached data not found for ASN at /net/tukwila/ncorley/datahub/MACE-OFF23_medium/A/ASN/ASN.pt
00:23:37 WARNING atomworks.ml: Cached data not found for ASP at /net/tukwila/ncorley/datahub/MACE-OFF23_medium/A/ASP/ASP.pt
00:23:37 WARNING atomworks.ml: Cached data not found for CYS at /net/tukwila/ncorley/datahub/MACE-OFF23_medium/C/CYS/CYS.pt
00:23:37 WARNING atomworks.ml: Cached data not found for GLN at /net/tukwila/ncorley/datahub/MACE-OFF23_medium/G/GLN/GLN.pt
00:23:37 WARNING atomworks.ml: Cached data not found for GLU at /net/tukwila/ncorley/datahub/MACE-OFF23_medium/G/GLU/GLU.pt
00:23:37 WARNING atomworks.ml: Cached data not found for GLY at /net/tukwila/ncorley/datahub/MACE-OFF23_medium/G/GLY/GLY.pt
00:23:37 WARNING atomworks.ml: Cached data not found for HIS at /net/tukwila/ncorley/datahub/MACE-OFF23_medium/H/HIS/HIS.pt
00:23:37 WARNING atomworks.ml: Cached data not found for ILE at /net/tukwila/ncorley/datahub/MACE-OFF23_medium/I/ILE/ILE.pt
00:23:37 WARNING atomworks.ml: Cached data not found for LEU at /net/tukwila/ncorley/datahub/MACE-OFF23_medium/L/LEU/LEU.pt
00:23:37 WARNING atomworks.ml: Cached data not found for LYS at /net/tukwila/ncorley/datahub/MACE-OFF23_medium/L/LYS/LYS.pt
00:23:37 WARNING atomworks.ml: Cached data not found for MET at /net/tukwila/ncorley/datahub/MACE-OFF23_medium/M/MET/MET.pt
00:23:37 WARNING atomworks.ml: Cached data not found for PHE at /net/tukwila/ncorley/datahub/MACE-OFF23_medium/P/PHE/PHE.pt
00:23:37 WARNING atomworks.ml: Cached data not found for PRO at /net/tukwila/ncorley/datahub/MACE-OFF23_medium/P/PRO/PRO.pt
00:23:37 WARNING atomworks.ml: Cached data not found for SER at /net/tukwila/ncorley/datahub/MACE-OFF23_medium/S/SER/SER.pt
00:23:37 WARNING atomworks.ml: Cached data not found for THR at /net/tukwila/ncorley/datahub/MACE-OFF23_medium/T/THR/THR.pt
00:23:37 WARNING atomworks.ml: Cached data not found for TRP at /net/tukwila/ncorley/datahub/MACE-OFF23_medium/T/TRP/TRP.pt
00:23:37 WARNING atomworks.ml: Cached data not found for TYR at /net/tukwila/ncorley/datahub/MACE-OFF23_medium/T/TYR/TYR.pt
00:23:37 WARNING atomworks.ml: Cached data not found for VAL at /net/tukwila/ncorley/datahub/MACE-OFF23_medium/V/VAL/VAL.pt
00:25:06 INFO rfd3.engine: [rank: 0] Finished inference batch in 88.87 seconds.
  Batch 9/10 ...
00:25:08 WARNING atomworks.io: The `extra_fields` argument will be ignored if there is no CIF file input.
00:25:08 WARNING atomworks.ml: Cached data not found for ALA at /net/tukwila/ncorley/datahub/MACE-OFF23_medium/A/ALA/ALA.pt
00:25:08 WARNING atomworks.ml: Cached data not found for ARG at /net/tukwila/ncorley/datahub/MACE-OFF23_medium/A/ARG/ARG.pt
00:25:08 WARNING atomworks.ml: Cached data not found for ASN at /net/tukwila/ncorley/datahub/MACE-OFF23_medium/A/ASN/ASN.pt
00:25:08 WARNING atomworks.ml: Cached data not found for ASP at /net/tukwila/ncorley/datahub/MACE-OFF23_medium/A/ASP/ASP.pt
00:25:08 WARNING atomworks.ml: Cached data not found for CYS at /net/tukwila/ncorley/datahub/MACE-OFF23_medium/C/CYS/CYS.pt
00:25:08 WARNING atomworks.ml: Cached data not found for GLN at /net/tukwila/ncorley/datahub/MACE-OFF23_medium/G/GLN/GLN.pt
00:25:08 WARNING atomworks.ml: Cached data not found for GLU at /net/tukwila/ncorley/datahub/MACE-OFF23_medium/G/GLU/GLU.pt
00:25:08 WARNING atomworks.ml: Cached data not found for GLY at /net/tukwila/ncorley/datahub/MACE-OFF23_medium/G/GLY/GLY.pt
00:25:08 WARNING atomworks.ml: Cached data not found for HIS at /net/tukwila/ncorley/datahub/MACE-OFF23_medium/H/HIS/HIS.pt
00:25:08 WARNING atomworks.ml: Cached data not found for ILE at /net/tukwila/ncorley/datahub/MACE-OFF23_medium/I/ILE/ILE.pt
00:25:08 WARNING atomworks.ml: Cached data not found for LEU at /net/tukwila/ncorley/datahub/MACE-OFF23_medium/L/LEU/LEU.pt
00:25:08 WARNING atomworks.ml: Cached data not found for LYS at /net/tukwila/ncorley/datahub/MACE-OFF23_medium/L/LYS/LYS.pt
00:25:08 WARNING atomworks.ml: Cached data not found for MET at /net/tukwila/ncorley/datahub/MACE-OFF23_medium/M/MET/MET.pt
00:25:08 WARNING atomworks.ml: Cached data not found for PHE at /net/tukwila/ncorley/datahub/MACE-OFF23_medium/P/PHE/PHE.pt
00:25:08 WARNING atomworks.ml: Cached data not found for PRO at /net/tukwila/ncorley/datahub/MACE-OFF23_medium/P/PRO/PRO.pt
00:25:08 WARNING atomworks.ml: Cached data not found for SER at /net/tukwila/ncorley/datahub/MACE-OFF23_medium/S/SER/SER.pt
00:25:08 WARNING atomworks.ml: Cached data not found for THR at /net/tukwila/ncorley/datahub/MACE-OFF23_medium/T/THR/THR.pt
00:25:08 WARNING atomworks.ml: Cached data not found for TRP at /net/tukwila/ncorley/datahub/MACE-OFF23_medium/T/TRP/TRP.pt
00:25:08 WARNING atomworks.ml: Cached data not found for TYR at /net/tukwila/ncorley/datahub/MACE-OFF23_medium/T/TYR/TYR.pt
00:25:08 WARNING atomworks.ml: Cached data not found for VAL at /net/tukwila/ncorley/datahub/MACE-OFF23_medium/V/VAL/VAL.pt
00:26:34 INFO rfd3.engine: [rank: 0] Finished inference batch in 85.91 seconds.
  Batch 10/10 ...
00:26:35 WARNING atomworks.io: The `extra_fields` argument will be ignored if there is no CIF file input.
00:26:35 WARNING atomworks.ml: Cached data not found for ALA at /net/tukwila/ncorley/datahub/MACE-OFF23_medium/A/ALA/ALA.pt
00:26:35 WARNING atomworks.ml: Cached data not found for ARG at /net/tukwila/ncorley/datahub/MACE-OFF23_medium/A/ARG/ARG.pt
00:26:35 WARNING atomworks.ml: Cached data not found for ASN at /net/tukwila/ncorley/datahub/MACE-OFF23_medium/A/ASN/ASN.pt
00:26:35 WARNING atomworks.ml: Cached data not found for ASP at /net/tukwila/ncorley/datahub/MACE-OFF23_medium/A/ASP/ASP.pt
00:26:35 WARNING atomworks.ml: Cached data not found for CYS at /net/tukwila/ncorley/datahub/MACE-OFF23_medium/C/CYS/CYS.pt
00:26:35 WARNING atomworks.ml: Cached data not found for GLN at /net/tukwila/ncorley/datahub/MACE-OFF23_medium/G/GLN/GLN.pt
00:26:35 WARNING atomworks.ml: Cached data not found for GLU at /net/tukwila/ncorley/datahub/MACE-OFF23_medium/G/GLU/GLU.pt
00:26:35 WARNING atomworks.ml: Cached data not found for GLY at /net/tukwila/ncorley/datahub/MACE-OFF23_medium/G/GLY/GLY.pt
00:26:35 WARNING atomworks.ml: Cached data not found for HIS at /net/tukwila/ncorley/datahub/MACE-OFF23_medium/H/HIS/HIS.pt
00:26:35 WARNING atomworks.ml: Cached data not found for ILE at /net/tukwila/ncorley/datahub/MACE-OFF23_medium/I/ILE/ILE.pt
00:26:35 WARNING atomworks.ml: Cached data not found for LEU at /net/tukwila/ncorley/datahub/MACE-OFF23_medium/L/LEU/LEU.pt
00:26:35 WARNING atomworks.ml: Cached data not found for LYS at /net/tukwila/ncorley/datahub/MACE-OFF23_medium/L/LYS/LYS.pt
00:26:35 WARNING atomworks.ml: Cached data not found for MET at /net/tukwila/ncorley/datahub/MACE-OFF23_medium/M/MET/MET.pt
00:26:35 WARNING atomworks.ml: Cached data not found for PHE at /net/tukwila/ncorley/datahub/MACE-OFF23_medium/P/PHE/PHE.pt
00:26:35 WARNING atomworks.ml: Cached data not found for PRO at /net/tukwila/ncorley/datahub/MACE-OFF23_medium/P/PRO/PRO.pt
00:26:35 WARNING atomworks.ml: Cached data not found for SER at /net/tukwila/ncorley/datahub/MACE-OFF23_medium/S/SER/SER.pt
00:26:35 WARNING atomworks.ml: Cached data not found for THR at /net/tukwila/ncorley/datahub/MACE-OFF23_medium/T/THR/THR.pt
00:26:35 WARNING atomworks.ml: Cached data not found for TRP at /net/tukwila/ncorley/datahub/MACE-OFF23_medium/T/TRP/TRP.pt
00:26:35 WARNING atomworks.ml: Cached data not found for TYR at /net/tukwila/ncorley/datahub/MACE-OFF23_medium/T/TYR/TYR.pt
00:26:35 WARNING atomworks.ml: Cached data not found for VAL at /net/tukwila/ncorley/datahub/MACE-OFF23_medium/V/VAL/VAL.pt
00:28:03 INFO rfd3.engine: [rank: 0] Finished inference batch in 87.11 seconds.

Stage A RFd3 done: 200 designs → /workspace/outputs/rfd3_stage_a
RFd3 Stage A: 200 designs

=== Step 2: Graft minibinder onto exact input Fab ===
  sa_40to55_b000_000.cif → sa_40to55_b000_000_grafted.pdb  (MB=49 aa, layout=separate_chain, Fab drift in RFd3 output=6.934 Å)
  sa_40to55_b000_001.cif → sa_40to55_b000_001_grafted.pdb  (MB=49 aa, layout=separate_chain, Fab drift in RFd3 output=6.934 Å)
  sa_40to55_b000_002.cif → sa_40to55_b000_002_grafted.pdb  (MB=49 aa, layout=separate_chain, Fab drift in RFd3 output=6.934 Å)
Grafted 200/200 → /home/ubuntu/pipeline/outputs/stage_a_grafted
  layout(s): separate_chain
  Fab drift in raw RFd3 outputs: min 6.93 Å, mean 6.93 Å, max 6.93 Å
  (grafted files always carry the input Fab coordinates verbatim)
Grafted: 200 structures

=== Step 3: QC — helicity, bridging, Fab fidelity ===
Analysed 200 designs from /home/ubuntu/pipeline/outputs/stage_a_grafted

Fab fidelity (chains A–D,T vs input):
  max CA deviation across all designs: 0.0000 Å
  designs with a perfectly preserved Fab: 200/200

Minibinder secondary structure:
  helix  frac: mean 0.367  median 0.294  max 1.000
  strand frac: mean 0.396  median 0.420
  loop   frac: mean 0.238  median 0.223
  designs with helix_frac >= 0.3: 99/200 (50%)
  designs with helix_frac >= 0.5: 67/200 (34%)
  designs with helix_frac >= 0.7: 32/200 (16%)

Cross-linking (CA–CA <= 10 Å to both hotspot surfaces):
  designs bridging CH1 and VL: 94/200
  of which >= 50% helical: 41

Helix fraction by minibinder length decade:
  40-49 aa: n= 70  mean helix 0.255
  50-59 aa: n= 30  mean helix 0.386
  60-69 aa: n= 30  mean helix 0.414
  70-79 aa: n= 30  mean helix 0.410
  80-89 aa: n= 40  mean helix 0.481

Top 15 designs (bridging, then helicity):
  design                        len     H     E  nH  maxH  CH1   VL  clash
  sa_60to85_b007_008             83  1.00  0.00   1    83    6    3   2.00
  sa_40to55_b005_000             45  0.96  0.00   1    43    3    2   1.25
  sa_60to85_b006_000             85  0.95  0.00   3    52    4    2   1.48
  sa_60to85_b009_003             83  0.95  0.00   3    39    3    2   2.40
  sa_60to85_b000_007             82  0.92  0.00   3    36    9    5   1.72
  sa_40to55_b007_006             53  0.91  0.00   2    35    5    3   1.58
  sa_60to85_b009_000             83  0.89  0.00   3    32    6    1   2.21
  sa_60to85_b002_001             68  0.88  0.06   2    36    7    1   1.96
  sa_60to85_b007_000             83  0.83  0.04   3    28    8    1   2.18
  sa_60to85_b009_005             83  0.82  0.04   3    28    4    2   2.07
  sa_60to85_b006_002             85  0.79  0.04   2    44    7    2   1.56
  sa_60to85_b001_008             74  0.78  0.05   3    29   12    1   1.96
  sa_60to85_b001_007             74  0.78  0.10   2    38    9    3   2.07
  sa_40to55_b000_003             49  0.78  0.00   3    16    7    1   2.01
  sa_60to85_b007_005             83  0.77  0.11   3    29    9    1   2.22

Wrote /home/ubuntu/pipeline/final/stage_a_minibinder_qc.csv

