===== Full integrated pipeline v4: Mon Jul  6 23:44:10 UTC 2026 =====
GPU: NVIDIA A100-SXM4-80GB
RFd3 rounds: 2 | MB length range: 35-70
Two-round mode: validate round 1 → top 5 by global RMSD → partial diffusion
  round 2: 8 designs/template | partial_t=2.0 Å
Installing Boltz-2 (PID 4845) + pulling Docker (PID 4849) in parallel...
Docker ready.

=== Step 1: RFdiffusion3 round 1 ===
Environment variable CCD_MIRROR_PATH not set. Will not be able to use function requiring this variable. To set it you may:
  (1) add the line 'export VAR_NAME=path/to/variable' to your .bashrc or .zshrc file
  (2) set it in your current shell with 'export VAR_NAME=path/to/variable'
  (3) write it to a .env file in the root of the atomworks.io repository
Environment variable PDB_MIRROR_PATH not set. Will not be able to use function requiring this variable. To set it you may:
  (1) add the line 'export VAR_NAME=path/to/variable' to your .bashrc or .zshrc file
  (2) set it in your current shell with 'export VAR_NAME=path/to/variable'
  (3) write it to a .env file in the root of the atomworks.io repository
23:44:17 DEBUG transforms: Debug mode is on
23:44:19 WARNING atomworks.io: We can't fix formal charges without building from templates, as we need to know the true number of hydrogens bonded to a given atom, not the inferred number. This may lead to occasional inaccuracies after adding inter-residue bonds. To avoid this and fix formal charges, set `add_missing_atoms = True`.
RFd3 round 1: 200 designs | minibinder length 35-70
  Batch 1/20 ...
Using bfloat16 Automatic Mixed Precision (AMP)
23:44:28 WARNING atomworks.io: The `extra_fields` argument will be ignored if there is no CIF file input.
23:44:28 WARNING atomworks.ml: Cached data not found for ALA at /net/tukwila/ncorley/datahub/MACE-OFF23_medium/A/ALA/ALA.pt
23:44:28 WARNING atomworks.ml: Cached data not found for ARG at /net/tukwila/ncorley/datahub/MACE-OFF23_medium/A/ARG/ARG.pt
23:44:28 WARNING atomworks.ml: Cached data not found for ASN at /net/tukwila/ncorley/datahub/MACE-OFF23_medium/A/ASN/ASN.pt
23:44:28 WARNING atomworks.ml: Cached data not found for ASP at /net/tukwila/ncorley/datahub/MACE-OFF23_medium/A/ASP/ASP.pt
23:44:28 WARNING atomworks.ml: Cached data not found for CYS at /net/tukwila/ncorley/datahub/MACE-OFF23_medium/C/CYS/CYS.pt
23:44:28 WARNING atomworks.ml: Cached data not found for GLN at /net/tukwila/ncorley/datahub/MACE-OFF23_medium/G/GLN/GLN.pt
23:44:28 WARNING atomworks.ml: Cached data not found for GLU at /net/tukwila/ncorley/datahub/MACE-OFF23_medium/G/GLU/GLU.pt
23:44:28 WARNING atomworks.ml: Cached data not found for GLY at /net/tukwila/ncorley/datahub/MACE-OFF23_medium/G/GLY/GLY.pt
23:44:28 WARNING atomworks.ml: Cached data not found for HIS at /net/tukwila/ncorley/datahub/MACE-OFF23_medium/H/HIS/HIS.pt
23:44:28 WARNING atomworks.ml: Cached data not found for ILE at /net/tukwila/ncorley/datahub/MACE-OFF23_medium/I/ILE/ILE.pt
23:44:28 WARNING atomworks.ml: Cached data not found for LEU at /net/tukwila/ncorley/datahub/MACE-OFF23_medium/L/LEU/LEU.pt
23:44:28 WARNING atomworks.ml: Cached data not found for LYS at /net/tukwila/ncorley/datahub/MACE-OFF23_medium/L/LYS/LYS.pt
23:44:28 WARNING atomworks.ml: Cached data not found for MET at /net/tukwila/ncorley/datahub/MACE-OFF23_medium/M/MET/MET.pt
23:44:28 WARNING atomworks.ml: Cached data not found for PHE at /net/tukwila/ncorley/datahub/MACE-OFF23_medium/P/PHE/PHE.pt
23:44:28 WARNING atomworks.ml: Cached data not found for PRO at /net/tukwila/ncorley/datahub/MACE-OFF23_medium/P/PRO/PRO.pt
23:44:28 WARNING atomworks.ml: Cached data not found for SER at /net/tukwila/ncorley/datahub/MACE-OFF23_medium/S/SER/SER.pt
23:44:28 WARNING atomworks.ml: Cached data not found for THR at /net/tukwila/ncorley/datahub/MACE-OFF23_medium/T/THR/THR.pt
23:44:28 WARNING atomworks.ml: Cached data not found for TRP at /net/tukwila/ncorley/datahub/MACE-OFF23_medium/T/TRP/TRP.pt
23:44:28 WARNING atomworks.ml: Cached data not found for TYR at /net/tukwila/ncorley/datahub/MACE-OFF23_medium/T/TYR/TYR.pt
23:44:28 WARNING atomworks.ml: Cached data not found for VAL at /net/tukwila/ncorley/datahub/MACE-OFF23_medium/V/VAL/VAL.pt
23:45:11 INFO rfd3.engine: [rank: 0] Finished inference batch in 43.05 seconds.
  Batch 2/20 ...
23:45:12 WARNING atomworks.io: The `extra_fields` argument will be ignored if there is no CIF file input.
23:45:12 WARNING atomworks.ml: Cached data not found for ALA at /net/tukwila/ncorley/datahub/MACE-OFF23_medium/A/ALA/ALA.pt
23:45:12 WARNING atomworks.ml: Cached data not found for ARG at /net/tukwila/ncorley/datahub/MACE-OFF23_medium/A/ARG/ARG.pt
23:45:12 WARNING atomworks.ml: Cached data not found for ASN at /net/tukwila/ncorley/datahub/MACE-OFF23_medium/A/ASN/ASN.pt
23:45:12 WARNING atomworks.ml: Cached data not found for ASP at /net/tukwila/ncorley/datahub/MACE-OFF23_medium/A/ASP/ASP.pt
23:45:12 WARNING atomworks.ml: Cached data not found for CYS at /net/tukwila/ncorley/datahub/MACE-OFF23_medium/C/CYS/CYS.pt
23:45:12 WARNING atomworks.ml: Cached data not found for GLN at /net/tukwila/ncorley/datahub/MACE-OFF23_medium/G/GLN/GLN.pt
23:45:12 WARNING atomworks.ml: Cached data not found for GLU at /net/tukwila/ncorley/datahub/MACE-OFF23_medium/G/GLU/GLU.pt
23:45:12 WARNING atomworks.ml: Cached data not found for GLY at /net/tukwila/ncorley/datahub/MACE-OFF23_medium/G/GLY/GLY.pt
23:45:12 WARNING atomworks.ml: Cached data not found for HIS at /net/tukwila/ncorley/datahub/MACE-OFF23_medium/H/HIS/HIS.pt
23:45:12 WARNING atomworks.ml: Cached data not found for ILE at /net/tukwila/ncorley/datahub/MACE-OFF23_medium/I/ILE/ILE.pt
23:45:12 WARNING atomworks.ml: Cached data not found for LEU at /net/tukwila/ncorley/datahub/MACE-OFF23_medium/L/LEU/LEU.pt
23:45:12 WARNING atomworks.ml: Cached data not found for LYS at /net/tukwila/ncorley/datahub/MACE-OFF23_medium/L/LYS/LYS.pt
23:45:12 WARNING atomworks.ml: Cached data not found for MET at /net/tukwila/ncorley/datahub/MACE-OFF23_medium/M/MET/MET.pt
23:45:12 WARNING atomworks.ml: Cached data not found for PHE at /net/tukwila/ncorley/datahub/MACE-OFF23_medium/P/PHE/PHE.pt
23:45:12 WARNING atomworks.ml: Cached data not found for PRO at /net/tukwila/ncorley/datahub/MACE-OFF23_medium/P/PRO/PRO.pt
23:45:12 WARNING atomworks.ml: Cached data not found for SER at /net/tukwila/ncorley/datahub/MACE-OFF23_medium/S/SER/SER.pt
23:45:12 WARNING atomworks.ml: Cached data not found for THR at /net/tukwila/ncorley/datahub/MACE-OFF23_medium/T/THR/THR.pt
23:45:12 WARNING atomworks.ml: Cached data not found for TRP at /net/tukwila/ncorley/datahub/MACE-OFF23_medium/T/TRP/TRP.pt
23:45:12 WARNING atomworks.ml: Cached data not found for TYR at /net/tukwila/ncorley/datahub/MACE-OFF23_medium/T/TYR/TYR.pt
23:45:12 WARNING atomworks.ml: Cached data not found for VAL at /net/tukwila/ncorley/datahub/MACE-OFF23_medium/V/VAL/VAL.pt
23:45:50 INFO rfd3.engine: [rank: 0] Finished inference batch in 38.21 seconds.
  Batch 3/20 ...
23:45:51 WARNING atomworks.io: The `extra_fields` argument will be ignored if there is no CIF file input.
23:45:51 WARNING atomworks.ml: Cached data not found for ALA at /net/tukwila/ncorley/datahub/MACE-OFF23_medium/A/ALA/ALA.pt
23:45:51 WARNING atomworks.ml: Cached data not found for ARG at /net/tukwila/ncorley/datahub/MACE-OFF23_medium/A/ARG/ARG.pt
23:45:51 WARNING atomworks.ml: Cached data not found for ASN at /net/tukwila/ncorley/datahub/MACE-OFF23_medium/A/ASN/ASN.pt
23:45:51 WARNING atomworks.ml: Cached data not found for ASP at /net/tukwila/ncorley/datahub/MACE-OFF23_medium/A/ASP/ASP.pt
23:45:51 WARNING atomworks.ml: Cached data not found for CYS at /net/tukwila/ncorley/datahub/MACE-OFF23_medium/C/CYS/CYS.pt
23:45:51 WARNING atomworks.ml: Cached data not found for GLN at /net/tukwila/ncorley/datahub/MACE-OFF23_medium/G/GLN/GLN.pt
23:45:51 WARNING atomworks.ml: Cached data not found for GLU at /net/tukwila/ncorley/datahub/MACE-OFF23_medium/G/GLU/GLU.pt
23:45:51 WARNING atomworks.ml: Cached data not found for GLY at /net/tukwila/ncorley/datahub/MACE-OFF23_medium/G/GLY/GLY.pt
23:45:51 WARNING atomworks.ml: Cached data not found for HIS at /net/tukwila/ncorley/datahub/MACE-OFF23_medium/H/HIS/HIS.pt
23:45:51 WARNING atomworks.ml: Cached data not found for ILE at /net/tukwila/ncorley/datahub/MACE-OFF23_medium/I/ILE/ILE.pt
23:45:51 WARNING atomworks.ml: Cached data not found for LEU at /net/tukwila/ncorley/datahub/MACE-OFF23_medium/L/LEU/LEU.pt
23:45:51 WARNING atomworks.ml: Cached data not found for LYS at /net/tukwila/ncorley/datahub/MACE-OFF23_medium/L/LYS/LYS.pt
23:45:51 WARNING atomworks.ml: Cached data not found for MET at /net/tukwila/ncorley/datahub/MACE-OFF23_medium/M/MET/MET.pt
23:45:51 WARNING atomworks.ml: Cached data not found for PHE at /net/tukwila/ncorley/datahub/MACE-OFF23_medium/P/PHE/PHE.pt
23:45:51 WARNING atomworks.ml: Cached data not found for PRO at /net/tukwila/ncorley/datahub/MACE-OFF23_medium/P/PRO/PRO.pt
23:45:51 WARNING atomworks.ml: Cached data not found for SER at /net/tukwila/ncorley/datahub/MACE-OFF23_medium/S/SER/SER.pt
23:45:51 WARNING atomworks.ml: Cached data not found for THR at /net/tukwila/ncorley/datahub/MACE-OFF23_medium/T/THR/THR.pt
23:45:51 WARNING atomworks.ml: Cached data not found for TRP at /net/tukwila/ncorley/datahub/MACE-OFF23_medium/T/TRP/TRP.pt
23:45:51 WARNING atomworks.ml: Cached data not found for TYR at /net/tukwila/ncorley/datahub/MACE-OFF23_medium/T/TYR/TYR.pt
23:45:51 WARNING atomworks.ml: Cached data not found for VAL at /net/tukwila/ncorley/datahub/MACE-OFF23_medium/V/VAL/VAL.pt
23:46:33 INFO rfd3.engine: [rank: 0] Finished inference batch in 41.38 seconds.
  Batch 4/20 ...
23:46:33 WARNING atomworks.io: The `extra_fields` argument will be ignored if there is no CIF file input.
23:46:33 WARNING atomworks.ml: Cached data not found for ALA at /net/tukwila/ncorley/datahub/MACE-OFF23_medium/A/ALA/ALA.pt
23:46:33 WARNING atomworks.ml: Cached data not found for ARG at /net/tukwila/ncorley/datahub/MACE-OFF23_medium/A/ARG/ARG.pt
23:46:33 WARNING atomworks.ml: Cached data not found for ASN at /net/tukwila/ncorley/datahub/MACE-OFF23_medium/A/ASN/ASN.pt
23:46:33 WARNING atomworks.ml: Cached data not found for ASP at /net/tukwila/ncorley/datahub/MACE-OFF23_medium/A/ASP/ASP.pt
23:46:33 WARNING atomworks.ml: Cached data not found for CYS at /net/tukwila/ncorley/datahub/MACE-OFF23_medium/C/CYS/CYS.pt
23:46:33 WARNING atomworks.ml: Cached data not found for GLN at /net/tukwila/ncorley/datahub/MACE-OFF23_medium/G/GLN/GLN.pt
23:46:33 WARNING atomworks.ml: Cached data not found for GLU at /net/tukwila/ncorley/datahub/MACE-OFF23_medium/G/GLU/GLU.pt
23:46:33 WARNING atomworks.ml: Cached data not found for GLY at /net/tukwila/ncorley/datahub/MACE-OFF23_medium/G/GLY/GLY.pt
23:46:33 WARNING atomworks.ml: Cached data not found for HIS at /net/tukwila/ncorley/datahub/MACE-OFF23_medium/H/HIS/HIS.pt
23:46:33 WARNING atomworks.ml: Cached data not found for ILE at /net/tukwila/ncorley/datahub/MACE-OFF23_medium/I/ILE/ILE.pt
23:46:33 WARNING atomworks.ml: Cached data not found for LEU at /net/tukwila/ncorley/datahub/MACE-OFF23_medium/L/LEU/LEU.pt
23:46:33 WARNING atomworks.ml: Cached data not found for LYS at /net/tukwila/ncorley/datahub/MACE-OFF23_medium/L/LYS/LYS.pt
23:46:33 WARNING atomworks.ml: Cached data not found for MET at /net/tukwila/ncorley/datahub/MACE-OFF23_medium/M/MET/MET.pt
23:46:33 WARNING atomworks.ml: Cached data not found for PHE at /net/tukwila/ncorley/datahub/MACE-OFF23_medium/P/PHE/PHE.pt
23:46:33 WARNING atomworks.ml: Cached data not found for PRO at /net/tukwila/ncorley/datahub/MACE-OFF23_medium/P/PRO/PRO.pt
23:46:33 WARNING atomworks.ml: Cached data not found for SER at /net/tukwila/ncorley/datahub/MACE-OFF23_medium/S/SER/SER.pt
23:46:33 WARNING atomworks.ml: Cached data not found for THR at /net/tukwila/ncorley/datahub/MACE-OFF23_medium/T/THR/THR.pt
23:46:33 WARNING atomworks.ml: Cached data not found for TRP at /net/tukwila/ncorley/datahub/MACE-OFF23_medium/T/TRP/TRP.pt
23:46:33 WARNING atomworks.ml: Cached data not found for TYR at /net/tukwila/ncorley/datahub/MACE-OFF23_medium/T/TYR/TYR.pt
23:46:33 WARNING atomworks.ml: Cached data not found for VAL at /net/tukwila/ncorley/datahub/MACE-OFF23_medium/V/VAL/VAL.pt
23:47:13 INFO rfd3.engine: [rank: 0] Finished inference batch in 39.35 seconds.
  Batch 5/20 ...
23:47:14 WARNING atomworks.io: The `extra_fields` argument will be ignored if there is no CIF file input.
23:47:14 WARNING atomworks.ml: Cached data not found for ALA at /net/tukwila/ncorley/datahub/MACE-OFF23_medium/A/ALA/ALA.pt
23:47:14 WARNING atomworks.ml: Cached data not found for ARG at /net/tukwila/ncorley/datahub/MACE-OFF23_medium/A/ARG/ARG.pt
23:47:14 WARNING atomworks.ml: Cached data not found for ASN at /net/tukwila/ncorley/datahub/MACE-OFF23_medium/A/ASN/ASN.pt
23:47:14 WARNING atomworks.ml: Cached data not found for ASP at /net/tukwila/ncorley/datahub/MACE-OFF23_medium/A/ASP/ASP.pt
23:47:14 WARNING atomworks.ml: Cached data not found for CYS at /net/tukwila/ncorley/datahub/MACE-OFF23_medium/C/CYS/CYS.pt
23:47:14 WARNING atomworks.ml: Cached data not found for GLN at /net/tukwila/ncorley/datahub/MACE-OFF23_medium/G/GLN/GLN.pt
23:47:14 WARNING atomworks.ml: Cached data not found for GLU at /net/tukwila/ncorley/datahub/MACE-OFF23_medium/G/GLU/GLU.pt
23:47:14 WARNING atomworks.ml: Cached data not found for GLY at /net/tukwila/ncorley/datahub/MACE-OFF23_medium/G/GLY/GLY.pt
23:47:14 WARNING atomworks.ml: Cached data not found for HIS at /net/tukwila/ncorley/datahub/MACE-OFF23_medium/H/HIS/HIS.pt
23:47:14 WARNING atomworks.ml: Cached data not found for ILE at /net/tukwila/ncorley/datahub/MACE-OFF23_medium/I/ILE/ILE.pt
23:47:14 WARNING atomworks.ml: Cached data not found for LEU at /net/tukwila/ncorley/datahub/MACE-OFF23_medium/L/LEU/LEU.pt
23:47:14 WARNING atomworks.ml: Cached data not found for LYS at /net/tukwila/ncorley/datahub/MACE-OFF23_medium/L/LYS/LYS.pt
23:47:14 WARNING atomworks.ml: Cached data not found for MET at /net/tukwila/ncorley/datahub/MACE-OFF23_medium/M/MET/MET.pt
23:47:14 WARNING atomworks.ml: Cached data not found for PHE at /net/tukwila/ncorley/datahub/MACE-OFF23_medium/P/PHE/PHE.pt
23:47:14 WARNING atomworks.ml: Cached data not found for PRO at /net/tukwila/ncorley/datahub/MACE-OFF23_medium/P/PRO/PRO.pt
23:47:14 WARNING atomworks.ml: Cached data not found for SER at /net/tukwila/ncorley/datahub/MACE-OFF23_medium/S/SER/SER.pt
23:47:14 WARNING atomworks.ml: Cached data not found for THR at /net/tukwila/ncorley/datahub/MACE-OFF23_medium/T/THR/THR.pt
23:47:14 WARNING atomworks.ml: Cached data not found for TRP at /net/tukwila/ncorley/datahub/MACE-OFF23_medium/T/TRP/TRP.pt
23:47:14 WARNING atomworks.ml: Cached data not found for TYR at /net/tukwila/ncorley/datahub/MACE-OFF23_medium/T/TYR/TYR.pt
23:47:14 WARNING atomworks.ml: Cached data not found for VAL at /net/tukwila/ncorley/datahub/MACE-OFF23_medium/V/VAL/VAL.pt
23:47:55 INFO rfd3.engine: [rank: 0] Finished inference batch in 40.87 seconds.
  Batch 6/20 ...
23:47:55 WARNING atomworks.io: The `extra_fields` argument will be ignored if there is no CIF file input.
23:47:55 WARNING atomworks.ml: Cached data not found for ALA at /net/tukwila/ncorley/datahub/MACE-OFF23_medium/A/ALA/ALA.pt
23:47:55 WARNING atomworks.ml: Cached data not found for ARG at /net/tukwila/ncorley/datahub/MACE-OFF23_medium/A/ARG/ARG.pt
23:47:55 WARNING atomworks.ml: Cached data not found for ASN at /net/tukwila/ncorley/datahub/MACE-OFF23_medium/A/ASN/ASN.pt
23:47:55 WARNING atomworks.ml: Cached data not found for ASP at /net/tukwila/ncorley/datahub/MACE-OFF23_medium/A/ASP/ASP.pt
23:47:55 WARNING atomworks.ml: Cached data not found for CYS at /net/tukwila/ncorley/datahub/MACE-OFF23_medium/C/CYS/CYS.pt
23:47:55 WARNING atomworks.ml: Cached data not found for GLN at /net/tukwila/ncorley/datahub/MACE-OFF23_medium/G/GLN/GLN.pt
23:47:55 WARNING atomworks.ml: Cached data not found for GLU at /net/tukwila/ncorley/datahub/MACE-OFF23_medium/G/GLU/GLU.pt
23:47:55 WARNING atomworks.ml: Cached data not found for GLY at /net/tukwila/ncorley/datahub/MACE-OFF23_medium/G/GLY/GLY.pt
23:47:55 WARNING atomworks.ml: Cached data not found for HIS at /net/tukwila/ncorley/datahub/MACE-OFF23_medium/H/HIS/HIS.pt
23:47:55 WARNING atomworks.ml: Cached data not found for ILE at /net/tukwila/ncorley/datahub/MACE-OFF23_medium/I/ILE/ILE.pt
23:47:55 WARNING atomworks.ml: Cached data not found for LEU at /net/tukwila/ncorley/datahub/MACE-OFF23_medium/L/LEU/LEU.pt
23:47:55 WARNING atomworks.ml: Cached data not found for LYS at /net/tukwila/ncorley/datahub/MACE-OFF23_medium/L/LYS/LYS.pt
23:47:55 WARNING atomworks.ml: Cached data not found for MET at /net/tukwila/ncorley/datahub/MACE-OFF23_medium/M/MET/MET.pt
23:47:55 WARNING atomworks.ml: Cached data not found for PHE at /net/tukwila/ncorley/datahub/MACE-OFF23_medium/P/PHE/PHE.pt
23:47:55 WARNING atomworks.ml: Cached data not found for PRO at /net/tukwila/ncorley/datahub/MACE-OFF23_medium/P/PRO/PRO.pt
23:47:55 WARNING atomworks.ml: Cached data not found for SER at /net/tukwila/ncorley/datahub/MACE-OFF23_medium/S/SER/SER.pt
23:47:55 WARNING atomworks.ml: Cached data not found for THR at /net/tukwila/ncorley/datahub/MACE-OFF23_medium/T/THR/THR.pt
23:47:55 WARNING atomworks.ml: Cached data not found for TRP at /net/tukwila/ncorley/datahub/MACE-OFF23_medium/T/TRP/TRP.pt
23:47:55 WARNING atomworks.ml: Cached data not found for TYR at /net/tukwila/ncorley/datahub/MACE-OFF23_medium/T/TYR/TYR.pt
23:47:55 WARNING atomworks.ml: Cached data not found for VAL at /net/tukwila/ncorley/datahub/MACE-OFF23_medium/V/VAL/VAL.pt
23:48:34 INFO rfd3.engine: [rank: 0] Finished inference batch in 38.02 seconds.
  Batch 7/20 ...
23:48:34 WARNING atomworks.io: The `extra_fields` argument will be ignored if there is no CIF file input.
23:48:34 WARNING atomworks.ml: Cached data not found for ALA at /net/tukwila/ncorley/datahub/MACE-OFF23_medium/A/ALA/ALA.pt
23:48:34 WARNING atomworks.ml: Cached data not found for ARG at /net/tukwila/ncorley/datahub/MACE-OFF23_medium/A/ARG/ARG.pt
23:48:34 WARNING atomworks.ml: Cached data not found for ASN at /net/tukwila/ncorley/datahub/MACE-OFF23_medium/A/ASN/ASN.pt
23:48:34 WARNING atomworks.ml: Cached data not found for ASP at /net/tukwila/ncorley/datahub/MACE-OFF23_medium/A/ASP/ASP.pt
23:48:34 WARNING atomworks.ml: Cached data not found for CYS at /net/tukwila/ncorley/datahub/MACE-OFF23_medium/C/CYS/CYS.pt
23:48:34 WARNING atomworks.ml: Cached data not found for GLN at /net/tukwila/ncorley/datahub/MACE-OFF23_medium/G/GLN/GLN.pt
23:48:34 WARNING atomworks.ml: Cached data not found for GLU at /net/tukwila/ncorley/datahub/MACE-OFF23_medium/G/GLU/GLU.pt
23:48:34 WARNING atomworks.ml: Cached data not found for GLY at /net/tukwila/ncorley/datahub/MACE-OFF23_medium/G/GLY/GLY.pt
23:48:34 WARNING atomworks.ml: Cached data not found for HIS at /net/tukwila/ncorley/datahub/MACE-OFF23_medium/H/HIS/HIS.pt
23:48:34 WARNING atomworks.ml: Cached data not found for ILE at /net/tukwila/ncorley/datahub/MACE-OFF23_medium/I/ILE/ILE.pt
23:48:34 WARNING atomworks.ml: Cached data not found for LEU at /net/tukwila/ncorley/datahub/MACE-OFF23_medium/L/LEU/LEU.pt
23:48:34 WARNING atomworks.ml: Cached data not found for LYS at /net/tukwila/ncorley/datahub/MACE-OFF23_medium/L/LYS/LYS.pt
23:48:34 WARNING atomworks.ml: Cached data not found for MET at /net/tukwila/ncorley/datahub/MACE-OFF23_medium/M/MET/MET.pt
23:48:34 WARNING atomworks.ml: Cached data not found for PHE at /net/tukwila/ncorley/datahub/MACE-OFF23_medium/P/PHE/PHE.pt
23:48:34 WARNING atomworks.ml: Cached data not found for PRO at /net/tukwila/ncorley/datahub/MACE-OFF23_medium/P/PRO/PRO.pt
23:48:34 WARNING atomworks.ml: Cached data not found for SER at /net/tukwila/ncorley/datahub/MACE-OFF23_medium/S/SER/SER.pt
23:48:34 WARNING atomworks.ml: Cached data not found for THR at /net/tukwila/ncorley/datahub/MACE-OFF23_medium/T/THR/THR.pt
23:48:34 WARNING atomworks.ml: Cached data not found for TRP at /net/tukwila/ncorley/datahub/MACE-OFF23_medium/T/TRP/TRP.pt
23:48:34 WARNING atomworks.ml: Cached data not found for TYR at /net/tukwila/ncorley/datahub/MACE-OFF23_medium/T/TYR/TYR.pt
23:48:34 WARNING atomworks.ml: Cached data not found for VAL at /net/tukwila/ncorley/datahub/MACE-OFF23_medium/V/VAL/VAL.pt
23:49:14 INFO rfd3.engine: [rank: 0] Finished inference batch in 39.44 seconds.
  Batch 8/20 ...
23:49:15 WARNING atomworks.io: The `extra_fields` argument will be ignored if there is no CIF file input.
23:49:15 WARNING atomworks.ml: Cached data not found for ALA at /net/tukwila/ncorley/datahub/MACE-OFF23_medium/A/ALA/ALA.pt
23:49:15 WARNING atomworks.ml: Cached data not found for ARG at /net/tukwila/ncorley/datahub/MACE-OFF23_medium/A/ARG/ARG.pt
23:49:15 WARNING atomworks.ml: Cached data not found for ASN at /net/tukwila/ncorley/datahub/MACE-OFF23_medium/A/ASN/ASN.pt
23:49:15 WARNING atomworks.ml: Cached data not found for ASP at /net/tukwila/ncorley/datahub/MACE-OFF23_medium/A/ASP/ASP.pt
23:49:15 WARNING atomworks.ml: Cached data not found for CYS at /net/tukwila/ncorley/datahub/MACE-OFF23_medium/C/CYS/CYS.pt
23:49:15 WARNING atomworks.ml: Cached data not found for GLN at /net/tukwila/ncorley/datahub/MACE-OFF23_medium/G/GLN/GLN.pt
23:49:15 WARNING atomworks.ml: Cached data not found for GLU at /net/tukwila/ncorley/datahub/MACE-OFF23_medium/G/GLU/GLU.pt
23:49:15 WARNING atomworks.ml: Cached data not found for GLY at /net/tukwila/ncorley/datahub/MACE-OFF23_medium/G/GLY/GLY.pt
23:49:15 WARNING atomworks.ml: Cached data not found for HIS at /net/tukwila/ncorley/datahub/MACE-OFF23_medium/H/HIS/HIS.pt
23:49:15 WARNING atomworks.ml: Cached data not found for ILE at /net/tukwila/ncorley/datahub/MACE-OFF23_medium/I/ILE/ILE.pt
23:49:15 WARNING atomworks.ml: Cached data not found for LEU at /net/tukwila/ncorley/datahub/MACE-OFF23_medium/L/LEU/LEU.pt
23:49:15 WARNING atomworks.ml: Cached data not found for LYS at /net/tukwila/ncorley/datahub/MACE-OFF23_medium/L/LYS/LYS.pt
23:49:15 WARNING atomworks.ml: Cached data not found for MET at /net/tukwila/ncorley/datahub/MACE-OFF23_medium/M/MET/MET.pt
23:49:15 WARNING atomworks.ml: Cached data not found for PHE at /net/tukwila/ncorley/datahub/MACE-OFF23_medium/P/PHE/PHE.pt
23:49:15 WARNING atomworks.ml: Cached data not found for PRO at /net/tukwila/ncorley/datahub/MACE-OFF23_medium/P/PRO/PRO.pt
23:49:15 WARNING atomworks.ml: Cached data not found for SER at /net/tukwila/ncorley/datahub/MACE-OFF23_medium/S/SER/SER.pt
23:49:15 WARNING atomworks.ml: Cached data not found for THR at /net/tukwila/ncorley/datahub/MACE-OFF23_medium/T/THR/THR.pt
23:49:15 WARNING atomworks.ml: Cached data not found for TRP at /net/tukwila/ncorley/datahub/MACE-OFF23_medium/T/TRP/TRP.pt
23:49:15 WARNING atomworks.ml: Cached data not found for TYR at /net/tukwila/ncorley/datahub/MACE-OFF23_medium/T/TYR/TYR.pt
23:49:15 WARNING atomworks.ml: Cached data not found for VAL at /net/tukwila/ncorley/datahub/MACE-OFF23_medium/V/VAL/VAL.pt
23:49:56 INFO rfd3.engine: [rank: 0] Finished inference batch in 40.94 seconds.
  Batch 9/20 ...
23:49:57 WARNING atomworks.io: The `extra_fields` argument will be ignored if there is no CIF file input.
23:49:57 WARNING atomworks.ml: Cached data not found for ALA at /net/tukwila/ncorley/datahub/MACE-OFF23_medium/A/ALA/ALA.pt
23:49:57 WARNING atomworks.ml: Cached data not found for ARG at /net/tukwila/ncorley/datahub/MACE-OFF23_medium/A/ARG/ARG.pt
23:49:57 WARNING atomworks.ml: Cached data not found for ASN at /net/tukwila/ncorley/datahub/MACE-OFF23_medium/A/ASN/ASN.pt
23:49:57 WARNING atomworks.ml: Cached data not found for ASP at /net/tukwila/ncorley/datahub/MACE-OFF23_medium/A/ASP/ASP.pt
23:49:57 WARNING atomworks.ml: Cached data not found for CYS at /net/tukwila/ncorley/datahub/MACE-OFF23_medium/C/CYS/CYS.pt
23:49:57 WARNING atomworks.ml: Cached data not found for GLN at /net/tukwila/ncorley/datahub/MACE-OFF23_medium/G/GLN/GLN.pt
23:49:57 WARNING atomworks.ml: Cached data not found for GLU at /net/tukwila/ncorley/datahub/MACE-OFF23_medium/G/GLU/GLU.pt
23:49:57 WARNING atomworks.ml: Cached data not found for GLY at /net/tukwila/ncorley/datahub/MACE-OFF23_medium/G/GLY/GLY.pt
23:49:57 WARNING atomworks.ml: Cached data not found for HIS at /net/tukwila/ncorley/datahub/MACE-OFF23_medium/H/HIS/HIS.pt
23:49:57 WARNING atomworks.ml: Cached data not found for ILE at /net/tukwila/ncorley/datahub/MACE-OFF23_medium/I/ILE/ILE.pt
23:49:57 WARNING atomworks.ml: Cached data not found for LEU at /net/tukwila/ncorley/datahub/MACE-OFF23_medium/L/LEU/LEU.pt
23:49:57 WARNING atomworks.ml: Cached data not found for LYS at /net/tukwila/ncorley/datahub/MACE-OFF23_medium/L/LYS/LYS.pt
23:49:57 WARNING atomworks.ml: Cached data not found for MET at /net/tukwila/ncorley/datahub/MACE-OFF23_medium/M/MET/MET.pt
23:49:57 WARNING atomworks.ml: Cached data not found for PHE at /net/tukwila/ncorley/datahub/MACE-OFF23_medium/P/PHE/PHE.pt
23:49:57 WARNING atomworks.ml: Cached data not found for PRO at /net/tukwila/ncorley/datahub/MACE-OFF23_medium/P/PRO/PRO.pt
23:49:57 WARNING atomworks.ml: Cached data not found for SER at /net/tukwila/ncorley/datahub/MACE-OFF23_medium/S/SER/SER.pt
23:49:57 WARNING atomworks.ml: Cached data not found for THR at /net/tukwila/ncorley/datahub/MACE-OFF23_medium/T/THR/THR.pt
23:49:57 WARNING atomworks.ml: Cached data not found for TRP at /net/tukwila/ncorley/datahub/MACE-OFF23_medium/T/TRP/TRP.pt
23:49:57 WARNING atomworks.ml: Cached data not found for TYR at /net/tukwila/ncorley/datahub/MACE-OFF23_medium/T/TYR/TYR.pt
23:49:57 WARNING atomworks.ml: Cached data not found for VAL at /net/tukwila/ncorley/datahub/MACE-OFF23_medium/V/VAL/VAL.pt
23:50:38 INFO rfd3.engine: [rank: 0] Finished inference batch in 41.74 seconds.
  Batch 10/20 ...
23:50:39 WARNING atomworks.io: The `extra_fields` argument will be ignored if there is no CIF file input.
23:50:39 WARNING atomworks.ml: Cached data not found for ALA at /net/tukwila/ncorley/datahub/MACE-OFF23_medium/A/ALA/ALA.pt
23:50:39 WARNING atomworks.ml: Cached data not found for ARG at /net/tukwila/ncorley/datahub/MACE-OFF23_medium/A/ARG/ARG.pt
23:50:39 WARNING atomworks.ml: Cached data not found for ASN at /net/tukwila/ncorley/datahub/MACE-OFF23_medium/A/ASN/ASN.pt
23:50:39 WARNING atomworks.ml: Cached data not found for ASP at /net/tukwila/ncorley/datahub/MACE-OFF23_medium/A/ASP/ASP.pt
23:50:39 WARNING atomworks.ml: Cached data not found for CYS at /net/tukwila/ncorley/datahub/MACE-OFF23_medium/C/CYS/CYS.pt
23:50:39 WARNING atomworks.ml: Cached data not found for GLN at /net/tukwila/ncorley/datahub/MACE-OFF23_medium/G/GLN/GLN.pt
23:50:39 WARNING atomworks.ml: Cached data not found for GLU at /net/tukwila/ncorley/datahub/MACE-OFF23_medium/G/GLU/GLU.pt
23:50:39 WARNING atomworks.ml: Cached data not found for GLY at /net/tukwila/ncorley/datahub/MACE-OFF23_medium/G/GLY/GLY.pt
23:50:39 WARNING atomworks.ml: Cached data not found for HIS at /net/tukwila/ncorley/datahub/MACE-OFF23_medium/H/HIS/HIS.pt
23:50:39 WARNING atomworks.ml: Cached data not found for ILE at /net/tukwila/ncorley/datahub/MACE-OFF23_medium/I/ILE/ILE.pt
23:50:39 WARNING atomworks.ml: Cached data not found for LEU at /net/tukwila/ncorley/datahub/MACE-OFF23_medium/L/LEU/LEU.pt
23:50:39 WARNING atomworks.ml: Cached data not found for LYS at /net/tukwila/ncorley/datahub/MACE-OFF23_medium/L/LYS/LYS.pt
23:50:39 WARNING atomworks.ml: Cached data not found for MET at /net/tukwila/ncorley/datahub/MACE-OFF23_medium/M/MET/MET.pt
23:50:39 WARNING atomworks.ml: Cached data not found for PHE at /net/tukwila/ncorley/datahub/MACE-OFF23_medium/P/PHE/PHE.pt
23:50:39 WARNING atomworks.ml: Cached data not found for PRO at /net/tukwila/ncorley/datahub/MACE-OFF23_medium/P/PRO/PRO.pt
23:50:39 WARNING atomworks.ml: Cached data not found for SER at /net/tukwila/ncorley/datahub/MACE-OFF23_medium/S/SER/SER.pt
23:50:39 WARNING atomworks.ml: Cached data not found for THR at /net/tukwila/ncorley/datahub/MACE-OFF23_medium/T/THR/THR.pt
23:50:39 WARNING atomworks.ml: Cached data not found for TRP at /net/tukwila/ncorley/datahub/MACE-OFF23_medium/T/TRP/TRP.pt
23:50:39 WARNING atomworks.ml: Cached data not found for TYR at /net/tukwila/ncorley/datahub/MACE-OFF23_medium/T/TYR/TYR.pt
23:50:39 WARNING atomworks.ml: Cached data not found for VAL at /net/tukwila/ncorley/datahub/MACE-OFF23_medium/V/VAL/VAL.pt
23:51:16 INFO rfd3.engine: [rank: 0] Finished inference batch in 36.22 seconds.
  Batch 11/20 ...
23:51:16 WARNING atomworks.io: The `extra_fields` argument will be ignored if there is no CIF file input.
23:51:16 WARNING atomworks.ml: Cached data not found for ALA at /net/tukwila/ncorley/datahub/MACE-OFF23_medium/A/ALA/ALA.pt
23:51:16 WARNING atomworks.ml: Cached data not found for ARG at /net/tukwila/ncorley/datahub/MACE-OFF23_medium/A/ARG/ARG.pt
23:51:16 WARNING atomworks.ml: Cached data not found for ASN at /net/tukwila/ncorley/datahub/MACE-OFF23_medium/A/ASN/ASN.pt
23:51:16 WARNING atomworks.ml: Cached data not found for ASP at /net/tukwila/ncorley/datahub/MACE-OFF23_medium/A/ASP/ASP.pt
23:51:16 WARNING atomworks.ml: Cached data not found for CYS at /net/tukwila/ncorley/datahub/MACE-OFF23_medium/C/CYS/CYS.pt
23:51:16 WARNING atomworks.ml: Cached data not found for GLN at /net/tukwila/ncorley/datahub/MACE-OFF23_medium/G/GLN/GLN.pt
23:51:16 WARNING atomworks.ml: Cached data not found for GLU at /net/tukwila/ncorley/datahub/MACE-OFF23_medium/G/GLU/GLU.pt
23:51:16 WARNING atomworks.ml: Cached data not found for GLY at /net/tukwila/ncorley/datahub/MACE-OFF23_medium/G/GLY/GLY.pt
23:51:16 WARNING atomworks.ml: Cached data not found for HIS at /net/tukwila/ncorley/datahub/MACE-OFF23_medium/H/HIS/HIS.pt
23:51:16 WARNING atomworks.ml: Cached data not found for ILE at /net/tukwila/ncorley/datahub/MACE-OFF23_medium/I/ILE/ILE.pt
23:51:16 WARNING atomworks.ml: Cached data not found for LEU at /net/tukwila/ncorley/datahub/MACE-OFF23_medium/L/LEU/LEU.pt
23:51:16 WARNING atomworks.ml: Cached data not found for LYS at /net/tukwila/ncorley/datahub/MACE-OFF23_medium/L/LYS/LYS.pt
23:51:16 WARNING atomworks.ml: Cached data not found for MET at /net/tukwila/ncorley/datahub/MACE-OFF23_medium/M/MET/MET.pt
23:51:16 WARNING atomworks.ml: Cached data not found for PHE at /net/tukwila/ncorley/datahub/MACE-OFF23_medium/P/PHE/PHE.pt
23:51:16 WARNING atomworks.ml: Cached data not found for PRO at /net/tukwila/ncorley/datahub/MACE-OFF23_medium/P/PRO/PRO.pt
23:51:16 WARNING atomworks.ml: Cached data not found for SER at /net/tukwila/ncorley/datahub/MACE-OFF23_medium/S/SER/SER.pt
23:51:16 WARNING atomworks.ml: Cached data not found for THR at /net/tukwila/ncorley/datahub/MACE-OFF23_medium/T/THR/THR.pt
23:51:16 WARNING atomworks.ml: Cached data not found for TRP at /net/tukwila/ncorley/datahub/MACE-OFF23_medium/T/TRP/TRP.pt
23:51:16 WARNING atomworks.ml: Cached data not found for TYR at /net/tukwila/ncorley/datahub/MACE-OFF23_medium/T/TYR/TYR.pt
23:51:16 WARNING atomworks.ml: Cached data not found for VAL at /net/tukwila/ncorley/datahub/MACE-OFF23_medium/V/VAL/VAL.pt
23:51:54 INFO rfd3.engine: [rank: 0] Finished inference batch in 37.03 seconds.
  Batch 12/20 ...
23:51:54 WARNING atomworks.io: The `extra_fields` argument will be ignored if there is no CIF file input.
23:51:54 WARNING atomworks.ml: Cached data not found for ALA at /net/tukwila/ncorley/datahub/MACE-OFF23_medium/A/ALA/ALA.pt
23:51:54 WARNING atomworks.ml: Cached data not found for ARG at /net/tukwila/ncorley/datahub/MACE-OFF23_medium/A/ARG/ARG.pt
23:51:54 WARNING atomworks.ml: Cached data not found for ASN at /net/tukwila/ncorley/datahub/MACE-OFF23_medium/A/ASN/ASN.pt
23:51:54 WARNING atomworks.ml: Cached data not found for ASP at /net/tukwila/ncorley/datahub/MACE-OFF23_medium/A/ASP/ASP.pt
23:51:54 WARNING atomworks.ml: Cached data not found for CYS at /net/tukwila/ncorley/datahub/MACE-OFF23_medium/C/CYS/CYS.pt
23:51:54 WARNING atomworks.ml: Cached data not found for GLN at /net/tukwila/ncorley/datahub/MACE-OFF23_medium/G/GLN/GLN.pt
23:51:54 WARNING atomworks.ml: Cached data not found for GLU at /net/tukwila/ncorley/datahub/MACE-OFF23_medium/G/GLU/GLU.pt
23:51:54 WARNING atomworks.ml: Cached data not found for GLY at /net/tukwila/ncorley/datahub/MACE-OFF23_medium/G/GLY/GLY.pt
23:51:54 WARNING atomworks.ml: Cached data not found for HIS at /net/tukwila/ncorley/datahub/MACE-OFF23_medium/H/HIS/HIS.pt
23:51:54 WARNING atomworks.ml: Cached data not found for ILE at /net/tukwila/ncorley/datahub/MACE-OFF23_medium/I/ILE/ILE.pt
23:51:54 WARNING atomworks.ml: Cached data not found for LEU at /net/tukwila/ncorley/datahub/MACE-OFF23_medium/L/LEU/LEU.pt
23:51:54 WARNING atomworks.ml: Cached data not found for LYS at /net/tukwila/ncorley/datahub/MACE-OFF23_medium/L/LYS/LYS.pt
23:51:54 WARNING atomworks.ml: Cached data not found for MET at /net/tukwila/ncorley/datahub/MACE-OFF23_medium/M/MET/MET.pt
23:51:54 WARNING atomworks.ml: Cached data not found for PHE at /net/tukwila/ncorley/datahub/MACE-OFF23_medium/P/PHE/PHE.pt
23:51:54 WARNING atomworks.ml: Cached data not found for PRO at /net/tukwila/ncorley/datahub/MACE-OFF23_medium/P/PRO/PRO.pt
23:51:54 WARNING atomworks.ml: Cached data not found for SER at /net/tukwila/ncorley/datahub/MACE-OFF23_medium/S/SER/SER.pt
23:51:54 WARNING atomworks.ml: Cached data not found for THR at /net/tukwila/ncorley/datahub/MACE-OFF23_medium/T/THR/THR.pt
23:51:54 WARNING atomworks.ml: Cached data not found for TRP at /net/tukwila/ncorley/datahub/MACE-OFF23_medium/T/TRP/TRP.pt
23:51:54 WARNING atomworks.ml: Cached data not found for TYR at /net/tukwila/ncorley/datahub/MACE-OFF23_medium/T/TYR/TYR.pt
23:51:54 WARNING atomworks.ml: Cached data not found for VAL at /net/tukwila/ncorley/datahub/MACE-OFF23_medium/V/VAL/VAL.pt
23:52:33 INFO rfd3.engine: [rank: 0] Finished inference batch in 38.37 seconds.
  Batch 13/20 ...
23:52:33 WARNING atomworks.io: The `extra_fields` argument will be ignored if there is no CIF file input.
23:52:34 WARNING atomworks.ml: Cached data not found for ALA at /net/tukwila/ncorley/datahub/MACE-OFF23_medium/A/ALA/ALA.pt
23:52:34 WARNING atomworks.ml: Cached data not found for ARG at /net/tukwila/ncorley/datahub/MACE-OFF23_medium/A/ARG/ARG.pt
23:52:34 WARNING atomworks.ml: Cached data not found for ASN at /net/tukwila/ncorley/datahub/MACE-OFF23_medium/A/ASN/ASN.pt
23:52:34 WARNING atomworks.ml: Cached data not found for ASP at /net/tukwila/ncorley/datahub/MACE-OFF23_medium/A/ASP/ASP.pt
23:52:34 WARNING atomworks.ml: Cached data not found for CYS at /net/tukwila/ncorley/datahub/MACE-OFF23_medium/C/CYS/CYS.pt
23:52:34 WARNING atomworks.ml: Cached data not found for GLN at /net/tukwila/ncorley/datahub/MACE-OFF23_medium/G/GLN/GLN.pt
23:52:34 WARNING atomworks.ml: Cached data not found for GLU at /net/tukwila/ncorley/datahub/MACE-OFF23_medium/G/GLU/GLU.pt
23:52:34 WARNING atomworks.ml: Cached data not found for GLY at /net/tukwila/ncorley/datahub/MACE-OFF23_medium/G/GLY/GLY.pt
23:52:34 WARNING atomworks.ml: Cached data not found for HIS at /net/tukwila/ncorley/datahub/MACE-OFF23_medium/H/HIS/HIS.pt
23:52:34 WARNING atomworks.ml: Cached data not found for ILE at /net/tukwila/ncorley/datahub/MACE-OFF23_medium/I/ILE/ILE.pt
23:52:34 WARNING atomworks.ml: Cached data not found for LEU at /net/tukwila/ncorley/datahub/MACE-OFF23_medium/L/LEU/LEU.pt
23:52:34 WARNING atomworks.ml: Cached data not found for LYS at /net/tukwila/ncorley/datahub/MACE-OFF23_medium/L/LYS/LYS.pt
23:52:34 WARNING atomworks.ml: Cached data not found for MET at /net/tukwila/ncorley/datahub/MACE-OFF23_medium/M/MET/MET.pt
23:52:34 WARNING atomworks.ml: Cached data not found for PHE at /net/tukwila/ncorley/datahub/MACE-OFF23_medium/P/PHE/PHE.pt
23:52:34 WARNING atomworks.ml: Cached data not found for PRO at /net/tukwila/ncorley/datahub/MACE-OFF23_medium/P/PRO/PRO.pt
23:52:34 WARNING atomworks.ml: Cached data not found for SER at /net/tukwila/ncorley/datahub/MACE-OFF23_medium/S/SER/SER.pt
23:52:34 WARNING atomworks.ml: Cached data not found for THR at /net/tukwila/ncorley/datahub/MACE-OFF23_medium/T/THR/THR.pt
23:52:34 WARNING atomworks.ml: Cached data not found for TRP at /net/tukwila/ncorley/datahub/MACE-OFF23_medium/T/TRP/TRP.pt
23:52:34 WARNING atomworks.ml: Cached data not found for TYR at /net/tukwila/ncorley/datahub/MACE-OFF23_medium/T/TYR/TYR.pt
23:52:34 WARNING atomworks.ml: Cached data not found for VAL at /net/tukwila/ncorley/datahub/MACE-OFF23_medium/V/VAL/VAL.pt
23:53:09 INFO rfd3.engine: [rank: 0] Finished inference batch in 35.28 seconds.
  Batch 14/20 ...
23:53:10 WARNING atomworks.io: The `extra_fields` argument will be ignored if there is no CIF file input.
23:53:10 WARNING atomworks.ml: Cached data not found for ALA at /net/tukwila/ncorley/datahub/MACE-OFF23_medium/A/ALA/ALA.pt
23:53:10 WARNING atomworks.ml: Cached data not found for ARG at /net/tukwila/ncorley/datahub/MACE-OFF23_medium/A/ARG/ARG.pt
23:53:10 WARNING atomworks.ml: Cached data not found for ASN at /net/tukwila/ncorley/datahub/MACE-OFF23_medium/A/ASN/ASN.pt
23:53:10 WARNING atomworks.ml: Cached data not found for ASP at /net/tukwila/ncorley/datahub/MACE-OFF23_medium/A/ASP/ASP.pt
23:53:10 WARNING atomworks.ml: Cached data not found for CYS at /net/tukwila/ncorley/datahub/MACE-OFF23_medium/C/CYS/CYS.pt
23:53:10 WARNING atomworks.ml: Cached data not found for GLN at /net/tukwila/ncorley/datahub/MACE-OFF23_medium/G/GLN/GLN.pt
23:53:10 WARNING atomworks.ml: Cached data not found for GLU at /net/tukwila/ncorley/datahub/MACE-OFF23_medium/G/GLU/GLU.pt
23:53:10 WARNING atomworks.ml: Cached data not found for GLY at /net/tukwila/ncorley/datahub/MACE-OFF23_medium/G/GLY/GLY.pt
23:53:10 WARNING atomworks.ml: Cached data not found for HIS at /net/tukwila/ncorley/datahub/MACE-OFF23_medium/H/HIS/HIS.pt
23:53:10 WARNING atomworks.ml: Cached data not found for ILE at /net/tukwila/ncorley/datahub/MACE-OFF23_medium/I/ILE/ILE.pt
23:53:10 WARNING atomworks.ml: Cached data not found for LEU at /net/tukwila/ncorley/datahub/MACE-OFF23_medium/L/LEU/LEU.pt
23:53:10 WARNING atomworks.ml: Cached data not found for LYS at /net/tukwila/ncorley/datahub/MACE-OFF23_medium/L/LYS/LYS.pt
23:53:10 WARNING atomworks.ml: Cached data not found for MET at /net/tukwila/ncorley/datahub/MACE-OFF23_medium/M/MET/MET.pt
23:53:10 WARNING atomworks.ml: Cached data not found for PHE at /net/tukwila/ncorley/datahub/MACE-OFF23_medium/P/PHE/PHE.pt
23:53:10 WARNING atomworks.ml: Cached data not found for PRO at /net/tukwila/ncorley/datahub/MACE-OFF23_medium/P/PRO/PRO.pt
23:53:10 WARNING atomworks.ml: Cached data not found for SER at /net/tukwila/ncorley/datahub/MACE-OFF23_medium/S/SER/SER.pt
23:53:10 WARNING atomworks.ml: Cached data not found for THR at /net/tukwila/ncorley/datahub/MACE-OFF23_medium/T/THR/THR.pt
23:53:10 WARNING atomworks.ml: Cached data not found for TRP at /net/tukwila/ncorley/datahub/MACE-OFF23_medium/T/TRP/TRP.pt
23:53:10 WARNING atomworks.ml: Cached data not found for TYR at /net/tukwila/ncorley/datahub/MACE-OFF23_medium/T/TYR/TYR.pt
23:53:10 WARNING atomworks.ml: Cached data not found for VAL at /net/tukwila/ncorley/datahub/MACE-OFF23_medium/V/VAL/VAL.pt
23:53:47 INFO rfd3.engine: [rank: 0] Finished inference batch in 37.33 seconds.
  Batch 15/20 ...
23:53:48 WARNING atomworks.io: The `extra_fields` argument will be ignored if there is no CIF file input.
23:53:48 WARNING atomworks.ml: Cached data not found for ALA at /net/tukwila/ncorley/datahub/MACE-OFF23_medium/A/ALA/ALA.pt
23:53:48 WARNING atomworks.ml: Cached data not found for ARG at /net/tukwila/ncorley/datahub/MACE-OFF23_medium/A/ARG/ARG.pt
23:53:48 WARNING atomworks.ml: Cached data not found for ASN at /net/tukwila/ncorley/datahub/MACE-OFF23_medium/A/ASN/ASN.pt
23:53:48 WARNING atomworks.ml: Cached data not found for ASP at /net/tukwila/ncorley/datahub/MACE-OFF23_medium/A/ASP/ASP.pt
23:53:48 WARNING atomworks.ml: Cached data not found for CYS at /net/tukwila/ncorley/datahub/MACE-OFF23_medium/C/CYS/CYS.pt
23:53:48 WARNING atomworks.ml: Cached data not found for GLN at /net/tukwila/ncorley/datahub/MACE-OFF23_medium/G/GLN/GLN.pt
23:53:48 WARNING atomworks.ml: Cached data not found for GLU at /net/tukwila/ncorley/datahub/MACE-OFF23_medium/G/GLU/GLU.pt
23:53:48 WARNING atomworks.ml: Cached data not found for GLY at /net/tukwila/ncorley/datahub/MACE-OFF23_medium/G/GLY/GLY.pt
23:53:48 WARNING atomworks.ml: Cached data not found for HIS at /net/tukwila/ncorley/datahub/MACE-OFF23_medium/H/HIS/HIS.pt
23:53:48 WARNING atomworks.ml: Cached data not found for ILE at /net/tukwila/ncorley/datahub/MACE-OFF23_medium/I/ILE/ILE.pt
23:53:48 WARNING atomworks.ml: Cached data not found for LEU at /net/tukwila/ncorley/datahub/MACE-OFF23_medium/L/LEU/LEU.pt
23:53:48 WARNING atomworks.ml: Cached data not found for LYS at /net/tukwila/ncorley/datahub/MACE-OFF23_medium/L/LYS/LYS.pt
23:53:48 WARNING atomworks.ml: Cached data not found for MET at /net/tukwila/ncorley/datahub/MACE-OFF23_medium/M/MET/MET.pt
23:53:48 WARNING atomworks.ml: Cached data not found for PHE at /net/tukwila/ncorley/datahub/MACE-OFF23_medium/P/PHE/PHE.pt
23:53:48 WARNING atomworks.ml: Cached data not found for PRO at /net/tukwila/ncorley/datahub/MACE-OFF23_medium/P/PRO/PRO.pt
23:53:48 WARNING atomworks.ml: Cached data not found for SER at /net/tukwila/ncorley/datahub/MACE-OFF23_medium/S/SER/SER.pt
23:53:48 WARNING atomworks.ml: Cached data not found for THR at /net/tukwila/ncorley/datahub/MACE-OFF23_medium/T/THR/THR.pt
23:53:48 WARNING atomworks.ml: Cached data not found for TRP at /net/tukwila/ncorley/datahub/MACE-OFF23_medium/T/TRP/TRP.pt
23:53:48 WARNING atomworks.ml: Cached data not found for TYR at /net/tukwila/ncorley/datahub/MACE-OFF23_medium/T/TYR/TYR.pt
23:53:48 WARNING atomworks.ml: Cached data not found for VAL at /net/tukwila/ncorley/datahub/MACE-OFF23_medium/V/VAL/VAL.pt
23:54:23 INFO rfd3.engine: [rank: 0] Finished inference batch in 35.14 seconds.
  Batch 16/20 ...
23:54:24 WARNING atomworks.io: The `extra_fields` argument will be ignored if there is no CIF file input.
23:54:24 WARNING atomworks.ml: Cached data not found for ALA at /net/tukwila/ncorley/datahub/MACE-OFF23_medium/A/ALA/ALA.pt
23:54:24 WARNING atomworks.ml: Cached data not found for ARG at /net/tukwila/ncorley/datahub/MACE-OFF23_medium/A/ARG/ARG.pt
23:54:24 WARNING atomworks.ml: Cached data not found for ASN at /net/tukwila/ncorley/datahub/MACE-OFF23_medium/A/ASN/ASN.pt
23:54:24 WARNING atomworks.ml: Cached data not found for ASP at /net/tukwila/ncorley/datahub/MACE-OFF23_medium/A/ASP/ASP.pt
23:54:24 WARNING atomworks.ml: Cached data not found for CYS at /net/tukwila/ncorley/datahub/MACE-OFF23_medium/C/CYS/CYS.pt
23:54:24 WARNING atomworks.ml: Cached data not found for GLN at /net/tukwila/ncorley/datahub/MACE-OFF23_medium/G/GLN/GLN.pt
23:54:24 WARNING atomworks.ml: Cached data not found for GLU at /net/tukwila/ncorley/datahub/MACE-OFF23_medium/G/GLU/GLU.pt
23:54:24 WARNING atomworks.ml: Cached data not found for GLY at /net/tukwila/ncorley/datahub/MACE-OFF23_medium/G/GLY/GLY.pt
23:54:24 WARNING atomworks.ml: Cached data not found for HIS at /net/tukwila/ncorley/datahub/MACE-OFF23_medium/H/HIS/HIS.pt
23:54:24 WARNING atomworks.ml: Cached data not found for ILE at /net/tukwila/ncorley/datahub/MACE-OFF23_medium/I/ILE/ILE.pt
23:54:24 WARNING atomworks.ml: Cached data not found for LEU at /net/tukwila/ncorley/datahub/MACE-OFF23_medium/L/LEU/LEU.pt
23:54:24 WARNING atomworks.ml: Cached data not found for LYS at /net/tukwila/ncorley/datahub/MACE-OFF23_medium/L/LYS/LYS.pt
23:54:24 WARNING atomworks.ml: Cached data not found for MET at /net/tukwila/ncorley/datahub/MACE-OFF23_medium/M/MET/MET.pt
23:54:24 WARNING atomworks.ml: Cached data not found for PHE at /net/tukwila/ncorley/datahub/MACE-OFF23_medium/P/PHE/PHE.pt
23:54:24 WARNING atomworks.ml: Cached data not found for PRO at /net/tukwila/ncorley/datahub/MACE-OFF23_medium/P/PRO/PRO.pt
23:54:24 WARNING atomworks.ml: Cached data not found for SER at /net/tukwila/ncorley/datahub/MACE-OFF23_medium/S/SER/SER.pt
23:54:24 WARNING atomworks.ml: Cached data not found for THR at /net/tukwila/ncorley/datahub/MACE-OFF23_medium/T/THR/THR.pt
23:54:24 WARNING atomworks.ml: Cached data not found for TRP at /net/tukwila/ncorley/datahub/MACE-OFF23_medium/T/TRP/TRP.pt
23:54:24 WARNING atomworks.ml: Cached data not found for TYR at /net/tukwila/ncorley/datahub/MACE-OFF23_medium/T/TYR/TYR.pt
23:54:24 WARNING atomworks.ml: Cached data not found for VAL at /net/tukwila/ncorley/datahub/MACE-OFF23_medium/V/VAL/VAL.pt
23:55:04 INFO rfd3.engine: [rank: 0] Finished inference batch in 40.39 seconds.
  Batch 17/20 ...
23:55:05 WARNING atomworks.io: The `extra_fields` argument will be ignored if there is no CIF file input.
23:55:05 WARNING atomworks.ml: Cached data not found for ALA at /net/tukwila/ncorley/datahub/MACE-OFF23_medium/A/ALA/ALA.pt
23:55:05 WARNING atomworks.ml: Cached data not found for ARG at /net/tukwila/ncorley/datahub/MACE-OFF23_medium/A/ARG/ARG.pt
23:55:05 WARNING atomworks.ml: Cached data not found for ASN at /net/tukwila/ncorley/datahub/MACE-OFF23_medium/A/ASN/ASN.pt
23:55:05 WARNING atomworks.ml: Cached data not found for ASP at /net/tukwila/ncorley/datahub/MACE-OFF23_medium/A/ASP/ASP.pt
23:55:05 WARNING atomworks.ml: Cached data not found for CYS at /net/tukwila/ncorley/datahub/MACE-OFF23_medium/C/CYS/CYS.pt
23:55:05 WARNING atomworks.ml: Cached data not found for GLN at /net/tukwila/ncorley/datahub/MACE-OFF23_medium/G/GLN/GLN.pt
23:55:05 WARNING atomworks.ml: Cached data not found for GLU at /net/tukwila/ncorley/datahub/MACE-OFF23_medium/G/GLU/GLU.pt
23:55:05 WARNING atomworks.ml: Cached data not found for GLY at /net/tukwila/ncorley/datahub/MACE-OFF23_medium/G/GLY/GLY.pt
23:55:05 WARNING atomworks.ml: Cached data not found for HIS at /net/tukwila/ncorley/datahub/MACE-OFF23_medium/H/HIS/HIS.pt
23:55:05 WARNING atomworks.ml: Cached data not found for ILE at /net/tukwila/ncorley/datahub/MACE-OFF23_medium/I/ILE/ILE.pt
23:55:05 WARNING atomworks.ml: Cached data not found for LEU at /net/tukwila/ncorley/datahub/MACE-OFF23_medium/L/LEU/LEU.pt
23:55:05 WARNING atomworks.ml: Cached data not found for LYS at /net/tukwila/ncorley/datahub/MACE-OFF23_medium/L/LYS/LYS.pt
23:55:05 WARNING atomworks.ml: Cached data not found for MET at /net/tukwila/ncorley/datahub/MACE-OFF23_medium/M/MET/MET.pt
23:55:05 WARNING atomworks.ml: Cached data not found for PHE at /net/tukwila/ncorley/datahub/MACE-OFF23_medium/P/PHE/PHE.pt
23:55:05 WARNING atomworks.ml: Cached data not found for PRO at /net/tukwila/ncorley/datahub/MACE-OFF23_medium/P/PRO/PRO.pt
23:55:05 WARNING atomworks.ml: Cached data not found for SER at /net/tukwila/ncorley/datahub/MACE-OFF23_medium/S/SER/SER.pt
23:55:05 WARNING atomworks.ml: Cached data not found for THR at /net/tukwila/ncorley/datahub/MACE-OFF23_medium/T/THR/THR.pt
23:55:05 WARNING atomworks.ml: Cached data not found for TRP at /net/tukwila/ncorley/datahub/MACE-OFF23_medium/T/TRP/TRP.pt
23:55:05 WARNING atomworks.ml: Cached data not found for TYR at /net/tukwila/ncorley/datahub/MACE-OFF23_medium/T/TYR/TYR.pt
23:55:05 WARNING atomworks.ml: Cached data not found for VAL at /net/tukwila/ncorley/datahub/MACE-OFF23_medium/V/VAL/VAL.pt
23:55:44 INFO rfd3.engine: [rank: 0] Finished inference batch in 38.20 seconds.
  Batch 18/20 ...
23:55:44 WARNING atomworks.io: The `extra_fields` argument will be ignored if there is no CIF file input.
23:55:44 WARNING atomworks.ml: Cached data not found for ALA at /net/tukwila/ncorley/datahub/MACE-OFF23_medium/A/ALA/ALA.pt
23:55:44 WARNING atomworks.ml: Cached data not found for ARG at /net/tukwila/ncorley/datahub/MACE-OFF23_medium/A/ARG/ARG.pt
23:55:44 WARNING atomworks.ml: Cached data not found for ASN at /net/tukwila/ncorley/datahub/MACE-OFF23_medium/A/ASN/ASN.pt
23:55:44 WARNING atomworks.ml: Cached data not found for ASP at /net/tukwila/ncorley/datahub/MACE-OFF23_medium/A/ASP/ASP.pt
23:55:44 WARNING atomworks.ml: Cached data not found for CYS at /net/tukwila/ncorley/datahub/MACE-OFF23_medium/C/CYS/CYS.pt
23:55:44 WARNING atomworks.ml: Cached data not found for GLN at /net/tukwila/ncorley/datahub/MACE-OFF23_medium/G/GLN/GLN.pt
23:55:44 WARNING atomworks.ml: Cached data not found for GLU at /net/tukwila/ncorley/datahub/MACE-OFF23_medium/G/GLU/GLU.pt
23:55:44 WARNING atomworks.ml: Cached data not found for GLY at /net/tukwila/ncorley/datahub/MACE-OFF23_medium/G/GLY/GLY.pt
23:55:44 WARNING atomworks.ml: Cached data not found for HIS at /net/tukwila/ncorley/datahub/MACE-OFF23_medium/H/HIS/HIS.pt
23:55:44 WARNING atomworks.ml: Cached data not found for ILE at /net/tukwila/ncorley/datahub/MACE-OFF23_medium/I/ILE/ILE.pt
23:55:44 WARNING atomworks.ml: Cached data not found for LEU at /net/tukwila/ncorley/datahub/MACE-OFF23_medium/L/LEU/LEU.pt
23:55:44 WARNING atomworks.ml: Cached data not found for LYS at /net/tukwila/ncorley/datahub/MACE-OFF23_medium/L/LYS/LYS.pt
23:55:44 WARNING atomworks.ml: Cached data not found for MET at /net/tukwila/ncorley/datahub/MACE-OFF23_medium/M/MET/MET.pt
23:55:44 WARNING atomworks.ml: Cached data not found for PHE at /net/tukwila/ncorley/datahub/MACE-OFF23_medium/P/PHE/PHE.pt
23:55:44 WARNING atomworks.ml: Cached data not found for PRO at /net/tukwila/ncorley/datahub/MACE-OFF23_medium/P/PRO/PRO.pt
23:55:44 WARNING atomworks.ml: Cached data not found for SER at /net/tukwila/ncorley/datahub/MACE-OFF23_medium/S/SER/SER.pt
23:55:44 WARNING atomworks.ml: Cached data not found for THR at /net/tukwila/ncorley/datahub/MACE-OFF23_medium/T/THR/THR.pt
23:55:44 WARNING atomworks.ml: Cached data not found for TRP at /net/tukwila/ncorley/datahub/MACE-OFF23_medium/T/TRP/TRP.pt
23:55:44 WARNING atomworks.ml: Cached data not found for TYR at /net/tukwila/ncorley/datahub/MACE-OFF23_medium/T/TYR/TYR.pt
23:55:44 WARNING atomworks.ml: Cached data not found for VAL at /net/tukwila/ncorley/datahub/MACE-OFF23_medium/V/VAL/VAL.pt
23:56:21 INFO rfd3.engine: [rank: 0] Finished inference batch in 36.23 seconds.
  Batch 19/20 ...
23:56:21 WARNING atomworks.io: The `extra_fields` argument will be ignored if there is no CIF file input.
23:56:22 WARNING atomworks.ml: Cached data not found for ALA at /net/tukwila/ncorley/datahub/MACE-OFF23_medium/A/ALA/ALA.pt
23:56:22 WARNING atomworks.ml: Cached data not found for ARG at /net/tukwila/ncorley/datahub/MACE-OFF23_medium/A/ARG/ARG.pt
23:56:22 WARNING atomworks.ml: Cached data not found for ASN at /net/tukwila/ncorley/datahub/MACE-OFF23_medium/A/ASN/ASN.pt
23:56:22 WARNING atomworks.ml: Cached data not found for ASP at /net/tukwila/ncorley/datahub/MACE-OFF23_medium/A/ASP/ASP.pt
23:56:22 WARNING atomworks.ml: Cached data not found for CYS at /net/tukwila/ncorley/datahub/MACE-OFF23_medium/C/CYS/CYS.pt
23:56:22 WARNING atomworks.ml: Cached data not found for GLN at /net/tukwila/ncorley/datahub/MACE-OFF23_medium/G/GLN/GLN.pt
23:56:22 WARNING atomworks.ml: Cached data not found for GLU at /net/tukwila/ncorley/datahub/MACE-OFF23_medium/G/GLU/GLU.pt
23:56:22 WARNING atomworks.ml: Cached data not found for GLY at /net/tukwila/ncorley/datahub/MACE-OFF23_medium/G/GLY/GLY.pt
23:56:22 WARNING atomworks.ml: Cached data not found for HIS at /net/tukwila/ncorley/datahub/MACE-OFF23_medium/H/HIS/HIS.pt
23:56:22 WARNING atomworks.ml: Cached data not found for ILE at /net/tukwila/ncorley/datahub/MACE-OFF23_medium/I/ILE/ILE.pt
23:56:22 WARNING atomworks.ml: Cached data not found for LEU at /net/tukwila/ncorley/datahub/MACE-OFF23_medium/L/LEU/LEU.pt
23:56:22 WARNING atomworks.ml: Cached data not found for LYS at /net/tukwila/ncorley/datahub/MACE-OFF23_medium/L/LYS/LYS.pt
23:56:22 WARNING atomworks.ml: Cached data not found for MET at /net/tukwila/ncorley/datahub/MACE-OFF23_medium/M/MET/MET.pt
23:56:22 WARNING atomworks.ml: Cached data not found for PHE at /net/tukwila/ncorley/datahub/MACE-OFF23_medium/P/PHE/PHE.pt
23:56:22 WARNING atomworks.ml: Cached data not found for PRO at /net/tukwila/ncorley/datahub/MACE-OFF23_medium/P/PRO/PRO.pt
23:56:22 WARNING atomworks.ml: Cached data not found for SER at /net/tukwila/ncorley/datahub/MACE-OFF23_medium/S/SER/SER.pt
23:56:22 WARNING atomworks.ml: Cached data not found for THR at /net/tukwila/ncorley/datahub/MACE-OFF23_medium/T/THR/THR.pt
23:56:22 WARNING atomworks.ml: Cached data not found for TRP at /net/tukwila/ncorley/datahub/MACE-OFF23_medium/T/TRP/TRP.pt
23:56:22 WARNING atomworks.ml: Cached data not found for TYR at /net/tukwila/ncorley/datahub/MACE-OFF23_medium/T/TYR/TYR.pt
23:56:22 WARNING atomworks.ml: Cached data not found for VAL at /net/tukwila/ncorley/datahub/MACE-OFF23_medium/V/VAL/VAL.pt
23:57:00 INFO rfd3.engine: [rank: 0] Finished inference batch in 38.46 seconds.
  Batch 20/20 ...
23:57:01 WARNING atomworks.io: The `extra_fields` argument will be ignored if there is no CIF file input.
23:57:01 WARNING atomworks.ml: Cached data not found for ALA at /net/tukwila/ncorley/datahub/MACE-OFF23_medium/A/ALA/ALA.pt
23:57:01 WARNING atomworks.ml: Cached data not found for ARG at /net/tukwila/ncorley/datahub/MACE-OFF23_medium/A/ARG/ARG.pt
23:57:01 WARNING atomworks.ml: Cached data not found for ASN at /net/tukwila/ncorley/datahub/MACE-OFF23_medium/A/ASN/ASN.pt
23:57:01 WARNING atomworks.ml: Cached data not found for ASP at /net/tukwila/ncorley/datahub/MACE-OFF23_medium/A/ASP/ASP.pt
23:57:01 WARNING atomworks.ml: Cached data not found for CYS at /net/tukwila/ncorley/datahub/MACE-OFF23_medium/C/CYS/CYS.pt
23:57:01 WARNING atomworks.ml: Cached data not found for GLN at /net/tukwila/ncorley/datahub/MACE-OFF23_medium/G/GLN/GLN.pt
23:57:01 WARNING atomworks.ml: Cached data not found for GLU at /net/tukwila/ncorley/datahub/MACE-OFF23_medium/G/GLU/GLU.pt
23:57:01 WARNING atomworks.ml: Cached data not found for GLY at /net/tukwila/ncorley/datahub/MACE-OFF23_medium/G/GLY/GLY.pt
23:57:01 WARNING atomworks.ml: Cached data not found for HIS at /net/tukwila/ncorley/datahub/MACE-OFF23_medium/H/HIS/HIS.pt
23:57:01 WARNING atomworks.ml: Cached data not found for ILE at /net/tukwila/ncorley/datahub/MACE-OFF23_medium/I/ILE/ILE.pt
23:57:01 WARNING atomworks.ml: Cached data not found for LEU at /net/tukwila/ncorley/datahub/MACE-OFF23_medium/L/LEU/LEU.pt
23:57:01 WARNING atomworks.ml: Cached data not found for LYS at /net/tukwila/ncorley/datahub/MACE-OFF23_medium/L/LYS/LYS.pt
23:57:01 WARNING atomworks.ml: Cached data not found for MET at /net/tukwila/ncorley/datahub/MACE-OFF23_medium/M/MET/MET.pt
23:57:01 WARNING atomworks.ml: Cached data not found for PHE at /net/tukwila/ncorley/datahub/MACE-OFF23_medium/P/PHE/PHE.pt
23:57:01 WARNING atomworks.ml: Cached data not found for PRO at /net/tukwila/ncorley/datahub/MACE-OFF23_medium/P/PRO/PRO.pt
23:57:01 WARNING atomworks.ml: Cached data not found for SER at /net/tukwila/ncorley/datahub/MACE-OFF23_medium/S/SER/SER.pt
23:57:01 WARNING atomworks.ml: Cached data not found for THR at /net/tukwila/ncorley/datahub/MACE-OFF23_medium/T/THR/THR.pt
23:57:01 WARNING atomworks.ml: Cached data not found for TRP at /net/tukwila/ncorley/datahub/MACE-OFF23_medium/T/TRP/TRP.pt
23:57:01 WARNING atomworks.ml: Cached data not found for TYR at /net/tukwila/ncorley/datahub/MACE-OFF23_medium/T/TYR/TYR.pt
23:57:01 WARNING atomworks.ml: Cached data not found for VAL at /net/tukwila/ncorley/datahub/MACE-OFF23_medium/V/VAL/VAL.pt
23:57:38 INFO rfd3.engine: [rank: 0] Finished inference batch in 37.22 seconds.
RFd3 round 1 done: 200 designs
RFd3 round 1: 200 designs

=== Round 1 validation: ProteinMPNN ===
Environment variable CCD_MIRROR_PATH not set. Will not be able to use function requiring this variable. To set it you may:
  (1) add the line 'export VAR_NAME=path/to/variable' to your .bashrc or .zshrc file
  (2) set it in your current shell with 'export VAR_NAME=path/to/variable'
  (3) write it to a .env file in the root of the atomworks.io repository
Environment variable PDB_MIRROR_PATH not set. Will not be able to use function requiring this variable. To set it you may:
  (1) add the line 'export VAR_NAME=path/to/variable' to your .bashrc or .zshrc file
  (2) set it in your current shell with 'export VAR_NAME=path/to/variable'
  (3) write it to a .env file in the root of the atomworks.io repository
MPNN (rfd3 → mpnn_round1): 200 × 8
  20/200 done...
  40/200 done...
  60/200 done...
  80/200 done...
  100/200 done...
  120/200 done...
  140/200 done...
  160/200 done...
  180/200 done...
  200/200 done...
/workspace/run_mpnn.py:44: ResourceWarning: unclosed file <_io.TextIOWrapper name='/workspace/outputs/mpnn_round1/all_sequences.json' mode='w' encoding='utf-8'>
  json.dump(results, open(OUT/"all_sequences.json","w"), indent=2)
MPNN done: 1600 sequences → /workspace/outputs/mpnn_round1

=== Round 1 validation: Boltz-2 ===
Building 50 Boltz-2 inputs in boltz_inputs_round1...
Wrote 50 YAML files
Running Boltz-2 on 50 sequences → boltz_outputs_round1 ...
Predicting: |          | 0/? [00:00<?, ?it/s]Predicting:   0%|          | 0/50 [00:00<?, ?it/s]Predicting DataLoader 0:   0%|          | 0/50 [00:00<?, ?it/s]/home/ubuntu/.local/lib/python3.10/site-packages/cuequivariance_ops_torch/triangle_attention.py:199: UserWarning: Non-SM100f kernel expects bias to be float32 so it's going to be cast to torch.float32. Check if you can change your code for maximum performance.
Predicting DataLoader 0:   2%|▏         | 1/50 [00:17<14:21,  0.06it/s]Predicting DataLoader 0:   4%|▍         | 2/50 [00:27<10:49,  0.07it/s]/home/ubuntu/.local/lib/python3.10/site-packages/cuequivariance_ops_torch/triangle_attention.py:199: UserWarning: Non-SM100f kernel expects bias to be float32 so it's going to be cast to torch.float32. Check if you can change your code for maximum performance.
Predicting DataLoader 0:   6%|▌         | 3/50 [00:37<09:42,  0.08it/s]/home/ubuntu/.local/lib/python3.10/site-packages/cuequivariance_ops_torch/triangle_attention.py:199: UserWarning: Non-SM100f kernel expects bias to be float32 so it's going to be cast to torch.float32. Check if you can change your code for maximum performance.
Predicting DataLoader 0:   8%|▊         | 4/50 [00:49<09:23,  0.08it/s]Predicting DataLoader 0:  10%|█         | 5/50 [00:58<08:45,  0.09it/s]/home/ubuntu/.local/lib/python3.10/site-packages/cuequivariance_ops_torch/triangle_attention.py:199: UserWarning: Non-SM100f kernel expects bias to be float32 so it's going to be cast to torch.float32. Check if you can change your code for maximum performance.
Predicting DataLoader 0:  12%|█▏        | 6/50 [01:09<08:27,  0.09it/s]/home/ubuntu/.local/lib/python3.10/site-packages/cuequivariance_ops_torch/triangle_attention.py:199: UserWarning: Non-SM100f kernel expects bias to be float32 so it's going to be cast to torch.float32. Check if you can change your code for maximum performance.
Predicting DataLoader 0:  14%|█▍        | 7/50 [01:19<08:06,  0.09it/s]Predicting DataLoader 0:  16%|█▌        | 8/50 [01:28<07:44,  0.09it/s]Predicting DataLoader 0:  18%|█▊        | 9/50 [01:38<07:27,  0.09it/s]Predicting DataLoader 0:  20%|██        | 10/50 [01:47<07:10,  0.09it/s]Predicting DataLoader 0:  22%|██▏       | 11/50 [01:57<06:55,  0.09it/s]Predicting DataLoader 0:  24%|██▍       | 12/50 [02:06<06:40,  0.09it/s]Predicting DataLoader 0:  26%|██▌       | 13/50 [02:15<06:26,  0.10it/s]Predicting DataLoader 0:  28%|██▊       | 14/50 [02:25<06:13,  0.10it/s]Predicting DataLoader 0:  30%|███       | 15/50 [02:34<06:00,  0.10it/s]Predicting DataLoader 0:  32%|███▏      | 16/50 [02:43<05:48,  0.10it/s]/home/ubuntu/.local/lib/python3.10/site-packages/cuequivariance_ops_torch/triangle_attention.py:199: UserWarning: Non-SM100f kernel expects bias to be float32 so it's going to be cast to torch.float32. Check if you can change your code for maximum performance.
Predicting DataLoader 0:  34%|███▍      | 17/50 [02:53<05:36,  0.10it/s]Predicting DataLoader 0:  36%|███▌      | 18/50 [03:02<05:25,  0.10it/s]Predicting DataLoader 0:  38%|███▊      | 19/50 [03:12<05:13,  0.10it/s]Predicting DataLoader 0:  40%|████      | 20/50 [03:21<05:02,  0.10it/s]Predicting DataLoader 0:  42%|████▏     | 21/50 [03:31<04:51,  0.10it/s]Predicting DataLoader 0:  44%|████▍     | 22/50 [03:40<04:40,  0.10it/s]Predicting DataLoader 0:  46%|████▌     | 23/50 [03:50<04:30,  0.10it/s]Predicting DataLoader 0:  48%|████▊     | 24/50 [03:59<04:19,  0.10it/s]Predicting DataLoader 0:  50%|█████     | 25/50 [04:09<04:09,  0.10it/s]Predicting DataLoader 0:  52%|█████▏    | 26/50 [04:18<03:59,  0.10it/s]Predicting DataLoader 0:  54%|█████▍    | 27/50 [04:28<03:48,  0.10it/s]Predicting DataLoader 0:  56%|█████▌    | 28/50 [04:38<03:38,  0.10it/s]Predicting DataLoader 0:  58%|█████▊    | 29/50 [04:47<03:28,  0.10it/s]Predicting DataLoader 0:  60%|██████    | 30/50 [04:57<03:18,  0.10it/s]Predicting DataLoader 0:  62%|██████▏   | 31/50 [05:06<03:07,  0.10it/s]Predicting DataLoader 0:  64%|██████▍   | 32/50 [05:15<02:57,  0.10it/s]Predicting DataLoader 0:  66%|██████▌   | 33/50 [05:25<02:47,  0.10it/s]Predicting DataLoader 0:  68%|██████▊   | 34/50 [05:34<02:37,  0.10it/s]Predicting DataLoader 0:  70%|███████   | 35/50 [05:44<02:27,  0.10it/s]Predicting DataLoader 0:  72%|███████▏  | 36/50 [05:53<02:17,  0.10it/s]Predicting DataLoader 0:  74%|███████▍  | 37/50 [06:03<02:07,  0.10it/s]Predicting DataLoader 0:  76%|███████▌  | 38/50 [06:12<01:57,  0.10it/s]Predicting DataLoader 0:  78%|███████▊  | 39/50 [06:22<01:47,  0.10it/s]Predicting DataLoader 0:  80%|████████  | 40/50 [06:31<01:37,  0.10it/s]Predicting DataLoader 0:  82%|████████▏ | 41/50 [06:40<01:27,  0.10it/s]Predicting DataLoader 0:  84%|████████▍ | 42/50 [06:50<01:18,  0.10it/s]Predicting DataLoader 0:  86%|████████▌ | 43/50 [06:59<01:08,  0.10it/s]Predicting DataLoader 0:  88%|████████▊ | 44/50 [07:09<00:58,  0.10it/s]Predicting DataLoader 0:  90%|█████████ | 45/50 [07:18<00:48,  0.10it/s]Predicting DataLoader 0:  92%|█████████▏| 46/50 [07:28<00:38,  0.10it/s]Predicting DataLoader 0:  94%|█████████▍| 47/50 [07:37<00:29,  0.10it/s]Predicting DataLoader 0:  96%|█████████▌| 48/50 [07:46<00:19,  0.10it/s]Predicting DataLoader 0:  98%|█████████▊| 49/50 [07:56<00:09,  0.10it/s]Predicting DataLoader 0: 100%|██████████| 50/50 [08:05<00:00,  0.10it/s]Number of failed examples: 0
Predicting DataLoader 0: 100%|██████████| 50/50 [08:05<00:00,  0.10it/s]

=== Round 1 validation: global assembly RMSD scoring ===
Environment variable CCD_MIRROR_PATH not set. Will not be able to use function requiring this variable. To set it you may:
  (1) add the line 'export VAR_NAME=path/to/variable' to your .bashrc or .zshrc file
  (2) set it in your current shell with 'export VAR_NAME=path/to/variable'
  (3) write it to a .env file in the root of the atomworks.io repository
Environment variable PDB_MIRROR_PATH not set. Will not be able to use function requiring this variable. To set it you may:
  (1) add the line 'export VAR_NAME=path/to/variable' to your .bashrc or .zshrc file
  (2) set it in your current shell with 'export VAR_NAME=path/to/variable'
  (3) write it to a .env file in the root of the atomworks.io repository
Scoring 200 designs (Boltz-2 mode: single_chain)
RFd3 structures: /workspace/outputs/rfd3
pLDDT threshold: >60%  |  global RMSD threshold: <20.0Å
Found 50 Boltz-2 prediction directories

============================================================================
  R                      Backbone  globalRMSD  pLDDT%         pTM  Pass
  --------------------------------------------------------------------------
  1.                   mb_b019_009       9.764    79.6      0.4733  ✓
  2.                   mb_b003_007      12.345    76.9      0.4780  ✓
  3.                   mb_b013_006      12.485    79.6      0.5328  ✓
  4.                   mb_b000_004      13.564    78.5      0.4788  ✓
  5.                   mb_b012_004      13.623    79.5      0.4952  ✓
  6.                   mb_b017_004      13.831    78.7      0.4566  ✓
  7.                   mb_b014_002      14.218    78.2      0.5143  ✓
  8.                   mb_b008_008      14.294    76.9      0.4443  ✓
  9.                   mb_b005_006      14.367    80.9      0.4475  ✓
 10.                   mb_b015_009      14.976    76.9      0.4554  ✓
 11.                   mb_b012_007      15.243    77.5      0.4758  ✓
 12.                   mb_b003_005      15.320    77.3      0.4675  ✓
 13.                   mb_b004_002      15.852    79.5      0.4586  ✓
 14.                   mb_b016_005      16.159    77.3      0.4528  ✓
 15.                   mb_b010_005      16.640    79.4      0.6249  ✓
 16.                   mb_b014_005      16.690    80.7      0.4609  ✓
 17.                   mb_b010_002      16.702    76.9      0.4458  ✓
 18.                   mb_b006_005      16.714    72.3      0.4423  ✓
 19.                   mb_b005_007      16.789    80.0      0.5943  ✓
 20.                   mb_b016_002      16.994    76.8      0.4470  ✓

Passed (global RMSD<20.0Å & pLDDT>60%): 43/200
Results written to /workspace/final/round1_final_results.json

Best: mb_b019_009  global RMSD=9.76Å  pLDDT=80%
  Sequence: GGGSYPLTVEQARTLEGVITPGVVRGYDTTPDTSPASS

=== Step 2: RFdiffusion3 round 2 (top global RMSD round-1 RFd3 CIFs) ===
Environment variable CCD_MIRROR_PATH not set. Will not be able to use function requiring this variable. To set it you may:
  (1) add the line 'export VAR_NAME=path/to/variable' to your .bashrc or .zshrc file
  (2) set it in your current shell with 'export VAR_NAME=path/to/variable'
  (3) write it to a .env file in the root of the atomworks.io repository
Environment variable PDB_MIRROR_PATH not set. Will not be able to use function requiring this variable. To set it you may:
  (1) add the line 'export VAR_NAME=path/to/variable' to your .bashrc or .zshrc file
  (2) set it in your current shell with 'export VAR_NAME=path/to/variable'
  (3) write it to a .env file in the root of the atomworks.io repository
00:15:29 DEBUG transforms: Debug mode is on
/workspace/rfd3_round2.py:83: ResourceWarning: unclosed file <_io.TextIOWrapper name='/workspace/final/round1_final_results.json' mode='r' encoding='utf-8'>
  results = json.load(open(results_path))
  template 1: mb_b019_009 (global RMSD=9.76 Å)
  template 2: mb_b003_007 (global RMSD=12.35 Å)
  template 3: mb_b013_006 (global RMSD=12.48 Å)
  template 4: mb_b000_004 (global RMSD=13.56 Å)
  template 5: mb_b012_004 (global RMSD=13.62 Å)
Selected 5 templates from round-1 global RMSD ranking
Round 2 partial diffusion: 5 templates × 8 designs
  partial_t=2.0 Å | VL context=True

  Template: mb_b019_009
00:15:32 WARNING atomworks.io: Failed to build `_build_entity_poly`: 'AtomArray' object has no attribute 'chain_iid'
00:15:33 WARNING atomworks.io: We can't fix formal charges without building from templates, as we need to know the true number of hydrogens bonded to a given atom, not the inferred number. This may lead to occasional inaccuracies after adding inter-residue bonds. To avoid this and fix formal charges, set `add_missing_atoms = True`.
00:15:33 WARNING atomworks.io: Field b_factor not found in file, ignoring.
00:15:33 WARNING atomworks.io: Field occupancy not found in file, ignoring.
00:15:33 WARNING atomworks.io: Field charge not found in file, ignoring.
00:15:33 WARNING atomworks.io: Field is_motif_atom_unindexed not found in file, ignoring.
00:15:33 WARNING atomworks.io: Field is_motif_atom_with_fixed_seq not found in file, ignoring.
00:15:33 WARNING atomworks.io: Field is_motif_atom_unindexed_motif_breakpoint not found in file, ignoring.
00:15:33 WARNING atomworks.io: Field is_motif_atom_with_fixed_coord not found in file, ignoring.
Using bfloat16 Automatic Mixed Precision (AMP)
00:15:41 WARNING atomworks.io: The `extra_fields` argument will be ignored if there is no CIF file input.
00:15:41 WARNING atomworks.ml: Cached data not found for ALA at /net/tukwila/ncorley/datahub/MACE-OFF23_medium/A/ALA/ALA.pt
00:15:41 WARNING atomworks.ml: Cached data not found for ARG at /net/tukwila/ncorley/datahub/MACE-OFF23_medium/A/ARG/ARG.pt
00:15:41 WARNING atomworks.ml: Cached data not found for ASN at /net/tukwila/ncorley/datahub/MACE-OFF23_medium/A/ASN/ASN.pt
00:15:41 WARNING atomworks.ml: Cached data not found for ASP at /net/tukwila/ncorley/datahub/MACE-OFF23_medium/A/ASP/ASP.pt
00:15:41 WARNING atomworks.ml: Cached data not found for CYS at /net/tukwila/ncorley/datahub/MACE-OFF23_medium/C/CYS/CYS.pt
00:15:41 WARNING atomworks.ml: Cached data not found for GLN at /net/tukwila/ncorley/datahub/MACE-OFF23_medium/G/GLN/GLN.pt
00:15:41 WARNING atomworks.ml: Cached data not found for GLU at /net/tukwila/ncorley/datahub/MACE-OFF23_medium/G/GLU/GLU.pt
00:15:41 WARNING atomworks.ml: Cached data not found for GLY at /net/tukwila/ncorley/datahub/MACE-OFF23_medium/G/GLY/GLY.pt
00:15:41 WARNING atomworks.ml: Cached data not found for HIS at /net/tukwila/ncorley/datahub/MACE-OFF23_medium/H/HIS/HIS.pt
00:15:41 WARNING atomworks.ml: Cached data not found for ILE at /net/tukwila/ncorley/datahub/MACE-OFF23_medium/I/ILE/ILE.pt
00:15:41 WARNING atomworks.ml: Cached data not found for LEU at /net/tukwila/ncorley/datahub/MACE-OFF23_medium/L/LEU/LEU.pt
00:15:41 WARNING atomworks.ml: Cached data not found for LYS at /net/tukwila/ncorley/datahub/MACE-OFF23_medium/L/LYS/LYS.pt
00:15:41 WARNING atomworks.ml: Cached data not found for MET at /net/tukwila/ncorley/datahub/MACE-OFF23_medium/M/MET/MET.pt
00:15:41 WARNING atomworks.ml: Cached data not found for PHE at /net/tukwila/ncorley/datahub/MACE-OFF23_medium/P/PHE/PHE.pt
00:15:41 WARNING atomworks.ml: Cached data not found for PRO at /net/tukwila/ncorley/datahub/MACE-OFF23_medium/P/PRO/PRO.pt
00:15:41 WARNING atomworks.ml: Cached data not found for SER at /net/tukwila/ncorley/datahub/MACE-OFF23_medium/S/SER/SER.pt
00:15:41 WARNING atomworks.ml: Cached data not found for THR at /net/tukwila/ncorley/datahub/MACE-OFF23_medium/T/THR/THR.pt
00:15:41 WARNING atomworks.ml: Cached data not found for TRP at /net/tukwila/ncorley/datahub/MACE-OFF23_medium/T/TRP/TRP.pt
00:15:41 WARNING atomworks.ml: Cached data not found for TYR at /net/tukwila/ncorley/datahub/MACE-OFF23_medium/T/TYR/TYR.pt
00:15:41 WARNING atomworks.ml: Cached data not found for VAL at /net/tukwila/ncorley/datahub/MACE-OFF23_medium/V/VAL/VAL.pt
00:15:56 INFO rfd3.engine: [rank: 0] Finished inference batch in 14.80 seconds.
    MB region A116-153 | fixed VH1 + Nb + VL
    Saved 8 refined designs

  Template: mb_b003_007
00:15:57 WARNING atomworks.io: Failed to build `_build_entity_poly`: 'AtomArray' object has no attribute 'chain_iid'
00:15:57 WARNING atomworks.io: We can't fix formal charges without building from templates, as we need to know the true number of hydrogens bonded to a given atom, not the inferred number. This may lead to occasional inaccuracies after adding inter-residue bonds. To avoid this and fix formal charges, set `add_missing_atoms = True`.
00:15:57 WARNING atomworks.io: Field b_factor not found in file, ignoring.
00:15:57 WARNING atomworks.io: Field occupancy not found in file, ignoring.
00:15:57 WARNING atomworks.io: Field charge not found in file, ignoring.
00:15:57 WARNING atomworks.io: Field is_motif_atom_unindexed not found in file, ignoring.
00:15:57 WARNING atomworks.io: Field is_motif_atom_with_fixed_seq not found in file, ignoring.
00:15:57 WARNING atomworks.io: Field is_motif_atom_unindexed_motif_breakpoint not found in file, ignoring.
00:15:57 WARNING atomworks.io: Field is_motif_atom_with_fixed_coord not found in file, ignoring.
00:15:57 WARNING atomworks.io: The `extra_fields` argument will be ignored if there is no CIF file input.
00:15:57 WARNING atomworks.ml: Cached data not found for ALA at /net/tukwila/ncorley/datahub/MACE-OFF23_medium/A/ALA/ALA.pt
00:15:57 WARNING atomworks.ml: Cached data not found for ARG at /net/tukwila/ncorley/datahub/MACE-OFF23_medium/A/ARG/ARG.pt
00:15:57 WARNING atomworks.ml: Cached data not found for ASN at /net/tukwila/ncorley/datahub/MACE-OFF23_medium/A/ASN/ASN.pt
00:15:57 WARNING atomworks.ml: Cached data not found for ASP at /net/tukwila/ncorley/datahub/MACE-OFF23_medium/A/ASP/ASP.pt
00:15:57 WARNING atomworks.ml: Cached data not found for CYS at /net/tukwila/ncorley/datahub/MACE-OFF23_medium/C/CYS/CYS.pt
00:15:57 WARNING atomworks.ml: Cached data not found for GLN at /net/tukwila/ncorley/datahub/MACE-OFF23_medium/G/GLN/GLN.pt
00:15:57 WARNING atomworks.ml: Cached data not found for GLU at /net/tukwila/ncorley/datahub/MACE-OFF23_medium/G/GLU/GLU.pt
00:15:57 WARNING atomworks.ml: Cached data not found for GLY at /net/tukwila/ncorley/datahub/MACE-OFF23_medium/G/GLY/GLY.pt
00:15:57 WARNING atomworks.ml: Cached data not found for HIS at /net/tukwila/ncorley/datahub/MACE-OFF23_medium/H/HIS/HIS.pt
00:15:57 WARNING atomworks.ml: Cached data not found for ILE at /net/tukwila/ncorley/datahub/MACE-OFF23_medium/I/ILE/ILE.pt
00:15:57 WARNING atomworks.ml: Cached data not found for LEU at /net/tukwila/ncorley/datahub/MACE-OFF23_medium/L/LEU/LEU.pt
00:15:57 WARNING atomworks.ml: Cached data not found for LYS at /net/tukwila/ncorley/datahub/MACE-OFF23_medium/L/LYS/LYS.pt
00:15:57 WARNING atomworks.ml: Cached data not found for MET at /net/tukwila/ncorley/datahub/MACE-OFF23_medium/M/MET/MET.pt
00:15:57 WARNING atomworks.ml: Cached data not found for PHE at /net/tukwila/ncorley/datahub/MACE-OFF23_medium/P/PHE/PHE.pt
00:15:57 WARNING atomworks.ml: Cached data not found for PRO at /net/tukwila/ncorley/datahub/MACE-OFF23_medium/P/PRO/PRO.pt
00:15:57 WARNING atomworks.ml: Cached data not found for SER at /net/tukwila/ncorley/datahub/MACE-OFF23_medium/S/SER/SER.pt
00:15:57 WARNING atomworks.ml: Cached data not found for THR at /net/tukwila/ncorley/datahub/MACE-OFF23_medium/T/THR/THR.pt
00:15:57 WARNING atomworks.ml: Cached data not found for TRP at /net/tukwila/ncorley/datahub/MACE-OFF23_medium/T/TRP/TRP.pt
00:15:57 WARNING atomworks.ml: Cached data not found for TYR at /net/tukwila/ncorley/datahub/MACE-OFF23_medium/T/TYR/TYR.pt
00:15:57 WARNING atomworks.ml: Cached data not found for VAL at /net/tukwila/ncorley/datahub/MACE-OFF23_medium/V/VAL/VAL.pt
00:16:13 INFO rfd3.engine: [rank: 0] Finished inference batch in 15.68 seconds.
    MB region A116-176 | fixed VH1 + Nb + VL
    Saved 8 refined designs

  Template: mb_b013_006
00:16:14 WARNING atomworks.io: Failed to build `_build_entity_poly`: 'AtomArray' object has no attribute 'chain_iid'
00:16:14 WARNING atomworks.io: We can't fix formal charges without building from templates, as we need to know the true number of hydrogens bonded to a given atom, not the inferred number. This may lead to occasional inaccuracies after adding inter-residue bonds. To avoid this and fix formal charges, set `add_missing_atoms = True`.
00:16:14 WARNING atomworks.io: Field b_factor not found in file, ignoring.
00:16:14 WARNING atomworks.io: Field occupancy not found in file, ignoring.
00:16:14 WARNING atomworks.io: Field charge not found in file, ignoring.
00:16:14 WARNING atomworks.io: Field is_motif_atom_unindexed not found in file, ignoring.
00:16:14 WARNING atomworks.io: Field is_motif_atom_with_fixed_seq not found in file, ignoring.
00:16:14 WARNING atomworks.io: Field is_motif_atom_unindexed_motif_breakpoint not found in file, ignoring.
00:16:14 WARNING atomworks.io: Field is_motif_atom_with_fixed_coord not found in file, ignoring.
00:16:14 WARNING atomworks.io: The `extra_fields` argument will be ignored if there is no CIF file input.
00:16:15 WARNING atomworks.ml: Cached data not found for ALA at /net/tukwila/ncorley/datahub/MACE-OFF23_medium/A/ALA/ALA.pt
00:16:15 WARNING atomworks.ml: Cached data not found for ARG at /net/tukwila/ncorley/datahub/MACE-OFF23_medium/A/ARG/ARG.pt
00:16:15 WARNING atomworks.ml: Cached data not found for ASN at /net/tukwila/ncorley/datahub/MACE-OFF23_medium/A/ASN/ASN.pt
00:16:15 WARNING atomworks.ml: Cached data not found for ASP at /net/tukwila/ncorley/datahub/MACE-OFF23_medium/A/ASP/ASP.pt
00:16:15 WARNING atomworks.ml: Cached data not found for CYS at /net/tukwila/ncorley/datahub/MACE-OFF23_medium/C/CYS/CYS.pt
00:16:15 WARNING atomworks.ml: Cached data not found for GLN at /net/tukwila/ncorley/datahub/MACE-OFF23_medium/G/GLN/GLN.pt
00:16:15 WARNING atomworks.ml: Cached data not found for GLU at /net/tukwila/ncorley/datahub/MACE-OFF23_medium/G/GLU/GLU.pt
00:16:15 WARNING atomworks.ml: Cached data not found for GLY at /net/tukwila/ncorley/datahub/MACE-OFF23_medium/G/GLY/GLY.pt
00:16:15 WARNING atomworks.ml: Cached data not found for HIS at /net/tukwila/ncorley/datahub/MACE-OFF23_medium/H/HIS/HIS.pt
00:16:15 WARNING atomworks.ml: Cached data not found for ILE at /net/tukwila/ncorley/datahub/MACE-OFF23_medium/I/ILE/ILE.pt
00:16:15 WARNING atomworks.ml: Cached data not found for LEU at /net/tukwila/ncorley/datahub/MACE-OFF23_medium/L/LEU/LEU.pt
00:16:15 WARNING atomworks.ml: Cached data not found for LYS at /net/tukwila/ncorley/datahub/MACE-OFF23_medium/L/LYS/LYS.pt
00:16:15 WARNING atomworks.ml: Cached data not found for MET at /net/tukwila/ncorley/datahub/MACE-OFF23_medium/M/MET/MET.pt
00:16:15 WARNING atomworks.ml: Cached data not found for PHE at /net/tukwila/ncorley/datahub/MACE-OFF23_medium/P/PHE/PHE.pt
00:16:15 WARNING atomworks.ml: Cached data not found for PRO at /net/tukwila/ncorley/datahub/MACE-OFF23_medium/P/PRO/PRO.pt
00:16:15 WARNING atomworks.ml: Cached data not found for SER at /net/tukwila/ncorley/datahub/MACE-OFF23_medium/S/SER/SER.pt
00:16:15 WARNING atomworks.ml: Cached data not found for THR at /net/tukwila/ncorley/datahub/MACE-OFF23_medium/T/THR/THR.pt
00:16:15 WARNING atomworks.ml: Cached data not found for TRP at /net/tukwila/ncorley/datahub/MACE-OFF23_medium/T/TRP/TRP.pt
00:16:15 WARNING atomworks.ml: Cached data not found for TYR at /net/tukwila/ncorley/datahub/MACE-OFF23_medium/T/TYR/TYR.pt
00:16:15 WARNING atomworks.ml: Cached data not found for VAL at /net/tukwila/ncorley/datahub/MACE-OFF23_medium/V/VAL/VAL.pt
00:16:30 INFO rfd3.engine: [rank: 0] Finished inference batch in 14.99 seconds.
    MB region A116-161 | fixed VH1 + Nb + VL
    Saved 8 refined designs

  Template: mb_b000_004
00:16:30 WARNING atomworks.io: Failed to build `_build_entity_poly`: 'AtomArray' object has no attribute 'chain_iid'
00:16:31 WARNING atomworks.io: We can't fix formal charges without building from templates, as we need to know the true number of hydrogens bonded to a given atom, not the inferred number. This may lead to occasional inaccuracies after adding inter-residue bonds. To avoid this and fix formal charges, set `add_missing_atoms = True`.
00:16:31 WARNING atomworks.io: Field b_factor not found in file, ignoring.
00:16:31 WARNING atomworks.io: Field occupancy not found in file, ignoring.
00:16:31 WARNING atomworks.io: Field charge not found in file, ignoring.
00:16:31 WARNING atomworks.io: Field is_motif_atom_unindexed not found in file, ignoring.
00:16:31 WARNING atomworks.io: Field is_motif_atom_with_fixed_seq not found in file, ignoring.
00:16:31 WARNING atomworks.io: Field is_motif_atom_unindexed_motif_breakpoint not found in file, ignoring.
00:16:31 WARNING atomworks.io: Field is_motif_atom_with_fixed_coord not found in file, ignoring.
00:16:31 WARNING atomworks.io: The `extra_fields` argument will be ignored if there is no CIF file input.
00:16:31 WARNING atomworks.ml: Cached data not found for ALA at /net/tukwila/ncorley/datahub/MACE-OFF23_medium/A/ALA/ALA.pt
00:16:31 WARNING atomworks.ml: Cached data not found for ARG at /net/tukwila/ncorley/datahub/MACE-OFF23_medium/A/ARG/ARG.pt
00:16:31 WARNING atomworks.ml: Cached data not found for ASN at /net/tukwila/ncorley/datahub/MACE-OFF23_medium/A/ASN/ASN.pt
00:16:31 WARNING atomworks.ml: Cached data not found for ASP at /net/tukwila/ncorley/datahub/MACE-OFF23_medium/A/ASP/ASP.pt
00:16:31 WARNING atomworks.ml: Cached data not found for CYS at /net/tukwila/ncorley/datahub/MACE-OFF23_medium/C/CYS/CYS.pt
00:16:31 WARNING atomworks.ml: Cached data not found for GLN at /net/tukwila/ncorley/datahub/MACE-OFF23_medium/G/GLN/GLN.pt
00:16:31 WARNING atomworks.ml: Cached data not found for GLU at /net/tukwila/ncorley/datahub/MACE-OFF23_medium/G/GLU/GLU.pt
00:16:31 WARNING atomworks.ml: Cached data not found for GLY at /net/tukwila/ncorley/datahub/MACE-OFF23_medium/G/GLY/GLY.pt
00:16:31 WARNING atomworks.ml: Cached data not found for HIS at /net/tukwila/ncorley/datahub/MACE-OFF23_medium/H/HIS/HIS.pt
00:16:31 WARNING atomworks.ml: Cached data not found for ILE at /net/tukwila/ncorley/datahub/MACE-OFF23_medium/I/ILE/ILE.pt
00:16:31 WARNING atomworks.ml: Cached data not found for LEU at /net/tukwila/ncorley/datahub/MACE-OFF23_medium/L/LEU/LEU.pt
00:16:31 WARNING atomworks.ml: Cached data not found for LYS at /net/tukwila/ncorley/datahub/MACE-OFF23_medium/L/LYS/LYS.pt
00:16:31 WARNING atomworks.ml: Cached data not found for MET at /net/tukwila/ncorley/datahub/MACE-OFF23_medium/M/MET/MET.pt
00:16:31 WARNING atomworks.ml: Cached data not found for PHE at /net/tukwila/ncorley/datahub/MACE-OFF23_medium/P/PHE/PHE.pt
00:16:31 WARNING atomworks.ml: Cached data not found for PRO at /net/tukwila/ncorley/datahub/MACE-OFF23_medium/P/PRO/PRO.pt
00:16:31 WARNING atomworks.ml: Cached data not found for SER at /net/tukwila/ncorley/datahub/MACE-OFF23_medium/S/SER/SER.pt
00:16:31 WARNING atomworks.ml: Cached data not found for THR at /net/tukwila/ncorley/datahub/MACE-OFF23_medium/T/THR/THR.pt
00:16:31 WARNING atomworks.ml: Cached data not found for TRP at /net/tukwila/ncorley/datahub/MACE-OFF23_medium/T/TRP/TRP.pt
00:16:31 WARNING atomworks.ml: Cached data not found for TYR at /net/tukwila/ncorley/datahub/MACE-OFF23_medium/T/TYR/TYR.pt
00:16:31 WARNING atomworks.ml: Cached data not found for VAL at /net/tukwila/ncorley/datahub/MACE-OFF23_medium/V/VAL/VAL.pt
00:16:47 INFO rfd3.engine: [rank: 0] Finished inference batch in 16.09 seconds.
    MB region A116-179 | fixed VH1 + Nb + VL
    Saved 8 refined designs

  Template: mb_b012_004
00:16:48 WARNING atomworks.io: Failed to build `_build_entity_poly`: 'AtomArray' object has no attribute 'chain_iid'
00:16:48 WARNING atomworks.io: We can't fix formal charges without building from templates, as we need to know the true number of hydrogens bonded to a given atom, not the inferred number. This may lead to occasional inaccuracies after adding inter-residue bonds. To avoid this and fix formal charges, set `add_missing_atoms = True`.
00:16:48 WARNING atomworks.io: Field b_factor not found in file, ignoring.
00:16:48 WARNING atomworks.io: Field occupancy not found in file, ignoring.
00:16:48 WARNING atomworks.io: Field charge not found in file, ignoring.
00:16:48 WARNING atomworks.io: Field is_motif_atom_unindexed not found in file, ignoring.
00:16:48 WARNING atomworks.io: Field is_motif_atom_with_fixed_seq not found in file, ignoring.
00:16:48 WARNING atomworks.io: Field is_motif_atom_unindexed_motif_breakpoint not found in file, ignoring.
00:16:48 WARNING atomworks.io: Field is_motif_atom_with_fixed_coord not found in file, ignoring.
00:16:49 WARNING atomworks.io: The `extra_fields` argument will be ignored if there is no CIF file input.
00:16:49 WARNING atomworks.ml: Cached data not found for ALA at /net/tukwila/ncorley/datahub/MACE-OFF23_medium/A/ALA/ALA.pt
00:16:49 WARNING atomworks.ml: Cached data not found for ARG at /net/tukwila/ncorley/datahub/MACE-OFF23_medium/A/ARG/ARG.pt
00:16:49 WARNING atomworks.ml: Cached data not found for ASN at /net/tukwila/ncorley/datahub/MACE-OFF23_medium/A/ASN/ASN.pt
00:16:49 WARNING atomworks.ml: Cached data not found for ASP at /net/tukwila/ncorley/datahub/MACE-OFF23_medium/A/ASP/ASP.pt
00:16:49 WARNING atomworks.ml: Cached data not found for CYS at /net/tukwila/ncorley/datahub/MACE-OFF23_medium/C/CYS/CYS.pt
00:16:49 WARNING atomworks.ml: Cached data not found for GLN at /net/tukwila/ncorley/datahub/MACE-OFF23_medium/G/GLN/GLN.pt
00:16:49 WARNING atomworks.ml: Cached data not found for GLU at /net/tukwila/ncorley/datahub/MACE-OFF23_medium/G/GLU/GLU.pt
00:16:49 WARNING atomworks.ml: Cached data not found for GLY at /net/tukwila/ncorley/datahub/MACE-OFF23_medium/G/GLY/GLY.pt
00:16:49 WARNING atomworks.ml: Cached data not found for HIS at /net/tukwila/ncorley/datahub/MACE-OFF23_medium/H/HIS/HIS.pt
00:16:49 WARNING atomworks.ml: Cached data not found for ILE at /net/tukwila/ncorley/datahub/MACE-OFF23_medium/I/ILE/ILE.pt
00:16:49 WARNING atomworks.ml: Cached data not found for LEU at /net/tukwila/ncorley/datahub/MACE-OFF23_medium/L/LEU/LEU.pt
00:16:49 WARNING atomworks.ml: Cached data not found for LYS at /net/tukwila/ncorley/datahub/MACE-OFF23_medium/L/LYS/LYS.pt
00:16:49 WARNING atomworks.ml: Cached data not found for MET at /net/tukwila/ncorley/datahub/MACE-OFF23_medium/M/MET/MET.pt
00:16:49 WARNING atomworks.ml: Cached data not found for PHE at /net/tukwila/ncorley/datahub/MACE-OFF23_medium/P/PHE/PHE.pt
00:16:49 WARNING atomworks.ml: Cached data not found for PRO at /net/tukwila/ncorley/datahub/MACE-OFF23_medium/P/PRO/PRO.pt
00:16:49 WARNING atomworks.ml: Cached data not found for SER at /net/tukwila/ncorley/datahub/MACE-OFF23_medium/S/SER/SER.pt
00:16:49 WARNING atomworks.ml: Cached data not found for THR at /net/tukwila/ncorley/datahub/MACE-OFF23_medium/T/THR/THR.pt
00:16:49 WARNING atomworks.ml: Cached data not found for TRP at /net/tukwila/ncorley/datahub/MACE-OFF23_medium/T/TRP/TRP.pt
00:16:49 WARNING atomworks.ml: Cached data not found for TYR at /net/tukwila/ncorley/datahub/MACE-OFF23_medium/T/TYR/TYR.pt
00:16:49 WARNING atomworks.ml: Cached data not found for VAL at /net/tukwila/ncorley/datahub/MACE-OFF23_medium/V/VAL/VAL.pt
00:17:03 INFO rfd3.engine: [rank: 0] Finished inference batch in 14.38 seconds.
    MB region A116-150 | fixed VH1 + Nb + VL
    Saved 8 refined designs

Round 2 done: 40 designs in /workspace/outputs/rfd3_round2
RFd3 round 2: 40 designs

=== Round 2 validation: ProteinMPNN ===
Environment variable CCD_MIRROR_PATH not set. Will not be able to use function requiring this variable. To set it you may:
  (1) add the line 'export VAR_NAME=path/to/variable' to your .bashrc or .zshrc file
  (2) set it in your current shell with 'export VAR_NAME=path/to/variable'
  (3) write it to a .env file in the root of the atomworks.io repository
Environment variable PDB_MIRROR_PATH not set. Will not be able to use function requiring this variable. To set it you may:
  (1) add the line 'export VAR_NAME=path/to/variable' to your .bashrc or .zshrc file
  (2) set it in your current shell with 'export VAR_NAME=path/to/variable'
  (3) write it to a .env file in the root of the atomworks.io repository
MPNN (rfd3_round2 → mpnn): 40 × 8
  20/40 done...
  40/40 done...
/workspace/run_mpnn.py:44: ResourceWarning: unclosed file <_io.TextIOWrapper name='/workspace/outputs/mpnn/all_sequences.json' mode='w' encoding='utf-8'>
  json.dump(results, open(OUT/"all_sequences.json","w"), indent=2)
MPNN done: 320 sequences → /workspace/outputs/mpnn

=== Round 2 validation: Boltz-2 ===
Building 40 Boltz-2 inputs in boltz_inputs...
Wrote 40 YAML files
Running Boltz-2 on 40 sequences → boltz_outputs ...
Predicting: |          | 0/? [00:00<?, ?it/s]Predicting:   0%|          | 0/40 [00:00<?, ?it/s]Predicting DataLoader 0:   0%|          | 0/40 [00:00<?, ?it/s]/home/ubuntu/.local/lib/python3.10/site-packages/cuequivariance_ops_torch/triangle_attention.py:199: UserWarning: Non-SM100f kernel expects bias to be float32 so it's going to be cast to torch.float32. Check if you can change your code for maximum performance.
Predicting DataLoader 0:   2%|▎         | 1/40 [00:13<08:41,  0.07it/s]Predicting DataLoader 0:   5%|▌         | 2/40 [00:22<07:13,  0.09it/s]Predicting DataLoader 0:   8%|▊         | 3/40 [00:32<06:41,  0.09it/s]Predicting DataLoader 0:  10%|█         | 4/40 [00:42<06:21,  0.09it/s]Predicting DataLoader 0:  12%|█▎        | 5/40 [00:51<06:02,  0.10it/s]Predicting DataLoader 0:  15%|█▌        | 6/40 [01:01<05:47,  0.10it/s]Predicting DataLoader 0:  18%|█▊        | 7/40 [01:10<05:33,  0.10it/s]Predicting DataLoader 0:  20%|██        | 8/40 [01:20<05:22,  0.10it/s]Predicting DataLoader 0:  22%|██▎       | 9/40 [01:30<05:11,  0.10it/s]Predicting DataLoader 0:  25%|██▌       | 10/40 [01:39<04:59,  0.10it/s]Predicting DataLoader 0:  28%|██▊       | 11/40 [01:49<04:49,  0.10it/s]Predicting DataLoader 0:  30%|███       | 12/40 [01:59<04:38,  0.10it/s]Predicting DataLoader 0:  32%|███▎      | 13/40 [02:09<04:28,  0.10it/s]Predicting DataLoader 0:  35%|███▌      | 14/40 [02:19<04:18,  0.10it/s]Predicting DataLoader 0:  38%|███▊      | 15/40 [02:28<04:07,  0.10it/s]Predicting DataLoader 0:  40%|████      | 16/40 [02:38<03:57,  0.10it/s]Predicting DataLoader 0:  42%|████▎     | 17/40 [02:47<03:46,  0.10it/s]Predicting DataLoader 0:  45%|████▌     | 18/40 [02:57<03:36,  0.10it/s]Predicting DataLoader 0:  48%|████▊     | 19/40 [03:06<03:26,  0.10it/s]Predicting DataLoader 0:  50%|█████     | 20/40 [03:15<03:15,  0.10it/s]Predicting DataLoader 0:  52%|█████▎    | 21/40 [03:25<03:06,  0.10it/s]Predicting DataLoader 0:  55%|█████▌    | 22/40 [03:35<02:56,  0.10it/s]Predicting DataLoader 0:  57%|█████▊    | 23/40 [03:44<02:46,  0.10it/s]Predicting DataLoader 0:  60%|██████    | 24/40 [03:54<02:36,  0.10it/s]Predicting DataLoader 0:  62%|██████▎   | 25/40 [04:04<02:26,  0.10it/s]Predicting DataLoader 0:  65%|██████▌   | 26/40 [04:14<02:16,  0.10it/s]Predicting DataLoader 0:  68%|██████▊   | 27/40 [04:23<02:06,  0.10it/s]Predicting DataLoader 0:  70%|███████   | 28/40 [04:33<01:57,  0.10it/s]Predicting DataLoader 0:  72%|███████▎  | 29/40 [04:43<01:47,  0.10it/s]Predicting DataLoader 0:  75%|███████▌  | 30/40 [04:53<01:37,  0.10it/s]Predicting DataLoader 0:  78%|███████▊  | 31/40 [05:02<01:27,  0.10it/s]Predicting DataLoader 0:  80%|████████  | 32/40 [05:12<01:18,  0.10it/s]Predicting DataLoader 0:  82%|████████▎ | 33/40 [05:22<01:08,  0.10it/s]Predicting DataLoader 0:  85%|████████▌ | 34/40 [05:31<00:58,  0.10it/s]Predicting DataLoader 0:  88%|████████▊ | 35/40 [05:41<00:48,  0.10it/s]Predicting DataLoader 0:  90%|█████████ | 36/40 [05:51<00:39,  0.10it/s]Predicting DataLoader 0:  92%|█████████▎| 37/40 [06:00<00:29,  0.10it/s]Predicting DataLoader 0:  95%|█████████▌| 38/40 [06:10<00:19,  0.10it/s]Predicting DataLoader 0:  98%|█████████▊| 39/40 [06:20<00:09,  0.10it/s]Predicting DataLoader 0: 100%|██████████| 40/40 [06:30<00:00,  0.10it/s]Number of failed examples: 0
Predicting DataLoader 0: 100%|██████████| 40/40 [06:30<00:00,  0.10it/s]

=== Round 2 validation: global assembly RMSD scoring ===
Environment variable CCD_MIRROR_PATH not set. Will not be able to use function requiring this variable. To set it you may:
  (1) add the line 'export VAR_NAME=path/to/variable' to your .bashrc or .zshrc file
  (2) set it in your current shell with 'export VAR_NAME=path/to/variable'
  (3) write it to a .env file in the root of the atomworks.io repository
Environment variable PDB_MIRROR_PATH not set. Will not be able to use function requiring this variable. To set it you may:
  (1) add the line 'export VAR_NAME=path/to/variable' to your .bashrc or .zshrc file
  (2) set it in your current shell with 'export VAR_NAME=path/to/variable'
  (3) write it to a .env file in the root of the atomworks.io repository
Scoring 40 designs (Boltz-2 mode: single_chain)
RFd3 structures: /workspace/outputs/rfd3_round2
pLDDT threshold: >60%  |  global RMSD threshold: <20.0Å
Found 40 Boltz-2 prediction directories

============================================================================
  R                      Backbone  globalRMSD  pLDDT%         pTM  Pass
  --------------------------------------------------------------------------
  1.            r2_mb_b019_009_004       9.564    78.0      0.4708  ✓
  2.            r2_mb_b013_006_000      12.916    75.7      0.4851  ✓
  3.            r2_mb_b013_006_006      12.967    79.5      0.4873  ✓
  4.            r2_mb_b000_004_001      13.090    75.0      0.4324  ✓
  5.            r2_mb_b019_009_003      13.603    77.8      0.4604  ✓
  6.            r2_mb_b000_004_007      14.674    76.9      0.4590  ✓
  7.            r2_mb_b000_004_004      14.820    75.7      0.5034  ✓
  8.            r2_mb_b000_004_006      15.098    75.9      0.4308  ✓
  9.            r2_mb_b013_006_001      15.258    77.9      0.4778  ✓
 10.            r2_mb_b003_007_006      15.414    74.2      0.4365  ✓
 11.            r2_mb_b013_006_005      15.526    79.2      0.4869  ✓
 12.            r2_mb_b013_006_004      16.189    75.6      0.4543  ✓
 13.            r2_mb_b013_006_007      16.192    79.2      0.5273  ✓
 14.            r2_mb_b012_004_006      16.322    79.4      0.4821  ✓
 15.            r2_mb_b012_004_005      16.455    81.0      0.5524  ✓
 16.            r2_mb_b012_004_003      16.681    79.1      0.4672  ✓
 17.            r2_mb_b003_007_007      16.857    75.8      0.5905  ✓
 18.            r2_mb_b019_009_005      16.955    78.2      0.4630  ✓
 19.            r2_mb_b003_007_000      16.982    74.6      0.4648  ✓
 20.            r2_mb_b012_004_002      16.989    82.0      0.6745  ✓

Passed (global RMSD<20.0Å & pLDDT>60%): 39/40
Results written to /workspace/final/final_results.json

Best: r2_mb_b019_009_004  global RMSD=9.56Å  pLDDT=78%
  Sequence: GGSSWPVSTDEAKLRDGEVYPGVVRNRPNVPDTSPPSA

=== Push to GitHub ===
Preparing GitHub repo checkout → /home/ubuntu/binary_antibodies
Cloning into '/home/ubuntu/binary_antibodies'...
Branch 'cursor/conditional-nanobody-design-992c' set up to track remote branch 'cursor/conditional-nanobody-design-992c' from 'origin'.
Collecting results → pipeline_results/v6_global_rmsd_rerun
